#0 building with "desktop-linux" instance using docker driver

#1 [internal] load build definition from Dockerfile
#1 transferring dockerfile: 1.77kB 0.0s done
#1 DONE 0.1s

#2 [internal] load metadata for mcr.microsoft.com/azureml/curated/acpt-pytorch-2.2-cuda12.1:42
#2 DONE 0.6s

#3 [internal] load .dockerignore
#3 transferring context: 57B 0.0s done
#3 DONE 0.1s

#4 [1/7] FROM mcr.microsoft.com/azureml/curated/acpt-pytorch-2.2-cuda12.1:42@sha256:591603bcfec762e4878b092e57e621fa504eb76167f3d677d5446ecee477a284
#4 DONE 0.0s

#5 [internal] load build context
#5 transferring context: 108.16kB 0.2s done
#5 DONE 0.2s

#6 [3/7] RUN python -m pip install --no-cache-dir     "numpy==1.23.5"     "scipy==1.10.1"     "marshmallow==3.26.1"     "azure-ai-ml==1.29.0"     "azure-storage-file-datalake==12.21.0"     "azure-storage-file-share==12.22.0"     "azure-monitor-opentelemetry==1.8.1"     "scikit-learn==1.7.2"     "scikit-image==0.24.0"     "colorama==0.4.6"     "rich==13.4.2"     "hydra-core>=1.3,<2.0"     "toml>=0.10.2"
#6 CACHED

#7 [2/7] RUN python -m pip install --upgrade pip setuptools wheel
#7 CACHED

#8 [4/7] WORKDIR /workspace
#8 CACHED

#9 [5/7] COPY . /workspace
#9 DONE 0.5s

#10 [6/7] RUN python -m pip install --no-deps -e /workspace
#10 0.793 Obtaining file:///workspace
#10 0.799   Installing build dependencies: started
#10 2.773   Installing build dependencies: finished with status 'done'
#10 2.775   Checking if build backend supports build_editable: started
#10 2.964   Checking if build backend supports build_editable: finished with status 'done'
#10 2.965   Getting requirements to build editable: started
#10 3.076   Getting requirements to build editable: finished with status 'done'
#10 3.078   Preparing editable metadata (pyproject.toml): started
#10 3.421   Preparing editable metadata (pyproject.toml): finished with status 'done'
#10 3.445 Building wheels for collected packages: syntetic-rock-joint-generation-for-ml
#10 3.448   Building editable for syntetic-rock-joint-generation-for-ml (pyproject.toml): started
#10 3.710   Building editable for syntetic-rock-joint-generation-for-ml (pyproject.toml): finished with status 'done'
#10 3.711   Created wheel for syntetic-rock-joint-generation-for-ml: filename=syntetic_rock_joint_generation_for_ml-0.1.0-py3-none-any.whl size=15659 sha256=3a0e067c239a6355aa6f2209af7d37da5383e90a5134273c6e1a45ddac886ae0
#10 3.711   Stored in directory: /tmp/pip-ephem-wheel-cache-2m8gn0w_/wheels/80/75/f6/d63789e3414f7f88206102fa596a8ddafc889f48984e8712b3
#10 3.715 Successfully built syntetic-rock-joint-generation-for-ml
#10 3.715 Installing collected packages: syntetic-rock-joint-generation-for-ml
#10 3.765 Successfully installed syntetic-rock-joint-generation-for-ml-0.1.0
#10 3.766 WARNING: Running pip as the 'root' user can result in broken permissions and conflicting behaviour with the system package manager, possibly rendering your system unusable. It is recommended to use a virtual environment instead: https://pip.pypa.io/warnings/venv. Use the --root-user-action option if you know what you are doing and want to suppress this warning.
#10 DONE 3.8s

#11 [7/7] RUN python - <<'PY'
#11 3.661 <stdin>:7: DeprecationWarning: The '__version__' attribute is deprecated and will be removed in in a future version. Use feature detection or 'importlib.metadata.version("marshmallow")' instead.
#11 6.496 numpy 1.23.5
#11 6.496 scipy 1.10.1
#11 6.496 matplotlib 3.5.3
#11 6.496 azure.ai.ml 1.29.0
#11 6.496 marshmallow 3.26.1
#11 6.496 torch 2.7.1+cu118
#11 6.496 SMOKE-OK
#11 DONE 7.5s

#12 exporting to image
#12 exporting layers
#12 exporting layers 0.2s done
#12 writing image sha256:2cbb1dbaa61e5a683d169ab99eec96dc84e97a4e6f000ba88f8d73c82880df00 done
#12 naming to docker.io/library/ml-segmentation-local:curated done
#12 DONE 0.3s
