2025-11-16T14:28:03.387070Z  INFO telemetry: job_telemetry_init artifact_type=installed branch=origin/f3433e4a12ad41c670012842e6be04684c303297 ci_number=20251105.1 ci_name=CommonRuntime-RuntimeTeam-Linux-Prod-Build build_time=2025-11-05 17:43:33.021559
2025-11-16T14:28:03.387286Z  INFO load_config_from_env: lifecycler::config: Resolved grpc addresses lifecycler_address=/mnt/azureml/cr/j/67126e28eeeb46c5bd2d6b968280b694/.grpc/lifecycler:0 executor_address=/mnt/azureml/cr/j/67126e28eeeb46c5bd2d6b968280b694/.grpc/executor:0
2025-11-16T14:28:03.387489Z  INFO load_config_from_env:load_capability_addresses_from_env{capability_endpoints_from_config={"CS_CAPABILITY": CapabilityEndpoint { name: "CS_CAPABILITY", address: "/mnt/azureml/cr/j/67126e28eeeb46c5bd2d6b968280b694/.grpc/cs-capability:0", type: Service }, "HOSTTOOLS_CAPABILITY": CapabilityEndpoint { name: "HOSTTOOLS_CAPABILITY", address: "/mnt/azureml/cr/j/67126e28eeeb46c5bd2d6b968280b694/.grpc/hosttools-capability:0", type: Service }, "METRICS_CAPABILITY": CapabilityEndpoint { name: "METRICS_CAPABILITY", address: "/mnt/azureml/cr/j/67126e28eeeb46c5bd2d6b968280b694/.grpc/metrics-capability:0", type: Service }, "SNAPSHOT_CAPABILITY": CapabilityEndpoint { name: "SNAPSHOT_CAPABILITY", address: "/mnt/azureml/cr/j/67126e28eeeb46c5bd2d6b968280b694/.grpc/snapshot-capability:0", type: Service }}}: lifecycler::config: close time.busy=143µs time.idle=14.5µs
2025-11-16T14:28:03.387525Z  INFO load_config_from_env: lifecycler::config: close time.busy=353µs time.idle=22.1µs
2025-11-16T14:28:03.387570Z  INFO run_lifecycler:run_service_and_step_through_lifecycle: lifecycler::lifecycle: distributed config is not specified, skip setting up distributed barrier
2025-11-16T14:28:03.387607Z  INFO run_lifecycler:run_service_and_step_through_lifecycle: lifecycler::lifecycle: Trying to configure lifecycler to ignore termination signals
2025-11-16T14:28:03.387644Z  INFO run_lifecycler:run_service_and_step_through_lifecycle: cr_core: Successfully configured current process to ignore termination signals
2025-11-16T14:28:03.387676Z  INFO Lifecycler::run_service{lifecycler_abort_state_writer=Some(LifecyclerAbortStateWriter { lifecycler_wd: "/mnt/azureml/cr/j/67126e28eeeb46c5bd2d6b968280b694/cap/lifecycler/wd" })}: lifecycler::service: serving lifecycle service address=/mnt/azureml/cr/j/67126e28eeeb46c5bd2d6b968280b694/.grpc/lifecycler:0
2025-11-16T14:28:03.387811Z  INFO Lifecycler::run_service{lifecycler_abort_state_writer=Some(LifecyclerAbortStateWriter { lifecycler_wd: "/mnt/azureml/cr/j/67126e28eeeb46c5bd2d6b968280b694/cap/lifecycler/wd" })}:serve_more: grpc_utils::endpoint::serve: serving gRPC service endpoint=Uds("/mnt/azureml/cr/j/67126e28eeeb46c5bd2d6b968280b694/.grpc/lifecycler:0") retry=ExponentialBackoffRetry { retry_delay_secs: 2, delay_factor: 1000, num_retries: 3 }
2025-11-16T14:28:03.387855Z  INFO run_lifecycler:run_service_and_step_through_lifecycle:step_through_lifecycle:connect_capabilities:connect: grpc_utils::endpoint::connect: Connecting to gRPC service endpoint=Uds("/mnt/azureml/cr/j/67126e28eeeb46c5bd2d6b968280b694/.grpc/cs-capability:0") retry=FixedIntervalRetry { attempt_timeout_millis: 50, retry_delay_millis: 10, max_duration: 7200s }
2025-11-16T14:29:04.982840Z  INFO run_lifecycler:run_service_and_step_through_lifecycle:step_through_lifecycle:connect_capabilities:connect: grpc_utils::endpoint::connect: Successfully connected to gRPC service endpoint=Uds("/mnt/azureml/cr/j/67126e28eeeb46c5bd2d6b968280b694/.grpc/cs-capability:0")
2025-11-16T14:29:04.982965Z  INFO run_lifecycler:run_service_and_step_through_lifecycle:step_through_lifecycle:connect_capabilities:connect: grpc_utils::endpoint::connect: close time.busy=261ms time.idle=61.3s
2025-11-16T14:29:04.983199Z  INFO run_lifecycler:run_service_and_step_through_lifecycle:step_through_lifecycle:connect_capabilities:connect: grpc_utils::endpoint::connect: Connecting to gRPC service endpoint=Uds("/mnt/azureml/cr/j/67126e28eeeb46c5bd2d6b968280b694/.grpc/cs-capability:0") retry=FixedIntervalRetry { attempt_timeout_millis: 50, retry_delay_millis: 10, max_duration: 7200s }
2025-11-16T14:29:04.983503Z  INFO run_lifecycler:run_service_and_step_through_lifecycle:step_through_lifecycle:connect_capabilities:connect: grpc_utils::endpoint::connect: Successfully connected to gRPC service endpoint=Uds("/mnt/azureml/cr/j/67126e28eeeb46c5bd2d6b968280b694/.grpc/cs-capability:0")
2025-11-16T14:29:04.983545Z  INFO run_lifecycler:run_service_and_step_through_lifecycle:step_through_lifecycle:connect_capabilities:connect: grpc_utils::endpoint::connect: close time.busy=181µs time.idle=172µs
2025-11-16T14:29:04.983572Z  INFO run_lifecycler:run_service_and_step_through_lifecycle:step_through_lifecycle:connect_capabilities:wait_for_service_healthy: lifecycler::health_monitor: Waiting for service to become healthy: CS_CAPABILITY service_name=CS_CAPABILITY timeout=30s
2025-11-16T14:29:04.983609Z  WARN run_lifecycler:run_service_and_step_through_lifecycle:step_through_lifecycle:connect_capabilities:wait_for_service_healthy: grpc_utils::span: failed to inject span context to grpc request
2025-11-16T14:29:04.985036Z  INFO run_lifecycler:run_service_and_step_through_lifecycle:step_through_lifecycle:connect_capabilities:wait_for_service_healthy: lifecycler::health_client: Health status for service: CS_CAPABILITY service_name=CS_CAPABILITY health_status=1
2025-11-16T14:29:04.985169Z  INFO run_lifecycler:run_service_and_step_through_lifecycle:step_through_lifecycle:connect_capabilities:wait_for_service_healthy: lifecycler::health_monitor: Service has become healthy service_name=CS_CAPABILITY
2025-11-16T14:29:04.985212Z  INFO run_lifecycler:run_service_and_step_through_lifecycle:step_through_lifecycle:connect_capabilities:wait_for_service_healthy: lifecycler::health_monitor: close time.busy=295µs time.idle=1.35ms
2025-11-16T14:29:04.985322Z  INFO run_lifecycler:run_service_and_step_through_lifecycle:step_through_lifecycle:connect_capabilities:connect: grpc_utils::endpoint::connect: Connecting to gRPC service endpoint=Uds("/mnt/azureml/cr/j/67126e28eeeb46c5bd2d6b968280b694/.grpc/hosttools-capability:0") retry=FixedIntervalRetry { attempt_timeout_millis: 50, retry_delay_millis: 10, max_duration: 7200s }
2025-11-16T14:29:04.985542Z  INFO run_lifecycler:run_service_and_step_through_lifecycle:step_through_lifecycle:connect_capabilities:connect: grpc_utils::endpoint::connect: Successfully connected to gRPC service endpoint=Uds("/mnt/azureml/cr/j/67126e28eeeb46c5bd2d6b968280b694/.grpc/hosttools-capability:0")
2025-11-16T14:29:04.985648Z  INFO run_lifecycler:run_service_and_step_through_lifecycle:step_through_lifecycle:connect_capabilities:connect: grpc_utils::endpoint::connect: close time.busy=278µs time.idle=52.0µs
2025-11-16T14:29:04.985738Z  INFO run_lifecycler:run_service_and_step_through_lifecycle:step_through_lifecycle:connect_capabilities:connect: grpc_utils::endpoint::connect: Connecting to gRPC service endpoint=Uds("/mnt/azureml/cr/j/67126e28eeeb46c5bd2d6b968280b694/.grpc/hosttools-capability:0") retry=FixedIntervalRetry { attempt_timeout_millis: 50, retry_delay_millis: 10, max_duration: 7200s }
2025-11-16T14:29:04.986003Z  INFO run_lifecycler:run_service_and_step_through_lifecycle:step_through_lifecycle:connect_capabilities:connect: grpc_utils::endpoint::connect: Successfully connected to gRPC service endpoint=Uds("/mnt/azureml/cr/j/67126e28eeeb46c5bd2d6b968280b694/.grpc/hosttools-capability:0")
2025-11-16T14:29:04.986042Z  INFO run_lifecycler:run_service_and_step_through_lifecycle:step_through_lifecycle:connect_capabilities:connect: grpc_utils::endpoint::connect: close time.busy=158µs time.idle=150µs
2025-11-16T14:29:04.986057Z  INFO run_lifecycler:run_service_and_step_through_lifecycle:step_through_lifecycle:connect_capabilities:wait_for_service_healthy: lifecycler::health_monitor: Waiting for service to become healthy: HOSTTOOLS_CAPABILITY service_name=HOSTTOOLS_CAPABILITY timeout=30s
2025-11-16T14:29:04.986081Z  WARN run_lifecycler:run_service_and_step_through_lifecycle:step_through_lifecycle:connect_capabilities:wait_for_service_healthy: grpc_utils::span: failed to inject span context to grpc request
2025-11-16T14:29:04.986829Z  INFO run_lifecycler:run_service_and_step_through_lifecycle:step_through_lifecycle:connect_capabilities:wait_for_service_healthy: lifecycler::health_client: Health status for service: HOSTTOOLS_CAPABILITY service_name=HOSTTOOLS_CAPABILITY health_status=1
2025-11-16T14:29:04.986906Z  INFO run_lifecycler:run_service_and_step_through_lifecycle:step_through_lifecycle:connect_capabilities:wait_for_service_healthy: lifecycler::health_monitor: Service has become healthy service_name=HOSTTOOLS_CAPABILITY
2025-11-16T14:29:04.987007Z  INFO run_lifecycler:run_service_and_step_through_lifecycle:step_through_lifecycle:connect_capabilities:wait_for_service_healthy: lifecycler::health_monitor: close time.busy=313µs time.idle=640µs
2025-11-16T14:29:04.987194Z  INFO run_lifecycler:run_service_and_step_through_lifecycle:step_through_lifecycle:connect_capabilities:connect: grpc_utils::endpoint::connect: Connecting to gRPC service endpoint=Uds("/mnt/azureml/cr/j/67126e28eeeb46c5bd2d6b968280b694/.grpc/metrics-capability:0") retry=FixedIntervalRetry { attempt_timeout_millis: 50, retry_delay_millis: 10, max_duration: 7200s }
2025-11-16T14:29:04.987567Z  INFO run_lifecycler:run_service_and_step_through_lifecycle:step_through_lifecycle:connect_capabilities:connect: grpc_utils::endpoint::connect: Successfully connected to gRPC service endpoint=Uds("/mnt/azureml/cr/j/67126e28eeeb46c5bd2d6b968280b694/.grpc/metrics-capability:0")
2025-11-16T14:29:04.987601Z  INFO run_lifecycler:run_service_and_step_through_lifecycle:step_through_lifecycle:connect_capabilities:connect: grpc_utils::endpoint::connect: close time.busy=408µs time.idle=4.30µs
2025-11-16T14:29:04.987775Z  INFO run_lifecycler:run_service_and_step_through_lifecycle:step_through_lifecycle:connect_capabilities:connect: grpc_utils::endpoint::connect: Connecting to gRPC service endpoint=Uds("/mnt/azureml/cr/j/67126e28eeeb46c5bd2d6b968280b694/.grpc/metrics-capability:0") retry=FixedIntervalRetry { attempt_timeout_millis: 50, retry_delay_millis: 10, max_duration: 7200s }
2025-11-16T14:29:04.988081Z  INFO run_lifecycler:run_service_and_step_through_lifecycle:step_through_lifecycle:connect_capabilities:connect: grpc_utils::endpoint::connect: Successfully connected to gRPC service endpoint=Uds("/mnt/azureml/cr/j/67126e28eeeb46c5bd2d6b968280b694/.grpc/metrics-capability:0")
2025-11-16T14:29:04.988159Z  INFO run_lifecycler:run_service_and_step_through_lifecycle:step_through_lifecycle:connect_capabilities:connect: grpc_utils::endpoint::connect: close time.busy=331µs time.idle=56.6µs
2025-11-16T14:29:04.988182Z  INFO run_lifecycler:run_service_and_step_through_lifecycle:step_through_lifecycle:connect_capabilities:wait_for_service_healthy: lifecycler::health_monitor: Waiting for service to become healthy: METRICS_CAPABILITY service_name=METRICS_CAPABILITY timeout=30s
2025-11-16T14:29:04.988261Z  WARN run_lifecycler:run_service_and_step_through_lifecycle:step_through_lifecycle:connect_capabilities:wait_for_service_healthy: grpc_utils::span: failed to inject span context to grpc request
2025-11-16T14:29:04.988758Z  INFO run_lifecycler:run_service_and_step_through_lifecycle:step_through_lifecycle:connect_capabilities:wait_for_service_healthy: lifecycler::health_client: Health status for service: METRICS_CAPABILITY service_name=METRICS_CAPABILITY health_status=1
2025-11-16T14:29:04.988849Z  INFO run_lifecycler:run_service_and_step_through_lifecycle:step_through_lifecycle:connect_capabilities:wait_for_service_healthy: lifecycler::health_monitor: Service has become healthy service_name=METRICS_CAPABILITY
2025-11-16T14:29:04.988997Z  INFO run_lifecycler:run_service_and_step_through_lifecycle:step_through_lifecycle:connect_capabilities:wait_for_service_healthy: lifecycler::health_monitor: close time.busy=465µs time.idle=353µs
2025-11-16T14:29:04.989167Z  INFO run_lifecycler:run_service_and_step_through_lifecycle:step_through_lifecycle:connect_capabilities:connect: grpc_utils::endpoint::connect: Connecting to gRPC service endpoint=Uds("/mnt/azureml/cr/j/67126e28eeeb46c5bd2d6b968280b694/.grpc/snapshot-capability:0") retry=FixedIntervalRetry { attempt_timeout_millis: 50, retry_delay_millis: 10, max_duration: 7200s }
2025-11-16T14:29:04.989500Z  INFO run_lifecycler:run_service_and_step_through_lifecycle:step_through_lifecycle:connect_capabilities:connect: grpc_utils::endpoint::connect: Successfully connected to gRPC service endpoint=Uds("/mnt/azureml/cr/j/67126e28eeeb46c5bd2d6b968280b694/.grpc/snapshot-capability:0")
2025-11-16T14:29:04.989543Z  INFO run_lifecycler:run_service_and_step_through_lifecycle:step_through_lifecycle:connect_capabilities:connect: grpc_utils::endpoint::connect: close time.busy=330µs time.idle=49.1µs
2025-11-16T14:29:04.989635Z  INFO run_lifecycler:run_service_and_step_through_lifecycle:step_through_lifecycle:connect_capabilities:connect: grpc_utils::endpoint::connect: Connecting to gRPC service endpoint=Uds("/mnt/azureml/cr/j/67126e28eeeb46c5bd2d6b968280b694/.grpc/snapshot-capability:0") retry=FixedIntervalRetry { attempt_timeout_millis: 50, retry_delay_millis: 10, max_duration: 7200s }
2025-11-16T14:29:04.990016Z  INFO run_lifecycler:run_service_and_step_through_lifecycle:step_through_lifecycle:connect_capabilities:connect: grpc_utils::endpoint::connect: Successfully connected to gRPC service endpoint=Uds("/mnt/azureml/cr/j/67126e28eeeb46c5bd2d6b968280b694/.grpc/snapshot-capability:0")
2025-11-16T14:29:04.990056Z  INFO run_lifecycler:run_service_and_step_through_lifecycle:step_through_lifecycle:connect_capabilities:connect: grpc_utils::endpoint::connect: close time.busy=281µs time.idle=144µs
2025-11-16T14:29:04.990076Z  INFO run_lifecycler:run_service_and_step_through_lifecycle:step_through_lifecycle:connect_capabilities:wait_for_service_healthy: lifecycler::health_monitor: Waiting for service to become healthy: SNAPSHOT_CAPABILITY service_name=SNAPSHOT_CAPABILITY timeout=30s
2025-11-16T14:29:04.990106Z  WARN run_lifecycler:run_service_and_step_through_lifecycle:step_through_lifecycle:connect_capabilities:wait_for_service_healthy: grpc_utils::span: failed to inject span context to grpc request
2025-11-16T14:29:04.990661Z  INFO run_lifecycler:run_service_and_step_through_lifecycle:step_through_lifecycle:connect_capabilities:wait_for_service_healthy: lifecycler::health_client: Health status for service: SNAPSHOT_CAPABILITY service_name=SNAPSHOT_CAPABILITY health_status=1
2025-11-16T14:29:04.990852Z  INFO run_lifecycler:run_service_and_step_through_lifecycle:step_through_lifecycle:connect_capabilities:wait_for_service_healthy: lifecycler::health_monitor: Service has become healthy service_name=SNAPSHOT_CAPABILITY
2025-11-16T14:29:04.990875Z  INFO run_lifecycler:run_service_and_step_through_lifecycle:step_through_lifecycle:connect_capabilities:wait_for_service_healthy: lifecycler::health_monitor: close time.busy=319µs time.idle=482µs
2025-11-16T14:29:04.990893Z  INFO run_lifecycler:run_service_and_step_through_lifecycle:step_through_lifecycle:connect_capabilities: lifecycler::lifecycle: close time.busy=282ms time.idle=61.3s
2025-11-16T14:29:04.990939Z  WARN run_lifecycler:run_service_and_step_through_lifecycle:step_through_lifecycle:start_capabilities:start{name="CS_CAPABILITY"}: grpc_utils::span: failed to inject span context to grpc request
2025-11-16T14:29:04.990951Z  WARN grpc_utils::span: failed to inject span context to grpc request
2025-11-16T14:29:04.990984Z  WARN grpc_utils::span: failed to inject span context to grpc request
2025-11-16T14:29:04.990983Z  WARN run_lifecycler:run_service_and_step_through_lifecycle:step_through_lifecycle:start_capabilities:start{name="HOSTTOOLS_CAPABILITY"}: grpc_utils::span: failed to inject span context to grpc request
2025-11-16T14:29:04.991075Z  WARN grpc_utils::span: failed to inject span context to grpc request
2025-11-16T14:29:04.991268Z  WARN grpc_utils::span: failed to inject span context to grpc request
2025-11-16T14:29:04.991354Z  WARN run_lifecycler:run_service_and_step_through_lifecycle:step_through_lifecycle:start_capabilities:start{name="METRICS_CAPABILITY"}: grpc_utils::span: failed to inject span context to grpc request
2025-11-16T14:29:04.991381Z  WARN run_lifecycler:run_service_and_step_through_lifecycle:step_through_lifecycle:start_capabilities:start{name="SNAPSHOT_CAPABILITY"}: grpc_utils::span: failed to inject span context to grpc request
2025-11-16T14:29:04.992051Z  INFO run_lifecycler:run_service_and_step_through_lifecycle:step_through_lifecycle:start_capabilities:start{name="HOSTTOOLS_CAPABILITY"}: lifecycler::capability_client: Received success code for start cap_name=HOSTTOOLS_CAPABILITY
2025-11-16T14:29:04.992091Z  INFO run_lifecycler:run_service_and_step_through_lifecycle:step_through_lifecycle:start_capabilities:start{name="HOSTTOOLS_CAPABILITY"}: lifecycler::capability_client: close time.busy=425µs time.idle=687µs
2025-11-16T14:29:04.992116Z  INFO run_lifecycler:run_service_and_step_through_lifecycle:step_through_lifecycle:start_capabilities:start{name="METRICS_CAPABILITY"}: lifecycler::capability_client: Received success code for start cap_name=METRICS_CAPABILITY
2025-11-16T14:29:04.992140Z  INFO run_lifecycler:run_service_and_step_through_lifecycle:step_through_lifecycle:start_capabilities:start{name="METRICS_CAPABILITY"}: lifecycler::capability_client: close time.busy=69.3µs time.idle=722µs
2025-11-16T14:29:05.043018Z  INFO run_lifecycler:run_service_and_step_through_lifecycle:step_through_lifecycle:start_capabilities:start{name="CS_CAPABILITY"}: lifecycler::capability_client: Received success code for start cap_name=CS_CAPABILITY
2025-11-16T14:29:05.043125Z  INFO run_lifecycler:run_service_and_step_through_lifecycle:step_through_lifecycle:start_capabilities:start{name="CS_CAPABILITY"}: lifecycler::capability_client: close time.busy=197µs time.idle=52.0ms
2025-11-16T14:29:05.838515Z  INFO run_lifecycler:run_service_and_step_through_lifecycle:step_through_lifecycle:start_capabilities:start{name="SNAPSHOT_CAPABILITY"}: lifecycler::capability_client: Received success code for start cap_name=SNAPSHOT_CAPABILITY
2025-11-16T14:29:05.838583Z  INFO run_lifecycler:run_service_and_step_through_lifecycle:step_through_lifecycle:start_capabilities:start{name="SNAPSHOT_CAPABILITY"}: lifecycler::capability_client: close time.busy=899µs time.idle=846ms
2025-11-16T14:29:05.838605Z  INFO run_lifecycler:run_service_and_step_through_lifecycle:step_through_lifecycle:start_capabilities: lifecycler::lifecycle: close time.busy=1.72ms time.idle=846ms
2025-11-16T14:29:05.838632Z  INFO run_lifecycler:run_service_and_step_through_lifecycle:step_through_lifecycle:exit_capabilities{cap_type=Operation job_result=JobResult { job_status: Succeeded, error: None }}: lifecycler::lifecycle: close time.busy=2.70µs time.idle=8.40µs
2025-11-16T14:29:05.838638Z  INFO run_lifecycler:run_service_and_step_through_lifecycle:step_through_lifecycle: lifecycler::lifecycle: exited operation caps: true
2025-11-16T14:29:05.838765Z  INFO run_lifecycler:run_service_and_step_through_lifecycle:step_through_lifecycle:connect_executor:connect:connect: grpc_utils::endpoint::connect: Connecting to gRPC service endpoint=Uds("/mnt/azureml/cr/j/67126e28eeeb46c5bd2d6b968280b694/.grpc/executor:0") retry=FixedIntervalRetry { attempt_timeout_millis: 50, retry_delay_millis: 10, max_duration: 7200s }
2025-11-16T14:29:44.996021Z  WARN grpc_utils::span: failed to inject span context to grpc request
2025-11-16T14:29:44.996089Z  WARN grpc_utils::span: failed to inject span context to grpc request
2025-11-16T14:29:44.996115Z  WARN grpc_utils::span: failed to inject span context to grpc request
2025-11-16T14:29:44.996133Z  WARN grpc_utils::span: failed to inject span context to grpc request
2025-11-16T14:30:24.998163Z  WARN grpc_utils::span: failed to inject span context to grpc request
2025-11-16T14:30:24.998228Z  WARN grpc_utils::span: failed to inject span context to grpc request
2025-11-16T14:30:24.998255Z  WARN grpc_utils::span: failed to inject span context to grpc request
2025-11-16T14:30:24.998282Z  WARN grpc_utils::span: failed to inject span context to grpc request
2025-11-16T14:31:05.000197Z  WARN grpc_utils::span: failed to inject span context to grpc request
2025-11-16T14:31:05.000279Z  WARN grpc_utils::span: failed to inject span context to grpc request
2025-11-16T14:31:05.000306Z  WARN grpc_utils::span: failed to inject span context to grpc request
2025-11-16T14:31:05.000330Z  WARN grpc_utils::span: failed to inject span context to grpc request
2025-11-16T14:31:45.002163Z  WARN grpc_utils::span: failed to inject span context to grpc request
2025-11-16T14:31:45.002230Z  WARN grpc_utils::span: failed to inject span context to grpc request
2025-11-16T14:31:45.002254Z  WARN grpc_utils::span: failed to inject span context to grpc request
2025-11-16T14:31:45.002279Z  WARN grpc_utils::span: failed to inject span context to grpc request
2025-11-16T14:31:45.002736Z  INFO lifecycler::health_client: Health status for service: METRICS_CAPABILITY service_name=METRICS_CAPABILITY health_status=1
2025-11-16T14:31:45.002824Z  INFO lifecycler::health_client: Health status for service: SNAPSHOT_CAPABILITY service_name=SNAPSHOT_CAPABILITY health_status=1
2025-11-16T14:31:45.002893Z  INFO lifecycler::health_client: Health status for service: HOSTTOOLS_CAPABILITY service_name=HOSTTOOLS_CAPABILITY health_status=1
2025-11-16T14:31:45.003397Z  INFO lifecycler::health_client: Health status for service: CS_CAPABILITY service_name=CS_CAPABILITY health_status=1
2025-11-16T14:32:25.004685Z  WARN grpc_utils::span: failed to inject span context to grpc request
2025-11-16T14:32:25.004753Z  WARN grpc_utils::span: failed to inject span context to grpc request
2025-11-16T14:32:25.004782Z  WARN grpc_utils::span: failed to inject span context to grpc request
2025-11-16T14:32:25.004805Z  WARN grpc_utils::span: failed to inject span context to grpc request
2025-11-16T14:33:05.008334Z  WARN grpc_utils::span: failed to inject span context to grpc request
2025-11-16T14:33:05.008398Z  WARN grpc_utils::span: failed to inject span context to grpc request
2025-11-16T14:33:05.008427Z  WARN grpc_utils::span: failed to inject span context to grpc request
2025-11-16T14:33:05.008447Z  WARN grpc_utils::span: failed to inject span context to grpc request
2025-11-16T14:33:24.845922Z  INFO run_lifecycler:run_service_and_step_through_lifecycle:step_through_lifecycle:connect_executor:connect:connect: grpc_utils::endpoint::connect: Successfully connected to gRPC service endpoint=Uds("/mnt/azureml/cr/j/67126e28eeeb46c5bd2d6b968280b694/.grpc/executor:0")
2025-11-16T14:33:24.845992Z  INFO run_lifecycler:run_service_and_step_through_lifecycle:step_through_lifecycle:connect_executor:connect:connect: grpc_utils::endpoint::connect: close time.busy=994ms time.idle=258s
2025-11-16T14:33:24.846015Z  INFO run_lifecycler:run_service_and_step_through_lifecycle:step_through_lifecycle:connect_executor:connect: lifecycler::executor_client: close time.busy=1.03s time.idle=258s
2025-11-16T14:33:24.846149Z  INFO run_lifecycler:run_service_and_step_through_lifecycle:step_through_lifecycle:connect_executor:connect:connect: grpc_utils::endpoint::connect: Connecting to gRPC service endpoint=Uds("/mnt/azureml/cr/j/67126e28eeeb46c5bd2d6b968280b694/.grpc/executor:0") retry=FixedIntervalRetry { attempt_timeout_millis: 50, retry_delay_millis: 10, max_duration: 7200s }
2025-11-16T14:33:24.846358Z  INFO run_lifecycler:run_service_and_step_through_lifecycle:step_through_lifecycle:connect_executor:connect:connect: grpc_utils::endpoint::connect: Successfully connected to gRPC service endpoint=Uds("/mnt/azureml/cr/j/67126e28eeeb46c5bd2d6b968280b694/.grpc/executor:0")
2025-11-16T14:33:24.846483Z  INFO run_lifecycler:run_service_and_step_through_lifecycle:step_through_lifecycle:connect_executor:connect:connect: grpc_utils::endpoint::connect: close time.busy=291µs time.idle=45.7µs
2025-11-16T14:33:24.846544Z  INFO run_lifecycler:run_service_and_step_through_lifecycle:step_through_lifecycle:connect_executor:connect: lifecycler::executor_client: close time.busy=471µs time.idle=47.3µs
2025-11-16T14:33:24.846642Z  INFO run_lifecycler:run_service_and_step_through_lifecycle:step_through_lifecycle:connect_executor:connect: grpc_utils::endpoint::connect: Connecting to gRPC service endpoint=Uds("/mnt/azureml/cr/j/67126e28eeeb46c5bd2d6b968280b694/.grpc/executor:0") retry=FixedIntervalRetry { attempt_timeout_millis: 50, retry_delay_millis: 10, max_duration: 7200s }
2025-11-16T14:33:24.846849Z  INFO run_lifecycler:run_service_and_step_through_lifecycle:step_through_lifecycle:connect_executor:connect: grpc_utils::endpoint::connect: Successfully connected to gRPC service endpoint=Uds("/mnt/azureml/cr/j/67126e28eeeb46c5bd2d6b968280b694/.grpc/executor:0")
2025-11-16T14:33:24.846963Z  INFO run_lifecycler:run_service_and_step_through_lifecycle:step_through_lifecycle:connect_executor:connect: grpc_utils::endpoint::connect: close time.busy=321µs time.idle=3.90µs
2025-11-16T14:33:24.847001Z  INFO run_lifecycler:run_service_and_step_through_lifecycle:step_through_lifecycle:connect_executor:wait_for_service_healthy: lifecycler::health_monitor: Waiting for service to become healthy: Executor service_name=Executor timeout=30s
2025-11-16T14:33:24.847031Z  WARN run_lifecycler:run_service_and_step_through_lifecycle:step_through_lifecycle:connect_executor:wait_for_service_healthy: grpc_utils::span: failed to inject span context to grpc request
2025-11-16T14:33:24.847503Z  INFO run_lifecycler:run_service_and_step_through_lifecycle:step_through_lifecycle:connect_executor:wait_for_service_healthy: lifecycler::health_client: Health status for service: Executor service_name=Executor health_status=1
2025-11-16T14:33:24.847544Z  INFO run_lifecycler:run_service_and_step_through_lifecycle:step_through_lifecycle:connect_executor:wait_for_service_healthy: lifecycler::health_monitor: Service has become healthy service_name=Executor
2025-11-16T14:33:24.847562Z  INFO run_lifecycler:run_service_and_step_through_lifecycle:step_through_lifecycle:connect_executor:wait_for_service_healthy: lifecycler::health_monitor: close time.busy=169µs time.idle=395µs
2025-11-16T14:33:24.847580Z  INFO run_lifecycler:run_service_and_step_through_lifecycle:step_through_lifecycle:connect_executor: lifecycler::lifecycle: close time.busy=1.07s time.idle=258s
2025-11-16T14:33:24.847604Z  INFO run_lifecycler:run_service_and_step_through_lifecycle:step_through_lifecycle:connect_lifecyclers{lifecycler_addresses=None}: lifecycler::lifecycle: close time.busy=7.00µs time.idle=5.20µs
2025-11-16T14:33:24.847642Z  INFO run_lifecycler:run_service_and_step_through_lifecycle:step_through_lifecycle:execute: lifecycler::lifecycle: entering phase rank=None phase=0 is_leader=true entered_phases=false
2025-11-16T14:33:24.847672Z  INFO run_lifecycler:run_service_and_step_through_lifecycle:step_through_lifecycle:execute:barrier_sync: lifecycler::lifecycle: close time.busy=600ns time.idle=2.80µs
2025-11-16T14:33:24.847724Z  INFO run_lifecycler:run_service_and_step_through_lifecycle:step_through_lifecycle:execute: lifecycler::lifecycle: Successfully got AzureML Context from environment, updating Run History with new run attempt
2025-11-16T14:33:24.847740Z  WARN run_lifecycler:run_service_and_step_through_lifecycle:step_through_lifecycle:execute: lifecycler::lifecycle: Skip updating run_attempt since cannot find AZUREML_CR_ENABLE_RUN_ATTEMPT_COUNT_BY_RUN_HISTORY from environment
2025-11-16T14:33:24.847776Z  INFO run_lifecycler:run_service_and_step_through_lifecycle:step_through_lifecycle:execute: lifecycler::lifecycle: starting phase execution rank=None phase=0
2025-11-16T14:33:24.847905Z  INFO run_lifecycler:run_service_and_step_through_lifecycle:step_through_lifecycle:execute: lifecycler::lifecycle: executing phase commands rank=None phase=0
2025-11-16T14:33:24.847955Z  INFO run_lifecycler:run_service_and_step_through_lifecycle:step_through_lifecycle:execute:executor_client::execute_commands{lifecycle_address="/mnt/azureml/cr/j/67126e28eeeb46c5bd2d6b968280b694/.grpc/lifecycler:0" scheduling=None debug_mode=Some(false)}: lifecycler::executor_client: Executing commands
2025-11-16T14:33:24.848010Z  WARN run_lifecycler:run_service_and_step_through_lifecycle:step_through_lifecycle:execute:executor_client::execute_commands{lifecycle_address="/mnt/azureml/cr/j/67126e28eeeb46c5bd2d6b968280b694/.grpc/lifecycler:0" scheduling=None debug_mode=Some(false)}:executor_client::start_execution{lifecycler_address="/mnt/azureml/cr/j/67126e28eeeb46c5bd2d6b968280b694/.grpc/lifecycler:0" debug_mode=Some(false) commands_f=Command(Command { executable: Shell { path: None, command: "python scripts/azure_train_eval.py model=unet experiment.log_mlflow=True experiment.experiment_strategy=verification_box model.num_epochs=1 experiment.num_workers=2 +experiment.report_metrics_to_file=True model.params.encoder_name=efficientnet-b0 model.batch_size=4", success_return_code: Zero { additional_codes: [] } }, stderr: None, stdout: Some("user_logs/std_log.txt") }) path_mappings_f={}}: grpc_utils::span: failed to inject span context to grpc request
2025-11-16T14:33:24.848026Z  INFO run_lifecycler:run_service_and_step_through_lifecycle:step_through_lifecycle:execute:executor_client::execute_commands{lifecycle_address="/mnt/azureml/cr/j/67126e28eeeb46c5bd2d6b968280b694/.grpc/lifecycler:0" scheduling=None debug_mode=Some(false)}:executor_client::start_execution{lifecycler_address="/mnt/azureml/cr/j/67126e28eeeb46c5bd2d6b968280b694/.grpc/lifecycler:0" debug_mode=Some(false) commands_f=Command(Command { executable: Shell { path: None, command: "python scripts/azure_train_eval.py model=unet experiment.log_mlflow=True experiment.experiment_strategy=verification_box model.num_epochs=1 experiment.num_workers=2 +experiment.report_metrics_to_file=True model.params.encoder_name=efficientnet-b0 model.batch_size=4", success_return_code: Zero { additional_codes: [] } }, stderr: None, stdout: Some("user_logs/std_log.txt") }) path_mappings_f={}}: lifecycler::executor_client: Starting execution execution_id=4059a2f3-7c69-43cc-90e3-e55fe57905a1 lifecycler_address=/mnt/azureml/cr/j/67126e28eeeb46c5bd2d6b968280b694/.grpc/lifecycler:0
2025-11-16T14:33:24.853469Z  INFO run_lifecycler:run_service_and_step_through_lifecycle:step_through_lifecycle:execute:executor_client::execute_commands{lifecycle_address="/mnt/azureml/cr/j/67126e28eeeb46c5bd2d6b968280b694/.grpc/lifecycler:0" scheduling=None debug_mode=Some(false)}:executor_client::start_execution{lifecycler_address="/mnt/azureml/cr/j/67126e28eeeb46c5bd2d6b968280b694/.grpc/lifecycler:0" debug_mode=Some(false) commands_f=Command(Command { executable: Shell { path: None, command: "python scripts/azure_train_eval.py model=unet experiment.log_mlflow=True experiment.experiment_strategy=verification_box model.num_epochs=1 experiment.num_workers=2 +experiment.report_metrics_to_file=True model.params.encoder_name=efficientnet-b0 model.batch_size=4", success_return_code: Zero { additional_codes: [] } }, stderr: None, stdout: Some("user_logs/std_log.txt") }) path_mappings_f={}}: lifecycler::executor_client: close time.busy=102µs time.idle=5.39ms
2025-11-16T14:33:24.853494Z  INFO run_lifecycler:run_service_and_step_through_lifecycle:step_through_lifecycle:execute:executor_client::execute_commands{lifecycle_address="/mnt/azureml/cr/j/67126e28eeeb46c5bd2d6b968280b694/.grpc/lifecycler:0" scheduling=None debug_mode=Some(false)}: lifecycler::executor_client: Waiting for execution completion execution_id="4059a2f3-7c69-43cc-90e3-e55fe57905a1"
2025-11-16T14:33:40.171821Z  INFO ExecutionCallbackServicer::complete_execution: grpc_utils::server: Got grpc request request_name="complete_execution" remote_addr=None
2025-11-16T14:33:40.171892Z  INFO ExecutionCallbackServicer::complete_execution: lifecycler::service: close time.busy=77.7µs time.idle=15.8µs
2025-11-16T14:33:40.171928Z  INFO run_lifecycler:run_service_and_step_through_lifecycle:step_through_lifecycle:execute:executor_client::execute_commands{lifecycle_address="/mnt/azureml/cr/j/67126e28eeeb46c5bd2d6b968280b694/.grpc/lifecycler:0" scheduling=None debug_mode=Some(false)}:executor_client::wait_for_execution_completion{execution_id="4059a2f3-7c69-43cc-90e3-e55fe57905a1"}: lifecycler::executor_client: close time.busy=5.20µs time.idle=15.3s
2025-11-16T14:33:40.171964Z  INFO run_lifecycler:run_service_and_step_through_lifecycle:step_through_lifecycle:execute:executor_client::execute_commands{lifecycle_address="/mnt/azureml/cr/j/67126e28eeeb46c5bd2d6b968280b694/.grpc/lifecycler:0" scheduling=None debug_mode=Some(false)}: lifecycler::executor_client: Execution completed execution_id="4059a2f3-7c69-43cc-90e3-e55fe57905a1"
2025-11-16T14:33:40.172020Z  INFO run_lifecycler:run_service_and_step_through_lifecycle:step_through_lifecycle:execute:executor_client::execute_commands{lifecycle_address="/mnt/azureml/cr/j/67126e28eeeb46c5bd2d6b968280b694/.grpc/lifecycler:0" scheduling=None debug_mode=Some(false)}: lifecycler::executor_client: close time.busy=292µs time.idle=15.3s
2025-11-16T14:33:40.172043Z ERROR run_lifecycler:run_service_and_step_through_lifecycle:step_through_lifecycle:execute: lifecycler::lifecycle: failed to execute commands exception=ExecutionFailed(ExecutionsFailures([ExecutionFailure { exit_code: 1, error_message: "Execution failed. User process 'python' exited with status code 1. Please check log file 'user_logs/std_log.txt' for error details. Error: │   185 │   │   │   try:                                                       │\n│ ❱ 186 │   │   │   │   ret.return_value = task_function(task_cfg)             │\n│   187 │   │   │   │   ret.status = JobStatus.COMPLETED                       │\n│   188 │   │   │   except Exception as e:                                     │\n│   189 │   │   │   │   ret.return_value = e                                   │\n│                                                                              │\n│ /mnt/azureml/cr/j/67126e28eeeb46c5bd2d6b968280b694/exe/wd/scripts/azure_trai │\n│ n_eval.py:291 in main                                                        │\n│                                                                              │\n│   288 │   │   │   \"Missing Azure ML input 'images_data' - not provided via c │\n│   289 │   │   │   style=\"danger\",                                            │\n│   290 │   │   )                                                              │\n│ ❱ 291 │   │   raise ValueError(\"Azure ML input 'images_data' was not provide │\n│   292 │   if images_path.exists():                                           │\n│   293 │   │   console.print(f\"Mounted images path: {images_path}\", style=\"in │\n│   294 │   │   mlflow.log_param(\"images_path\", str(images_path))              │\n╰──────────────────────────────────────────────────────────────────────────────╯\nValueError: Azure ML input 'images_data' was not provided.\n🏃 View run sweep_test_minimal_1 at: https://northeurope.api.azureml.ms/mlflow/v2.0/subscriptions/0edfb8db-083f-4467-a411-d497eaa6b41e/resourceGroups/rg-rock-joint-detection/providers/Microsoft.MachineLearningServices/workspaces/ws-rock-joint-det/#/experiments/c4473637-8dd3-4272-90fb-78a23077cfa8/runs/mighty_spider_kx23yyx016_1\n🧪 View experiment at: https://northeurope.api.azureml.ms/mlflow/v2.0/subscriptions/0edfb8db-083f-4467-a411-d497eaa6b41e/resourceGroups/rg-rock-joint-detection/providers/Microsoft.MachineLearningServices/workspaces/ws-rock-joint-det/#/experiments/c4473637-8dd3-4272-90fb-78a23077cfa8\n", process_name: "python", error_file: "user_logs/std_log.txt" }])) rank=None phase=0
2025-11-16T14:33:40.172193Z  INFO run_lifecycler:run_service_and_step_through_lifecycle:step_through_lifecycle:execute: lifecycler::lifecycle: close time.busy=819µs time.idle=15.3s
2025-11-16T14:33:40.172230Z  WARN run_lifecycler:run_service_and_step_through_lifecycle:step_through_lifecycle:end_service_capabilities:end{name="CS_CAPABILITY"}: grpc_utils::span: failed to inject span context to grpc request
2025-11-16T14:33:40.172267Z  WARN run_lifecycler:run_service_and_step_through_lifecycle:step_through_lifecycle:end_service_capabilities:end{name="HOSTTOOLS_CAPABILITY"}: grpc_utils::span: failed to inject span context to grpc request
2025-11-16T14:33:40.172298Z  WARN run_lifecycler:run_service_and_step_through_lifecycle:step_through_lifecycle:end_service_capabilities:end{name="METRICS_CAPABILITY"}: grpc_utils::span: failed to inject span context to grpc request
2025-11-16T14:33:40.172327Z  WARN run_lifecycler:run_service_and_step_through_lifecycle:step_through_lifecycle:end_service_capabilities:end{name="SNAPSHOT_CAPABILITY"}: grpc_utils::span: failed to inject span context to grpc request
2025-11-16T14:33:40.172946Z  INFO run_lifecycler:run_service_and_step_through_lifecycle:step_through_lifecycle:end_service_capabilities:end{name="METRICS_CAPABILITY"}: lifecycler::capability_client: Received success code for end cap_name=METRICS_CAPABILITY
2025-11-16T14:33:40.172992Z  INFO run_lifecycler:run_service_and_step_through_lifecycle:step_through_lifecycle:end_service_capabilities:end{name="METRICS_CAPABILITY"}: lifecycler::capability_client: close time.busy=119µs time.idle=579µs
2025-11-16T14:33:40.173416Z  INFO run_lifecycler:run_service_and_step_through_lifecycle:step_through_lifecycle:end_service_capabilities:end{name="SNAPSHOT_CAPABILITY"}: lifecycler::capability_client: Received success code for end cap_name=SNAPSHOT_CAPABILITY
2025-11-16T14:33:40.173454Z  INFO run_lifecycler:run_service_and_step_through_lifecycle:step_through_lifecycle:end_service_capabilities:end{name="SNAPSHOT_CAPABILITY"}: lifecycler::capability_client: close time.busy=126µs time.idle=1.01ms
