2025-11-16T13:44:27.273367Z  INFO telemetry: job_telemetry_init artifact_type=installed branch=origin/f3433e4a12ad41c670012842e6be04684c303297 ci_number=20251105.1 ci_name=CommonRuntime-RuntimeTeam-Linux-Prod-Build build_time=2025-11-05 17:43:33.021559
2025-11-16T13:44:27.273617Z  INFO load_config_from_env: lifecycler::config: Resolved grpc addresses lifecycler_address=/mnt/azureml/cr/j/524ea326f4294e3da5e30e0efd2ce5d0/.grpc/lifecycler:0 executor_address=/mnt/azureml/cr/j/524ea326f4294e3da5e30e0efd2ce5d0/.grpc/executor:0
2025-11-16T13:44:27.273834Z  INFO load_config_from_env:load_capability_addresses_from_env{capability_endpoints_from_config={"CS_CAPABILITY": CapabilityEndpoint { name: "CS_CAPABILITY", address: "/mnt/azureml/cr/j/524ea326f4294e3da5e30e0efd2ce5d0/.grpc/cs-capability:0", type: Service }, "DATA_CAPABILITY": CapabilityEndpoint { name: "DATA_CAPABILITY", address: "/mnt/azureml/cr/j/524ea326f4294e3da5e30e0efd2ce5d0/.grpc/data-capability:0", type: Service }, "HOSTTOOLS_CAPABILITY": CapabilityEndpoint { name: "HOSTTOOLS_CAPABILITY", address: "/mnt/azureml/cr/j/524ea326f4294e3da5e30e0efd2ce5d0/.grpc/hosttools-capability:0", type: Service }, "METRICS_CAPABILITY": CapabilityEndpoint { name: "METRICS_CAPABILITY", address: "/mnt/azureml/cr/j/524ea326f4294e3da5e30e0efd2ce5d0/.grpc/metrics-capability:0", type: Service }, "SNAPSHOT_CAPABILITY": CapabilityEndpoint { name: "SNAPSHOT_CAPABILITY", address: "/mnt/azureml/cr/j/524ea326f4294e3da5e30e0efd2ce5d0/.grpc/snapshot-capability:0", type: Service }}}: lifecycler::config: close time.busy=150µs time.idle=15.0µs
2025-11-16T13:44:27.273872Z  INFO load_config_from_env: lifecycler::config: close time.busy=370µs time.idle=16.6µs
2025-11-16T13:44:27.273920Z  INFO run_lifecycler:run_service_and_step_through_lifecycle: lifecycler::lifecycle: distributed config is not specified, skip setting up distributed barrier
2025-11-16T13:44:27.273953Z  INFO run_lifecycler:run_service_and_step_through_lifecycle: lifecycler::lifecycle: Trying to configure lifecycler to ignore termination signals
2025-11-16T13:44:27.273984Z  INFO run_lifecycler:run_service_and_step_through_lifecycle: cr_core: Successfully configured current process to ignore termination signals
2025-11-16T13:44:27.274194Z  INFO run_lifecycler:run_service_and_step_through_lifecycle:step_through_lifecycle:connect_capabilities:connect: grpc_utils::endpoint::connect: Connecting to gRPC service endpoint=Uds("/mnt/azureml/cr/j/524ea326f4294e3da5e30e0efd2ce5d0/.grpc/cs-capability:0") retry=FixedIntervalRetry { attempt_timeout_millis: 50, retry_delay_millis: 10, max_duration: 7200s }
2025-11-16T13:44:27.274333Z  INFO Lifecycler::run_service{lifecycler_abort_state_writer=Some(LifecyclerAbortStateWriter { lifecycler_wd: "/mnt/azureml/cr/j/524ea326f4294e3da5e30e0efd2ce5d0/cap/lifecycler/wd" })}: lifecycler::service: serving lifecycle service address=/mnt/azureml/cr/j/524ea326f4294e3da5e30e0efd2ce5d0/.grpc/lifecycler:0
2025-11-16T13:44:27.274535Z  INFO Lifecycler::run_service{lifecycler_abort_state_writer=Some(LifecyclerAbortStateWriter { lifecycler_wd: "/mnt/azureml/cr/j/524ea326f4294e3da5e30e0efd2ce5d0/cap/lifecycler/wd" })}:serve_more: grpc_utils::endpoint::serve: serving gRPC service endpoint=Uds("/mnt/azureml/cr/j/524ea326f4294e3da5e30e0efd2ce5d0/.grpc/lifecycler:0") retry=ExponentialBackoffRetry { retry_delay_secs: 2, delay_factor: 1000, num_retries: 3 }
2025-11-16T13:44:54.354690Z  INFO run_lifecycler:run_service_and_step_through_lifecycle:step_through_lifecycle:connect_capabilities:connect: grpc_utils::endpoint::connect: Successfully connected to gRPC service endpoint=Uds("/mnt/azureml/cr/j/524ea326f4294e3da5e30e0efd2ce5d0/.grpc/cs-capability:0")
2025-11-16T13:44:54.354791Z  INFO run_lifecycler:run_service_and_step_through_lifecycle:step_through_lifecycle:connect_capabilities:connect: grpc_utils::endpoint::connect: close time.busy=110ms time.idle=27.0s
2025-11-16T13:44:54.355054Z  INFO run_lifecycler:run_service_and_step_through_lifecycle:step_through_lifecycle:connect_capabilities:connect: grpc_utils::endpoint::connect: Connecting to gRPC service endpoint=Uds("/mnt/azureml/cr/j/524ea326f4294e3da5e30e0efd2ce5d0/.grpc/cs-capability:0") retry=FixedIntervalRetry { attempt_timeout_millis: 50, retry_delay_millis: 10, max_duration: 7200s }
2025-11-16T13:44:54.355368Z  INFO run_lifecycler:run_service_and_step_through_lifecycle:step_through_lifecycle:connect_capabilities:connect: grpc_utils::endpoint::connect: Successfully connected to gRPC service endpoint=Uds("/mnt/azureml/cr/j/524ea326f4294e3da5e30e0efd2ce5d0/.grpc/cs-capability:0")
2025-11-16T13:44:54.355432Z  INFO run_lifecycler:run_service_and_step_through_lifecycle:step_through_lifecycle:connect_capabilities:connect: grpc_utils::endpoint::connect: close time.busy=202µs time.idle=182µs
2025-11-16T13:44:54.355495Z  INFO run_lifecycler:run_service_and_step_through_lifecycle:step_through_lifecycle:connect_capabilities:wait_for_service_healthy: lifecycler::health_monitor: Waiting for service to become healthy: CS_CAPABILITY service_name=CS_CAPABILITY timeout=30s
2025-11-16T13:44:54.355538Z  WARN run_lifecycler:run_service_and_step_through_lifecycle:step_through_lifecycle:connect_capabilities:wait_for_service_healthy: grpc_utils::span: failed to inject span context to grpc request
2025-11-16T13:44:54.357134Z  INFO run_lifecycler:run_service_and_step_through_lifecycle:step_through_lifecycle:connect_capabilities:wait_for_service_healthy: lifecycler::health_client: Health status for service: CS_CAPABILITY service_name=CS_CAPABILITY health_status=1
2025-11-16T13:44:54.357176Z  INFO run_lifecycler:run_service_and_step_through_lifecycle:step_through_lifecycle:connect_capabilities:wait_for_service_healthy: lifecycler::health_monitor: Service has become healthy service_name=CS_CAPABILITY
2025-11-16T13:44:54.357202Z  INFO run_lifecycler:run_service_and_step_through_lifecycle:step_through_lifecycle:connect_capabilities:wait_for_service_healthy: lifecycler::health_monitor: close time.busy=181µs time.idle=1.57ms
2025-11-16T13:44:54.357316Z  INFO run_lifecycler:run_service_and_step_through_lifecycle:step_through_lifecycle:connect_capabilities:connect: grpc_utils::endpoint::connect: Connecting to gRPC service endpoint=Uds("/mnt/azureml/cr/j/524ea326f4294e3da5e30e0efd2ce5d0/.grpc/data-capability:0") retry=FixedIntervalRetry { attempt_timeout_millis: 50, retry_delay_millis: 10, max_duration: 7200s }
2025-11-16T13:46:22.731395Z  INFO run_lifecycler:run_service_and_step_through_lifecycle:step_through_lifecycle:connect_capabilities:connect: grpc_utils::endpoint::connect: Successfully connected to gRPC service endpoint=Uds("/mnt/azureml/cr/j/524ea326f4294e3da5e30e0efd2ce5d0/.grpc/data-capability:0")
2025-11-16T13:46:22.731607Z  INFO run_lifecycler:run_service_and_step_through_lifecycle:step_through_lifecycle:connect_capabilities:connect: grpc_utils::endpoint::connect: close time.busy=349ms time.idle=88.0s
2025-11-16T13:46:22.731738Z  INFO run_lifecycler:run_service_and_step_through_lifecycle:step_through_lifecycle:connect_capabilities:connect: grpc_utils::endpoint::connect: Connecting to gRPC service endpoint=Uds("/mnt/azureml/cr/j/524ea326f4294e3da5e30e0efd2ce5d0/.grpc/data-capability:0") retry=FixedIntervalRetry { attempt_timeout_millis: 50, retry_delay_millis: 10, max_duration: 7200s }
2025-11-16T13:46:22.734486Z  INFO run_lifecycler:run_service_and_step_through_lifecycle:step_through_lifecycle:connect_capabilities:connect: grpc_utils::endpoint::connect: Successfully connected to gRPC service endpoint=Uds("/mnt/azureml/cr/j/524ea326f4294e3da5e30e0efd2ce5d0/.grpc/data-capability:0")
2025-11-16T13:46:22.734554Z  INFO run_lifecycler:run_service_and_step_through_lifecycle:step_through_lifecycle:connect_capabilities:connect: grpc_utils::endpoint::connect: close time.busy=2.82ms time.idle=7.00µs
2025-11-16T13:46:22.734586Z  INFO run_lifecycler:run_service_and_step_through_lifecycle:step_through_lifecycle:connect_capabilities:wait_for_service_healthy: lifecycler::health_monitor: Waiting for service to become healthy: DATA_CAPABILITY service_name=DATA_CAPABILITY timeout=30s
2025-11-16T13:46:22.734615Z  WARN run_lifecycler:run_service_and_step_through_lifecycle:step_through_lifecycle:connect_capabilities:wait_for_service_healthy: grpc_utils::span: failed to inject span context to grpc request
2025-11-16T13:46:22.739216Z  INFO run_lifecycler:run_service_and_step_through_lifecycle:step_through_lifecycle:connect_capabilities:wait_for_service_healthy: lifecycler::health_client: Health status for service: DATA_CAPABILITY service_name=DATA_CAPABILITY health_status=1
2025-11-16T13:46:22.739306Z  INFO run_lifecycler:run_service_and_step_through_lifecycle:step_through_lifecycle:connect_capabilities:wait_for_service_healthy: lifecycler::health_monitor: Service has become healthy service_name=DATA_CAPABILITY
2025-11-16T13:46:22.739364Z  INFO run_lifecycler:run_service_and_step_through_lifecycle:step_through_lifecycle:connect_capabilities:wait_for_service_healthy: lifecycler::health_monitor: close time.busy=262µs time.idle=4.52ms
2025-11-16T13:46:22.739550Z  INFO run_lifecycler:run_service_and_step_through_lifecycle:step_through_lifecycle:connect_capabilities:connect: grpc_utils::endpoint::connect: Connecting to gRPC service endpoint=Uds("/mnt/azureml/cr/j/524ea326f4294e3da5e30e0efd2ce5d0/.grpc/hosttools-capability:0") retry=FixedIntervalRetry { attempt_timeout_millis: 50, retry_delay_millis: 10, max_duration: 7200s }
2025-11-16T13:46:22.739985Z  INFO run_lifecycler:run_service_and_step_through_lifecycle:step_through_lifecycle:connect_capabilities:connect: grpc_utils::endpoint::connect: Successfully connected to gRPC service endpoint=Uds("/mnt/azureml/cr/j/524ea326f4294e3da5e30e0efd2ce5d0/.grpc/hosttools-capability:0")
2025-11-16T13:46:22.740102Z  INFO run_lifecycler:run_service_and_step_through_lifecycle:step_through_lifecycle:connect_capabilities:connect: grpc_utils::endpoint::connect: close time.busy=511µs time.idle=45.6µs
2025-11-16T13:46:22.740182Z  INFO run_lifecycler:run_service_and_step_through_lifecycle:step_through_lifecycle:connect_capabilities:connect: grpc_utils::endpoint::connect: Connecting to gRPC service endpoint=Uds("/mnt/azureml/cr/j/524ea326f4294e3da5e30e0efd2ce5d0/.grpc/hosttools-capability:0") retry=FixedIntervalRetry { attempt_timeout_millis: 50, retry_delay_millis: 10, max_duration: 7200s }
2025-11-16T13:46:22.740374Z  INFO run_lifecycler:run_service_and_step_through_lifecycle:step_through_lifecycle:connect_capabilities:connect: grpc_utils::endpoint::connect: Successfully connected to gRPC service endpoint=Uds("/mnt/azureml/cr/j/524ea326f4294e3da5e30e0efd2ce5d0/.grpc/hosttools-capability:0")
2025-11-16T13:46:22.740419Z  INFO run_lifecycler:run_service_and_step_through_lifecycle:step_through_lifecycle:connect_capabilities:connect: grpc_utils::endpoint::connect: close time.busy=177µs time.idle=63.1µs
2025-11-16T13:46:22.740479Z  INFO run_lifecycler:run_service_and_step_through_lifecycle:step_through_lifecycle:connect_capabilities:wait_for_service_healthy: lifecycler::health_monitor: Waiting for service to become healthy: HOSTTOOLS_CAPABILITY service_name=HOSTTOOLS_CAPABILITY timeout=30s
2025-11-16T13:46:22.740530Z  WARN run_lifecycler:run_service_and_step_through_lifecycle:step_through_lifecycle:connect_capabilities:wait_for_service_healthy: grpc_utils::span: failed to inject span context to grpc request
2025-11-16T13:46:22.741055Z  INFO run_lifecycler:run_service_and_step_through_lifecycle:step_through_lifecycle:connect_capabilities:wait_for_service_healthy: lifecycler::health_client: Health status for service: HOSTTOOLS_CAPABILITY service_name=HOSTTOOLS_CAPABILITY health_status=1
2025-11-16T13:46:22.741142Z  INFO run_lifecycler:run_service_and_step_through_lifecycle:step_through_lifecycle:connect_capabilities:wait_for_service_healthy: lifecycler::health_monitor: Service has become healthy service_name=HOSTTOOLS_CAPABILITY
2025-11-16T13:46:22.741177Z  INFO run_lifecycler:run_service_and_step_through_lifecycle:step_through_lifecycle:connect_capabilities:wait_for_service_healthy: lifecycler::health_monitor: close time.busy=254µs time.idle=447µs
2025-11-16T13:46:22.741266Z  INFO run_lifecycler:run_service_and_step_through_lifecycle:step_through_lifecycle:connect_capabilities:connect: grpc_utils::endpoint::connect: Connecting to gRPC service endpoint=Uds("/mnt/azureml/cr/j/524ea326f4294e3da5e30e0efd2ce5d0/.grpc/metrics-capability:0") retry=FixedIntervalRetry { attempt_timeout_millis: 50, retry_delay_millis: 10, max_duration: 7200s }
2025-11-16T13:46:22.741508Z  INFO run_lifecycler:run_service_and_step_through_lifecycle:step_through_lifecycle:connect_capabilities:connect: grpc_utils::endpoint::connect: Successfully connected to gRPC service endpoint=Uds("/mnt/azureml/cr/j/524ea326f4294e3da5e30e0efd2ce5d0/.grpc/metrics-capability:0")
2025-11-16T13:46:22.741567Z  INFO run_lifecycler:run_service_and_step_through_lifecycle:step_through_lifecycle:connect_capabilities:connect: grpc_utils::endpoint::connect: close time.busy=240µs time.idle=64.4µs
2025-11-16T13:46:22.741671Z  INFO run_lifecycler:run_service_and_step_through_lifecycle:step_through_lifecycle:connect_capabilities:connect: grpc_utils::endpoint::connect: Connecting to gRPC service endpoint=Uds("/mnt/azureml/cr/j/524ea326f4294e3da5e30e0efd2ce5d0/.grpc/metrics-capability:0") retry=FixedIntervalRetry { attempt_timeout_millis: 50, retry_delay_millis: 10, max_duration: 7200s }
2025-11-16T13:46:22.742005Z  INFO run_lifecycler:run_service_and_step_through_lifecycle:step_through_lifecycle:connect_capabilities:connect: grpc_utils::endpoint::connect: Successfully connected to gRPC service endpoint=Uds("/mnt/azureml/cr/j/524ea326f4294e3da5e30e0efd2ce5d0/.grpc/metrics-capability:0")
2025-11-16T13:46:22.742072Z  INFO run_lifecycler:run_service_and_step_through_lifecycle:step_through_lifecycle:connect_capabilities:connect: grpc_utils::endpoint::connect: close time.busy=215µs time.idle=189µs
2025-11-16T13:46:22.742097Z  INFO run_lifecycler:run_service_and_step_through_lifecycle:step_through_lifecycle:connect_capabilities:wait_for_service_healthy: lifecycler::health_monitor: Waiting for service to become healthy: METRICS_CAPABILITY service_name=METRICS_CAPABILITY timeout=30s
2025-11-16T13:46:22.742142Z  WARN run_lifecycler:run_service_and_step_through_lifecycle:step_through_lifecycle:connect_capabilities:wait_for_service_healthy: grpc_utils::span: failed to inject span context to grpc request
2025-11-16T13:46:22.742571Z  INFO run_lifecycler:run_service_and_step_through_lifecycle:step_through_lifecycle:connect_capabilities:wait_for_service_healthy: lifecycler::health_client: Health status for service: METRICS_CAPABILITY service_name=METRICS_CAPABILITY health_status=1
2025-11-16T13:46:22.742640Z  INFO run_lifecycler:run_service_and_step_through_lifecycle:step_through_lifecycle:connect_capabilities:wait_for_service_healthy: lifecycler::health_monitor: Service has become healthy service_name=METRICS_CAPABILITY
2025-11-16T13:46:22.742682Z  INFO run_lifecycler:run_service_and_step_through_lifecycle:step_through_lifecycle:connect_capabilities:wait_for_service_healthy: lifecycler::health_monitor: close time.busy=253µs time.idle=335µs
2025-11-16T13:46:22.742769Z  INFO run_lifecycler:run_service_and_step_through_lifecycle:step_through_lifecycle:connect_capabilities:connect: grpc_utils::endpoint::connect: Connecting to gRPC service endpoint=Uds("/mnt/azureml/cr/j/524ea326f4294e3da5e30e0efd2ce5d0/.grpc/snapshot-capability:0") retry=FixedIntervalRetry { attempt_timeout_millis: 50, retry_delay_millis: 10, max_duration: 7200s }
2025-11-16T13:46:22.743000Z  INFO run_lifecycler:run_service_and_step_through_lifecycle:step_through_lifecycle:connect_capabilities:connect: grpc_utils::endpoint::connect: Successfully connected to gRPC service endpoint=Uds("/mnt/azureml/cr/j/524ea326f4294e3da5e30e0efd2ce5d0/.grpc/snapshot-capability:0")
2025-11-16T13:46:22.743072Z  INFO run_lifecycler:run_service_and_step_through_lifecycle:step_through_lifecycle:connect_capabilities:connect: grpc_utils::endpoint::connect: close time.busy=230µs time.idle=76.6µs
2025-11-16T13:46:22.743150Z  INFO run_lifecycler:run_service_and_step_through_lifecycle:step_through_lifecycle:connect_capabilities:connect: grpc_utils::endpoint::connect: Connecting to gRPC service endpoint=Uds("/mnt/azureml/cr/j/524ea326f4294e3da5e30e0efd2ce5d0/.grpc/snapshot-capability:0") retry=FixedIntervalRetry { attempt_timeout_millis: 50, retry_delay_millis: 10, max_duration: 7200s }
2025-11-16T13:46:22.743358Z  INFO run_lifecycler:run_service_and_step_through_lifecycle:step_through_lifecycle:connect_capabilities:connect: grpc_utils::endpoint::connect: Successfully connected to gRPC service endpoint=Uds("/mnt/azureml/cr/j/524ea326f4294e3da5e30e0efd2ce5d0/.grpc/snapshot-capability:0")
2025-11-16T13:46:22.743441Z  INFO run_lifecycler:run_service_and_step_through_lifecycle:step_through_lifecycle:connect_capabilities:connect: grpc_utils::endpoint::connect: close time.busy=249µs time.idle=45.8µs
2025-11-16T13:46:22.743485Z  INFO run_lifecycler:run_service_and_step_through_lifecycle:step_through_lifecycle:connect_capabilities:wait_for_service_healthy: lifecycler::health_monitor: Waiting for service to become healthy: SNAPSHOT_CAPABILITY service_name=SNAPSHOT_CAPABILITY timeout=30s
2025-11-16T13:46:22.743557Z  WARN run_lifecycler:run_service_and_step_through_lifecycle:step_through_lifecycle:connect_capabilities:wait_for_service_healthy: grpc_utils::span: failed to inject span context to grpc request
2025-11-16T13:46:22.744047Z  INFO run_lifecycler:run_service_and_step_through_lifecycle:step_through_lifecycle:connect_capabilities:wait_for_service_healthy: lifecycler::health_client: Health status for service: SNAPSHOT_CAPABILITY service_name=SNAPSHOT_CAPABILITY health_status=1
2025-11-16T13:46:22.744136Z  INFO run_lifecycler:run_service_and_step_through_lifecycle:step_through_lifecycle:connect_capabilities:wait_for_service_healthy: lifecycler::health_monitor: Service has become healthy service_name=SNAPSHOT_CAPABILITY
2025-11-16T13:46:22.744188Z  INFO run_lifecycler:run_service_and_step_through_lifecycle:step_through_lifecycle:connect_capabilities:wait_for_service_healthy: lifecycler::health_monitor: close time.busy=316µs time.idle=390µs
2025-11-16T13:46:22.744227Z  INFO run_lifecycler:run_service_and_step_through_lifecycle:step_through_lifecycle:connect_capabilities: lifecycler::lifecycle: close time.busy=494ms time.idle=115s
2025-11-16T13:46:22.744242Z  WARN grpc_utils::span: failed to inject span context to grpc request
2025-11-16T13:46:22.744260Z  WARN run_lifecycler:run_service_and_step_through_lifecycle:step_through_lifecycle:start_capabilities:start{name="CS_CAPABILITY"}: grpc_utils::span: failed to inject span context to grpc request
2025-11-16T13:46:22.744381Z  WARN grpc_utils::span: failed to inject span context to grpc request
2025-11-16T13:46:22.744401Z  WARN run_lifecycler:run_service_and_step_through_lifecycle:step_through_lifecycle:start_capabilities:start{name="DATA_CAPABILITY"}: grpc_utils::span: failed to inject span context to grpc request
2025-11-16T13:46:22.744406Z  WARN grpc_utils::span: failed to inject span context to grpc request
2025-11-16T13:46:22.744427Z  WARN grpc_utils::span: failed to inject span context to grpc request
2025-11-16T13:46:22.744430Z  WARN run_lifecycler:run_service_and_step_through_lifecycle:step_through_lifecycle:start_capabilities:start{name="HOSTTOOLS_CAPABILITY"}: grpc_utils::span: failed to inject span context to grpc request
2025-11-16T13:46:22.744444Z  WARN grpc_utils::span: failed to inject span context to grpc request
2025-11-16T13:46:22.744454Z  WARN run_lifecycler:run_service_and_step_through_lifecycle:step_through_lifecycle:start_capabilities:start{name="METRICS_CAPABILITY"}: grpc_utils::span: failed to inject span context to grpc request
2025-11-16T13:46:22.744480Z  WARN run_lifecycler:run_service_and_step_through_lifecycle:step_through_lifecycle:start_capabilities:start{name="SNAPSHOT_CAPABILITY"}: grpc_utils::span: failed to inject span context to grpc request
2025-11-16T13:46:22.745456Z  INFO run_lifecycler:run_service_and_step_through_lifecycle:step_through_lifecycle:start_capabilities:start{name="HOSTTOOLS_CAPABILITY"}: lifecycler::capability_client: Received success code for start cap_name=HOSTTOOLS_CAPABILITY
2025-11-16T13:46:22.745532Z  INFO run_lifecycler:run_service_and_step_through_lifecycle:step_through_lifecycle:start_capabilities:start{name="HOSTTOOLS_CAPABILITY"}: lifecycler::capability_client: close time.busy=123µs time.idle=983µs
2025-11-16T13:46:22.745967Z  INFO run_lifecycler:run_service_and_step_through_lifecycle:step_through_lifecycle:start_capabilities:start{name="METRICS_CAPABILITY"}: lifecycler::capability_client: Received success code for start cap_name=METRICS_CAPABILITY
2025-11-16T13:46:22.746048Z  INFO run_lifecycler:run_service_and_step_through_lifecycle:step_through_lifecycle:start_capabilities:start{name="METRICS_CAPABILITY"}: lifecycler::capability_client: close time.busy=123µs time.idle=1.47ms
2025-11-16T13:46:22.793614Z  INFO run_lifecycler:run_service_and_step_through_lifecycle:step_through_lifecycle:start_capabilities:start{name="CS_CAPABILITY"}: lifecycler::capability_client: Received success code for start cap_name=CS_CAPABILITY
2025-11-16T13:46:22.793703Z  INFO run_lifecycler:run_service_and_step_through_lifecycle:step_through_lifecycle:start_capabilities:start{name="CS_CAPABILITY"}: lifecycler::capability_client: close time.busy=288µs time.idle=49.2ms
2025-11-16T13:46:23.586217Z  INFO run_lifecycler:run_service_and_step_through_lifecycle:step_through_lifecycle:start_capabilities:start{name="SNAPSHOT_CAPABILITY"}: lifecycler::capability_client: Received success code for start cap_name=SNAPSHOT_CAPABILITY
2025-11-16T13:46:23.586344Z  INFO run_lifecycler:run_service_and_step_through_lifecycle:step_through_lifecycle:start_capabilities:start{name="SNAPSHOT_CAPABILITY"}: lifecycler::capability_client: close time.busy=290µs time.idle=842ms
2025-11-16T13:46:25.997980Z  INFO run_lifecycler:run_service_and_step_through_lifecycle:step_through_lifecycle:start_capabilities:start{name="DATA_CAPABILITY"}: lifecycler::capability_client: Received success code for start cap_name=DATA_CAPABILITY
2025-11-16T13:46:25.998080Z  INFO run_lifecycler:run_service_and_step_through_lifecycle:step_through_lifecycle:start_capabilities:start{name="DATA_CAPABILITY"}: lifecycler::capability_client: close time.busy=229µs time.idle=3.25s
2025-11-16T13:46:25.998120Z  INFO run_lifecycler:run_service_and_step_through_lifecycle:step_through_lifecycle:start_capabilities: lifecycler::lifecycle: close time.busy=1.26ms time.idle=3.25s
2025-11-16T13:46:25.998152Z  INFO run_lifecycler:run_service_and_step_through_lifecycle:step_through_lifecycle:exit_capabilities{cap_type=Operation job_result=JobResult { job_status: Succeeded, error: None }}: lifecycler::lifecycle: close time.busy=2.90µs time.idle=9.00µs
2025-11-16T13:46:25.998164Z  INFO run_lifecycler:run_service_and_step_through_lifecycle:step_through_lifecycle: lifecycler::lifecycle: exited operation caps: true
2025-11-16T13:46:25.998309Z  INFO run_lifecycler:run_service_and_step_through_lifecycle:step_through_lifecycle:connect_executor:connect:connect: grpc_utils::endpoint::connect: Connecting to gRPC service endpoint=Uds("/mnt/azureml/cr/j/524ea326f4294e3da5e30e0efd2ce5d0/.grpc/executor:0") retry=FixedIntervalRetry { attempt_timeout_millis: 50, retry_delay_millis: 10, max_duration: 7200s }
2025-11-16T13:47:02.748524Z  WARN grpc_utils::span: failed to inject span context to grpc request
2025-11-16T13:47:02.748592Z  WARN grpc_utils::span: failed to inject span context to grpc request
2025-11-16T13:47:02.748629Z  WARN grpc_utils::span: failed to inject span context to grpc request
2025-11-16T13:47:02.748648Z  WARN grpc_utils::span: failed to inject span context to grpc request
2025-11-16T13:47:02.748664Z  WARN grpc_utils::span: failed to inject span context to grpc request
2025-11-16T13:47:42.751620Z  WARN grpc_utils::span: failed to inject span context to grpc request
2025-11-16T13:47:42.751732Z  WARN grpc_utils::span: failed to inject span context to grpc request
2025-11-16T13:47:42.751762Z  WARN grpc_utils::span: failed to inject span context to grpc request
2025-11-16T13:47:42.751790Z  WARN grpc_utils::span: failed to inject span context to grpc request
2025-11-16T13:47:42.751808Z  WARN grpc_utils::span: failed to inject span context to grpc request
2025-11-16T13:48:22.754282Z  WARN grpc_utils::span: failed to inject span context to grpc request
2025-11-16T13:48:22.754366Z  WARN grpc_utils::span: failed to inject span context to grpc request
2025-11-16T13:48:22.754395Z  WARN grpc_utils::span: failed to inject span context to grpc request
2025-11-16T13:48:22.754415Z  WARN grpc_utils::span: failed to inject span context to grpc request
2025-11-16T13:48:22.754461Z  WARN grpc_utils::span: failed to inject span context to grpc request
2025-11-16T13:49:02.756113Z  WARN grpc_utils::span: failed to inject span context to grpc request
2025-11-16T13:49:02.756179Z  WARN grpc_utils::span: failed to inject span context to grpc request
2025-11-16T13:49:02.756207Z  WARN grpc_utils::span: failed to inject span context to grpc request
2025-11-16T13:49:02.756223Z  WARN grpc_utils::span: failed to inject span context to grpc request
2025-11-16T13:49:02.756246Z  WARN grpc_utils::span: failed to inject span context to grpc request
2025-11-16T13:49:02.756933Z  INFO lifecycler::health_client: Health status for service: HOSTTOOLS_CAPABILITY service_name=HOSTTOOLS_CAPABILITY health_status=1
2025-11-16T13:49:02.756987Z  INFO lifecycler::health_client: Health status for service: SNAPSHOT_CAPABILITY service_name=SNAPSHOT_CAPABILITY health_status=1
2025-11-16T13:49:02.757019Z  INFO lifecycler::health_client: Health status for service: METRICS_CAPABILITY service_name=METRICS_CAPABILITY health_status=1
2025-11-16T13:49:02.757522Z  INFO lifecycler::health_client: Health status for service: CS_CAPABILITY service_name=CS_CAPABILITY health_status=1
2025-11-16T13:49:02.757857Z  INFO lifecycler::health_client: Health status for service: DATA_CAPABILITY service_name=DATA_CAPABILITY health_status=1
2025-11-16T13:49:42.759347Z  WARN grpc_utils::span: failed to inject span context to grpc request
2025-11-16T13:49:42.759411Z  WARN grpc_utils::span: failed to inject span context to grpc request
2025-11-16T13:49:42.759434Z  WARN grpc_utils::span: failed to inject span context to grpc request
2025-11-16T13:49:42.759450Z  WARN grpc_utils::span: failed to inject span context to grpc request
2025-11-16T13:49:42.759472Z  WARN grpc_utils::span: failed to inject span context to grpc request
2025-11-16T13:49:47.588718Z  INFO run_lifecycler:run_service_and_step_through_lifecycle:step_through_lifecycle:connect_executor:connect:connect: grpc_utils::endpoint::connect: Successfully connected to gRPC service endpoint=Uds("/mnt/azureml/cr/j/524ea326f4294e3da5e30e0efd2ce5d0/.grpc/executor:0")
2025-11-16T13:49:47.588793Z  INFO run_lifecycler:run_service_and_step_through_lifecycle:step_through_lifecycle:connect_executor:connect:connect: grpc_utils::endpoint::connect: close time.busy=761ms time.idle=201s
2025-11-16T13:49:47.588822Z  INFO run_lifecycler:run_service_and_step_through_lifecycle:step_through_lifecycle:connect_executor:connect: lifecycler::executor_client: close time.busy=788ms time.idle=201s
2025-11-16T13:49:47.588945Z  INFO run_lifecycler:run_service_and_step_through_lifecycle:step_through_lifecycle:connect_executor:connect:connect: grpc_utils::endpoint::connect: Connecting to gRPC service endpoint=Uds("/mnt/azureml/cr/j/524ea326f4294e3da5e30e0efd2ce5d0/.grpc/executor:0") retry=FixedIntervalRetry { attempt_timeout_millis: 50, retry_delay_millis: 10, max_duration: 7200s }
2025-11-16T13:49:47.589170Z  INFO run_lifecycler:run_service_and_step_through_lifecycle:step_through_lifecycle:connect_executor:connect:connect: grpc_utils::endpoint::connect: Successfully connected to gRPC service endpoint=Uds("/mnt/azureml/cr/j/524ea326f4294e3da5e30e0efd2ce5d0/.grpc/executor:0")
2025-11-16T13:49:47.589209Z  INFO run_lifecycler:run_service_and_step_through_lifecycle:step_through_lifecycle:connect_executor:connect:connect: grpc_utils::endpoint::connect: close time.busy=148µs time.idle=119µs
2025-11-16T13:49:47.589218Z  INFO run_lifecycler:run_service_and_step_through_lifecycle:step_through_lifecycle:connect_executor:connect: lifecycler::executor_client: close time.busy=262µs time.idle=120µs
2025-11-16T13:49:47.589286Z  INFO run_lifecycler:run_service_and_step_through_lifecycle:step_through_lifecycle:connect_executor:connect: grpc_utils::endpoint::connect: Connecting to gRPC service endpoint=Uds("/mnt/azureml/cr/j/524ea326f4294e3da5e30e0efd2ce5d0/.grpc/executor:0") retry=FixedIntervalRetry { attempt_timeout_millis: 50, retry_delay_millis: 10, max_duration: 7200s }
2025-11-16T13:49:47.589715Z  INFO run_lifecycler:run_service_and_step_through_lifecycle:step_through_lifecycle:connect_executor:connect: grpc_utils::endpoint::connect: Successfully connected to gRPC service endpoint=Uds("/mnt/azureml/cr/j/524ea326f4294e3da5e30e0efd2ce5d0/.grpc/executor:0")
2025-11-16T13:49:47.589758Z  INFO run_lifecycler:run_service_and_step_through_lifecycle:step_through_lifecycle:connect_executor:connect: grpc_utils::endpoint::connect: close time.busy=410µs time.idle=63.8µs
2025-11-16T13:49:47.589782Z  INFO run_lifecycler:run_service_and_step_through_lifecycle:step_through_lifecycle:connect_executor:wait_for_service_healthy: lifecycler::health_monitor: Waiting for service to become healthy: Executor service_name=Executor timeout=30s
2025-11-16T13:49:47.589817Z  WARN run_lifecycler:run_service_and_step_through_lifecycle:step_through_lifecycle:connect_executor:wait_for_service_healthy: grpc_utils::span: failed to inject span context to grpc request
2025-11-16T13:49:47.590329Z  INFO run_lifecycler:run_service_and_step_through_lifecycle:step_through_lifecycle:connect_executor:wait_for_service_healthy: lifecycler::health_client: Health status for service: Executor service_name=Executor health_status=1
2025-11-16T13:49:47.590421Z  INFO run_lifecycler:run_service_and_step_through_lifecycle:step_through_lifecycle:connect_executor:wait_for_service_healthy: lifecycler::health_monitor: Service has become healthy service_name=Executor
2025-11-16T13:49:47.590444Z  INFO run_lifecycler:run_service_and_step_through_lifecycle:step_through_lifecycle:connect_executor:wait_for_service_healthy: lifecycler::health_monitor: close time.busy=244µs time.idle=422µs
2025-11-16T13:49:47.590509Z  INFO run_lifecycler:run_service_and_step_through_lifecycle:step_through_lifecycle:connect_executor: lifecycler::lifecycle: close time.busy=818ms time.idle=201s
2025-11-16T13:49:47.590535Z  INFO run_lifecycler:run_service_and_step_through_lifecycle:step_through_lifecycle:connect_lifecyclers{lifecycler_addresses=None}: lifecycler::lifecycle: close time.busy=1.00µs time.idle=5.30µs
2025-11-16T13:49:47.590606Z  INFO run_lifecycler:run_service_and_step_through_lifecycle:step_through_lifecycle:execute: lifecycler::lifecycle: entering phase rank=None phase=0 is_leader=true entered_phases=false
2025-11-16T13:49:47.590649Z  INFO run_lifecycler:run_service_and_step_through_lifecycle:step_through_lifecycle:execute:barrier_sync: lifecycler::lifecycle: close time.busy=900ns time.idle=2.80µs
2025-11-16T13:49:47.590714Z  INFO run_lifecycler:run_service_and_step_through_lifecycle:step_through_lifecycle:execute: lifecycler::lifecycle: Successfully got AzureML Context from environment, updating Run History with new run attempt
2025-11-16T13:49:47.590737Z  WARN run_lifecycler:run_service_and_step_through_lifecycle:step_through_lifecycle:execute: lifecycler::lifecycle: Skip updating run_attempt since cannot find AZUREML_CR_ENABLE_RUN_ATTEMPT_COUNT_BY_RUN_HISTORY from environment
2025-11-16T13:49:47.590776Z  INFO run_lifecycler:run_service_and_step_through_lifecycle:step_through_lifecycle:execute: lifecycler::lifecycle: starting phase execution rank=None phase=0
2025-11-16T13:49:47.590798Z  INFO run_lifecycler:run_service_and_step_through_lifecycle:step_through_lifecycle:execute: lifecycler::lifecycle: executing phase commands rank=None phase=0
2025-11-16T13:49:47.590834Z  INFO run_lifecycler:run_service_and_step_through_lifecycle:step_through_lifecycle:execute:executor_client::execute_commands{lifecycle_address="/mnt/azureml/cr/j/524ea326f4294e3da5e30e0efd2ce5d0/.grpc/lifecycler:0" scheduling=None debug_mode=Some(false)}: lifecycler::executor_client: Executing commands
2025-11-16T13:49:47.590893Z  WARN run_lifecycler:run_service_and_step_through_lifecycle:step_through_lifecycle:execute:executor_client::execute_commands{lifecycle_address="/mnt/azureml/cr/j/524ea326f4294e3da5e30e0efd2ce5d0/.grpc/lifecycler:0" scheduling=None debug_mode=Some(false)}:executor_client::start_execution{lifecycler_address="/mnt/azureml/cr/j/524ea326f4294e3da5e30e0efd2ce5d0/.grpc/lifecycler:0" debug_mode=Some(false) commands_f=Command(Command { executable: Shell { path: None, command: "python scripts/azure_train_eval.py model=unet experiment.log_mlflow=True experiment.experiment_strategy=verification_box model.num_epochs=1 experiment.num_workers=2 +experiment.report_metrics_to_file=True model.encoder_name=efficientnet-b0 model.batch_size=4", success_return_code: Zero { additional_codes: [] } }, stderr: None, stdout: Some("user_logs/std_log.txt") }) path_mappings_f={}}: grpc_utils::span: failed to inject span context to grpc request
2025-11-16T13:49:47.590912Z  INFO run_lifecycler:run_service_and_step_through_lifecycle:step_through_lifecycle:execute:executor_client::execute_commands{lifecycle_address="/mnt/azureml/cr/j/524ea326f4294e3da5e30e0efd2ce5d0/.grpc/lifecycler:0" scheduling=None debug_mode=Some(false)}:executor_client::start_execution{lifecycler_address="/mnt/azureml/cr/j/524ea326f4294e3da5e30e0efd2ce5d0/.grpc/lifecycler:0" debug_mode=Some(false) commands_f=Command(Command { executable: Shell { path: None, command: "python scripts/azure_train_eval.py model=unet experiment.log_mlflow=True experiment.experiment_strategy=verification_box model.num_epochs=1 experiment.num_workers=2 +experiment.report_metrics_to_file=True model.encoder_name=efficientnet-b0 model.batch_size=4", success_return_code: Zero { additional_codes: [] } }, stderr: None, stdout: Some("user_logs/std_log.txt") }) path_mappings_f={}}: lifecycler::executor_client: Starting execution execution_id=05f3c9fb-6e4c-4ad7-810f-4c6fd9bd8659 lifecycler_address=/mnt/azureml/cr/j/524ea326f4294e3da5e30e0efd2ce5d0/.grpc/lifecycler:0
2025-11-16T13:49:47.596591Z  INFO run_lifecycler:run_service_and_step_through_lifecycle:step_through_lifecycle:execute:executor_client::execute_commands{lifecycle_address="/mnt/azureml/cr/j/524ea326f4294e3da5e30e0efd2ce5d0/.grpc/lifecycler:0" scheduling=None debug_mode=Some(false)}:executor_client::start_execution{lifecycler_address="/mnt/azureml/cr/j/524ea326f4294e3da5e30e0efd2ce5d0/.grpc/lifecycler:0" debug_mode=Some(false) commands_f=Command(Command { executable: Shell { path: None, command: "python scripts/azure_train_eval.py model=unet experiment.log_mlflow=True experiment.experiment_strategy=verification_box model.num_epochs=1 experiment.num_workers=2 +experiment.report_metrics_to_file=True model.encoder_name=efficientnet-b0 model.batch_size=4", success_return_code: Zero { additional_codes: [] } }, stderr: None, stdout: Some("user_logs/std_log.txt") }) path_mappings_f={}}: lifecycler::executor_client: close time.busy=125µs time.idle=5.61ms
2025-11-16T13:49:47.596616Z  INFO run_lifecycler:run_service_and_step_through_lifecycle:step_through_lifecycle:execute:executor_client::execute_commands{lifecycle_address="/mnt/azureml/cr/j/524ea326f4294e3da5e30e0efd2ce5d0/.grpc/lifecycler:0" scheduling=None debug_mode=Some(false)}: lifecycler::executor_client: Waiting for execution completion execution_id="05f3c9fb-6e4c-4ad7-810f-4c6fd9bd8659"
2025-11-16T13:50:02.028669Z  INFO ExecutionCallbackServicer::complete_execution: grpc_utils::server: Got grpc request request_name="complete_execution" remote_addr=None
2025-11-16T13:50:02.028745Z  INFO ExecutionCallbackServicer::complete_execution: lifecycler::service: close time.busy=85.5µs time.idle=9.10µs
2025-11-16T13:50:02.028778Z  INFO run_lifecycler:run_service_and_step_through_lifecycle:step_through_lifecycle:execute:executor_client::execute_commands{lifecycle_address="/mnt/azureml/cr/j/524ea326f4294e3da5e30e0efd2ce5d0/.grpc/lifecycler:0" scheduling=None debug_mode=Some(false)}:executor_client::wait_for_execution_completion{execution_id="05f3c9fb-6e4c-4ad7-810f-4c6fd9bd8659"}: lifecycler::executor_client: close time.busy=5.70µs time.idle=14.4s
2025-11-16T13:50:02.028817Z  INFO run_lifecycler:run_service_and_step_through_lifecycle:step_through_lifecycle:execute:executor_client::execute_commands{lifecycle_address="/mnt/azureml/cr/j/524ea326f4294e3da5e30e0efd2ce5d0/.grpc/lifecycler:0" scheduling=None debug_mode=Some(false)}: lifecycler::executor_client: Execution completed execution_id="05f3c9fb-6e4c-4ad7-810f-4c6fd9bd8659"
2025-11-16T13:50:02.028919Z  INFO run_lifecycler:run_service_and_step_through_lifecycle:step_through_lifecycle:execute:executor_client::execute_commands{lifecycle_address="/mnt/azureml/cr/j/524ea326f4294e3da5e30e0efd2ce5d0/.grpc/lifecycler:0" scheduling=None debug_mode=Some(false)}: lifecycler::executor_client: close time.busy=364µs time.idle=14.4s
2025-11-16T13:50:02.028940Z ERROR run_lifecycler:run_service_and_step_through_lifecycle:step_through_lifecycle:execute: lifecycler::lifecycle: failed to execute commands exception=ExecutionFailed(ExecutionsFailures([ExecutionFailure { exit_code: 1, error_message: "Execution failed. User process 'python' exited with status code 1. Please check log file 'user_logs/std_log.txt' for error details. Error: │   274 │   │                                                                  │\n│   275 │   │   # Apply command line overrides after enabling strict flag      │\n│ ❱ 276 │   │   ConfigLoaderImpl._apply_overrides_to_config(config_overrides,  │\n│   277 │   │   app_overrides = []                                             │\n│   278 │   │   for override in parsed_overrides:                              │\n│   279 │   │   │   if override.is_hydra_override():                           │\n│                                                                              │\n│ /opt/conda/envs/ptca/lib/python3.10/site-packages/hydra/_internal/config_loa │\n│ der_impl.py:392 in _apply_overrides_to_config                                │\n│                                                                              │\n│   389 │   │   │   │   │   try:                                               │\n│   390 │   │   │   │   │   │   OmegaConf.update(cfg, key, value, merge=True)  │\n│   391 │   │   │   │   │   except (ConfigAttributeError, ConfigKeyError) as e │\n│ ❱ 392 │   │   │   │   │   │   raise ConfigCompositionException(              │\n│   393 │   │   │   │   │   │   │   f\"Could not override '{override.key_or_gro │\n│   394 │   │   │   │   │   │   │   f\"\\nTo append to your config use +{overrid │\n│   395 │   │   │   │   │   │   ) from ex                                      │\n╰──────────────────────────────────────────────────────────────────────────────╯\nConfigCompositionException: Could not override 'model.encoder_name'.\nTo append to your config use +model.encoder_name=efficientnet-b0\n", process_name: "python", error_file: "user_logs/std_log.txt" }])) rank=None phase=0
2025-11-16T13:50:02.029094Z  INFO run_lifecycler:run_service_and_step_through_lifecycle:step_through_lifecycle:execute: lifecycler::lifecycle: close time.busy=807µs time.idle=14.4s
2025-11-16T13:50:02.029145Z  WARN run_lifecycler:run_service_and_step_through_lifecycle:step_through_lifecycle:end_service_capabilities:end{name="CS_CAPABILITY"}: grpc_utils::span: failed to inject span context to grpc request
2025-11-16T13:50:02.029183Z  WARN run_lifecycler:run_service_and_step_through_lifecycle:step_through_lifecycle:end_service_capabilities:end{name="DATA_CAPABILITY"}: grpc_utils::span: failed to inject span context to grpc request
2025-11-16T13:50:02.029218Z  WARN run_lifecycler:run_service_and_step_through_lifecycle:step_through_lifecycle:end_service_capabilities:end{name="HOSTTOOLS_CAPABILITY"}: grpc_utils::span: failed to inject span context to grpc request
2025-11-16T13:50:02.029327Z  WARN run_lifecycler:run_service_and_step_through_lifecycle:step_through_lifecycle:end_service_capabilities:end{name="METRICS_CAPABILITY"}: grpc_utils::span: failed to inject span context to grpc request
2025-11-16T13:50:02.029467Z  WARN run_lifecycler:run_service_and_step_through_lifecycle:step_through_lifecycle:end_service_capabilities:end{name="SNAPSHOT_CAPABILITY"}: grpc_utils::span: failed to inject span context to grpc request
2025-11-16T13:50:02.031087Z  INFO run_lifecycler:run_service_and_step_through_lifecycle:step_through_lifecycle:end_service_capabilities:end{name="SNAPSHOT_CAPABILITY"}: lifecycler::capability_client: Received success code for end cap_name=SNAPSHOT_CAPABILITY
2025-11-16T13:50:02.031175Z  INFO run_lifecycler:run_service_and_step_through_lifecycle:step_through_lifecycle:end_service_capabilities:end{name="SNAPSHOT_CAPABILITY"}: lifecycler::capability_client: close time.busy=195µs time.idle=1.52ms
2025-11-16T13:50:02.031613Z  INFO run_lifecycler:run_service_and_step_through_lifecycle:step_through_lifecycle:end_service_capabilities:end{name="METRICS_CAPABILITY"}: lifecycler::capability_client: Received success code for end cap_name=METRICS_CAPABILITY
2025-11-16T13:50:02.031655Z  INFO run_lifecycler:run_service_and_step_through_lifecycle:step_through_lifecycle:end_service_capabilities:end{name="METRICS_CAPABILITY"}: lifecycler::capability_client: close time.busy=211µs time.idle=2.12ms
2025-11-16T13:50:02.042139Z  INFO run_lifecycler:run_service_and_step_through_lifecycle:step_through_lifecycle:end_service_capabilities:end{name="DATA_CAPABILITY"}: lifecycler::capability_client: Received success code for end cap_name=DATA_CAPABILITY
2025-11-16T13:50:02.042186Z  INFO run_lifecycler:run_service_and_step_through_lifecycle:step_through_lifecycle:end_service_capabilities:end{name="DATA_CAPABILITY"}: lifecycler::capability_client: close time.busy=110µs time.idle=12.9ms
