2025-11-16T15:29:34.572522Z  INFO telemetry: job_telemetry_init artifact_type=installed branch=origin/f3433e4a12ad41c670012842e6be04684c303297 ci_number=20251105.1 ci_name=CommonRuntime-RuntimeTeam-Linux-Prod-Build build_time=2025-11-05 17:43:33.021559
2025-11-16T15:29:34.572734Z  INFO load_config_from_env: lifecycler::config: Resolved grpc addresses lifecycler_address=/mnt/azureml/cr/j/0b05872608aa41c69ca48297933e3cf5/.grpc/lifecycler:0 executor_address=/mnt/azureml/cr/j/0b05872608aa41c69ca48297933e3cf5/.grpc/executor:0
2025-11-16T15:29:34.572951Z  INFO load_config_from_env:load_capability_addresses_from_env{capability_endpoints_from_config={"CS_CAPABILITY": CapabilityEndpoint { name: "CS_CAPABILITY", address: "/mnt/azureml/cr/j/0b05872608aa41c69ca48297933e3cf5/.grpc/cs-capability:0", type: Service }, "HOSTTOOLS_CAPABILITY": CapabilityEndpoint { name: "HOSTTOOLS_CAPABILITY", address: "/mnt/azureml/cr/j/0b05872608aa41c69ca48297933e3cf5/.grpc/hosttools-capability:0", type: Service }, "METRICS_CAPABILITY": CapabilityEndpoint { name: "METRICS_CAPABILITY", address: "/mnt/azureml/cr/j/0b05872608aa41c69ca48297933e3cf5/.grpc/metrics-capability:0", type: Service }, "SNAPSHOT_CAPABILITY": CapabilityEndpoint { name: "SNAPSHOT_CAPABILITY", address: "/mnt/azureml/cr/j/0b05872608aa41c69ca48297933e3cf5/.grpc/snapshot-capability:0", type: Service }}}: lifecycler::config: close time.busy=162µs time.idle=14.0µs
2025-11-16T15:29:34.572976Z  INFO load_config_from_env: lifecycler::config: close time.busy=365µs time.idle=22.0µs
2025-11-16T15:29:34.573019Z  INFO run_lifecycler:run_service_and_step_through_lifecycle: lifecycler::lifecycle: distributed config is not specified, skip setting up distributed barrier
2025-11-16T15:29:34.573053Z  INFO run_lifecycler:run_service_and_step_through_lifecycle: lifecycler::lifecycle: Trying to configure lifecycler to ignore termination signals
2025-11-16T15:29:34.573080Z  INFO run_lifecycler:run_service_and_step_through_lifecycle: cr_core: Successfully configured current process to ignore termination signals
2025-11-16T15:29:34.573209Z  INFO run_lifecycler:run_service_and_step_through_lifecycle:step_through_lifecycle:connect_capabilities:connect: grpc_utils::endpoint::connect: Connecting to gRPC service endpoint=Uds("/mnt/azureml/cr/j/0b05872608aa41c69ca48297933e3cf5/.grpc/cs-capability:0") retry=FixedIntervalRetry { attempt_timeout_millis: 50, retry_delay_millis: 10, max_duration: 7200s }
2025-11-16T15:29:34.573715Z  INFO Lifecycler::run_service{lifecycler_abort_state_writer=Some(LifecyclerAbortStateWriter { lifecycler_wd: "/mnt/azureml/cr/j/0b05872608aa41c69ca48297933e3cf5/cap/lifecycler/wd" })}: lifecycler::service: serving lifecycle service address=/mnt/azureml/cr/j/0b05872608aa41c69ca48297933e3cf5/.grpc/lifecycler:0
2025-11-16T15:29:34.573895Z  INFO Lifecycler::run_service{lifecycler_abort_state_writer=Some(LifecyclerAbortStateWriter { lifecycler_wd: "/mnt/azureml/cr/j/0b05872608aa41c69ca48297933e3cf5/cap/lifecycler/wd" })}:serve_more: grpc_utils::endpoint::serve: serving gRPC service endpoint=Uds("/mnt/azureml/cr/j/0b05872608aa41c69ca48297933e3cf5/.grpc/lifecycler:0") retry=ExponentialBackoffRetry { retry_delay_secs: 2, delay_factor: 1000, num_retries: 3 }
2025-11-16T15:30:23.346085Z  INFO run_lifecycler:run_service_and_step_through_lifecycle:step_through_lifecycle:connect_capabilities:connect: grpc_utils::endpoint::connect: Successfully connected to gRPC service endpoint=Uds("/mnt/azureml/cr/j/0b05872608aa41c69ca48297933e3cf5/.grpc/cs-capability:0")
2025-11-16T15:30:23.346198Z  INFO run_lifecycler:run_service_and_step_through_lifecycle:step_through_lifecycle:connect_capabilities:connect: grpc_utils::endpoint::connect: close time.busy=188ms time.idle=48.6s
2025-11-16T15:30:23.346333Z  INFO run_lifecycler:run_service_and_step_through_lifecycle:step_through_lifecycle:connect_capabilities:connect: grpc_utils::endpoint::connect: Connecting to gRPC service endpoint=Uds("/mnt/azureml/cr/j/0b05872608aa41c69ca48297933e3cf5/.grpc/cs-capability:0") retry=FixedIntervalRetry { attempt_timeout_millis: 50, retry_delay_millis: 10, max_duration: 7200s }
2025-11-16T15:30:23.346577Z  INFO run_lifecycler:run_service_and_step_through_lifecycle:step_through_lifecycle:connect_capabilities:connect: grpc_utils::endpoint::connect: Successfully connected to gRPC service endpoint=Uds("/mnt/azureml/cr/j/0b05872608aa41c69ca48297933e3cf5/.grpc/cs-capability:0")
2025-11-16T15:30:23.346614Z  INFO run_lifecycler:run_service_and_step_through_lifecycle:step_through_lifecycle:connect_capabilities:connect: grpc_utils::endpoint::connect: close time.busy=229µs time.idle=59.6µs
2025-11-16T15:30:23.346681Z  INFO run_lifecycler:run_service_and_step_through_lifecycle:step_through_lifecycle:connect_capabilities:wait_for_service_healthy: lifecycler::health_monitor: Waiting for service to become healthy: CS_CAPABILITY service_name=CS_CAPABILITY timeout=30s
2025-11-16T15:30:23.346754Z  WARN run_lifecycler:run_service_and_step_through_lifecycle:step_through_lifecycle:connect_capabilities:wait_for_service_healthy: grpc_utils::span: failed to inject span context to grpc request
2025-11-16T15:30:23.348017Z  INFO run_lifecycler:run_service_and_step_through_lifecycle:step_through_lifecycle:connect_capabilities:wait_for_service_healthy: lifecycler::health_client: Health status for service: CS_CAPABILITY service_name=CS_CAPABILITY health_status=1
2025-11-16T15:30:23.348133Z  INFO run_lifecycler:run_service_and_step_through_lifecycle:step_through_lifecycle:connect_capabilities:wait_for_service_healthy: lifecycler::health_monitor: Service has become healthy service_name=CS_CAPABILITY
2025-11-16T15:30:23.348176Z  INFO run_lifecycler:run_service_and_step_through_lifecycle:step_through_lifecycle:connect_capabilities:wait_for_service_healthy: lifecycler::health_monitor: close time.busy=336µs time.idle=1.16ms
2025-11-16T15:30:23.348326Z  INFO run_lifecycler:run_service_and_step_through_lifecycle:step_through_lifecycle:connect_capabilities:connect: grpc_utils::endpoint::connect: Connecting to gRPC service endpoint=Uds("/mnt/azureml/cr/j/0b05872608aa41c69ca48297933e3cf5/.grpc/hosttools-capability:0") retry=FixedIntervalRetry { attempt_timeout_millis: 50, retry_delay_millis: 10, max_duration: 7200s }
2025-11-16T15:30:23.348586Z  INFO run_lifecycler:run_service_and_step_through_lifecycle:step_through_lifecycle:connect_capabilities:connect: grpc_utils::endpoint::connect: Successfully connected to gRPC service endpoint=Uds("/mnt/azureml/cr/j/0b05872608aa41c69ca48297933e3cf5/.grpc/hosttools-capability:0")
2025-11-16T15:30:23.348658Z  INFO run_lifecycler:run_service_and_step_through_lifecycle:step_through_lifecycle:connect_capabilities:connect: grpc_utils::endpoint::connect: close time.busy=250µs time.idle=85.7µs
2025-11-16T15:30:23.348768Z  INFO run_lifecycler:run_service_and_step_through_lifecycle:step_through_lifecycle:connect_capabilities:connect: grpc_utils::endpoint::connect: Connecting to gRPC service endpoint=Uds("/mnt/azureml/cr/j/0b05872608aa41c69ca48297933e3cf5/.grpc/hosttools-capability:0") retry=FixedIntervalRetry { attempt_timeout_millis: 50, retry_delay_millis: 10, max_duration: 7200s }
2025-11-16T15:30:23.349082Z  INFO run_lifecycler:run_service_and_step_through_lifecycle:step_through_lifecycle:connect_capabilities:connect: grpc_utils::endpoint::connect: Successfully connected to gRPC service endpoint=Uds("/mnt/azureml/cr/j/0b05872608aa41c69ca48297933e3cf5/.grpc/hosttools-capability:0")
2025-11-16T15:30:23.349124Z  INFO run_lifecycler:run_service_and_step_through_lifecycle:step_through_lifecycle:connect_capabilities:connect: grpc_utils::endpoint::connect: close time.busy=237µs time.idle=122µs
2025-11-16T15:30:23.349140Z  INFO run_lifecycler:run_service_and_step_through_lifecycle:step_through_lifecycle:connect_capabilities:wait_for_service_healthy: lifecycler::health_monitor: Waiting for service to become healthy: HOSTTOOLS_CAPABILITY service_name=HOSTTOOLS_CAPABILITY timeout=30s
2025-11-16T15:30:23.349173Z  WARN run_lifecycler:run_service_and_step_through_lifecycle:step_through_lifecycle:connect_capabilities:wait_for_service_healthy: grpc_utils::span: failed to inject span context to grpc request
2025-11-16T15:30:23.349710Z  INFO run_lifecycler:run_service_and_step_through_lifecycle:step_through_lifecycle:connect_capabilities:wait_for_service_healthy: lifecycler::health_client: Health status for service: HOSTTOOLS_CAPABILITY service_name=HOSTTOOLS_CAPABILITY health_status=1
2025-11-16T15:30:23.349834Z  INFO run_lifecycler:run_service_and_step_through_lifecycle:step_through_lifecycle:connect_capabilities:wait_for_service_healthy: lifecycler::health_monitor: Service has become healthy service_name=HOSTTOOLS_CAPABILITY
2025-11-16T15:30:23.349900Z  INFO run_lifecycler:run_service_and_step_through_lifecycle:step_through_lifecycle:connect_capabilities:wait_for_service_healthy: lifecycler::health_monitor: close time.busy=286µs time.idle=477µs
2025-11-16T15:30:23.350075Z  INFO run_lifecycler:run_service_and_step_through_lifecycle:step_through_lifecycle:connect_capabilities:connect: grpc_utils::endpoint::connect: Connecting to gRPC service endpoint=Uds("/mnt/azureml/cr/j/0b05872608aa41c69ca48297933e3cf5/.grpc/metrics-capability:0") retry=FixedIntervalRetry { attempt_timeout_millis: 50, retry_delay_millis: 10, max_duration: 7200s }
2025-11-16T15:30:23.350277Z  INFO run_lifecycler:run_service_and_step_through_lifecycle:step_through_lifecycle:connect_capabilities:connect: grpc_utils::endpoint::connect: Successfully connected to gRPC service endpoint=Uds("/mnt/azureml/cr/j/0b05872608aa41c69ca48297933e3cf5/.grpc/metrics-capability:0")
2025-11-16T15:30:23.350318Z  INFO run_lifecycler:run_service_and_step_through_lifecycle:step_through_lifecycle:connect_capabilities:connect: grpc_utils::endpoint::connect: close time.busy=188µs time.idle=58.2µs
2025-11-16T15:30:23.350405Z  INFO run_lifecycler:run_service_and_step_through_lifecycle:step_through_lifecycle:connect_capabilities:connect: grpc_utils::endpoint::connect: Connecting to gRPC service endpoint=Uds("/mnt/azureml/cr/j/0b05872608aa41c69ca48297933e3cf5/.grpc/metrics-capability:0") retry=FixedIntervalRetry { attempt_timeout_millis: 50, retry_delay_millis: 10, max_duration: 7200s }
2025-11-16T15:30:23.350581Z  INFO run_lifecycler:run_service_and_step_through_lifecycle:step_through_lifecycle:connect_capabilities:connect: grpc_utils::endpoint::connect: Successfully connected to gRPC service endpoint=Uds("/mnt/azureml/cr/j/0b05872608aa41c69ca48297933e3cf5/.grpc/metrics-capability:0")
2025-11-16T15:30:23.350658Z  INFO run_lifecycler:run_service_and_step_through_lifecycle:step_through_lifecycle:connect_capabilities:connect: grpc_utils::endpoint::connect: close time.busy=215µs time.idle=41.0µs
2025-11-16T15:30:23.350680Z  INFO run_lifecycler:run_service_and_step_through_lifecycle:step_through_lifecycle:connect_capabilities:wait_for_service_healthy: lifecycler::health_monitor: Waiting for service to become healthy: METRICS_CAPABILITY service_name=METRICS_CAPABILITY timeout=30s
2025-11-16T15:30:23.350869Z  WARN run_lifecycler:run_service_and_step_through_lifecycle:step_through_lifecycle:connect_capabilities:wait_for_service_healthy: grpc_utils::span: failed to inject span context to grpc request
2025-11-16T15:30:23.351391Z  INFO run_lifecycler:run_service_and_step_through_lifecycle:step_through_lifecycle:connect_capabilities:wait_for_service_healthy: lifecycler::health_client: Health status for service: METRICS_CAPABILITY service_name=METRICS_CAPABILITY health_status=1
2025-11-16T15:30:23.351478Z  INFO run_lifecycler:run_service_and_step_through_lifecycle:step_through_lifecycle:connect_capabilities:wait_for_service_healthy: lifecycler::health_monitor: Service has become healthy service_name=METRICS_CAPABILITY
2025-11-16T15:30:23.351518Z  INFO run_lifecycler:run_service_and_step_through_lifecycle:step_through_lifecycle:connect_capabilities:wait_for_service_healthy: lifecycler::health_monitor: close time.busy=433µs time.idle=408µs
2025-11-16T15:30:23.351634Z  INFO run_lifecycler:run_service_and_step_through_lifecycle:step_through_lifecycle:connect_capabilities:connect: grpc_utils::endpoint::connect: Connecting to gRPC service endpoint=Uds("/mnt/azureml/cr/j/0b05872608aa41c69ca48297933e3cf5/.grpc/snapshot-capability:0") retry=FixedIntervalRetry { attempt_timeout_millis: 50, retry_delay_millis: 10, max_duration: 7200s }
2025-11-16T15:30:23.351865Z  INFO run_lifecycler:run_service_and_step_through_lifecycle:step_through_lifecycle:connect_capabilities:connect: grpc_utils::endpoint::connect: Successfully connected to gRPC service endpoint=Uds("/mnt/azureml/cr/j/0b05872608aa41c69ca48297933e3cf5/.grpc/snapshot-capability:0")
2025-11-16T15:30:23.351919Z  INFO run_lifecycler:run_service_and_step_through_lifecycle:step_through_lifecycle:connect_capabilities:connect: grpc_utils::endpoint::connect: close time.busy=182µs time.idle=106µs
2025-11-16T15:30:23.352071Z  INFO run_lifecycler:run_service_and_step_through_lifecycle:step_through_lifecycle:connect_capabilities:connect: grpc_utils::endpoint::connect: Connecting to gRPC service endpoint=Uds("/mnt/azureml/cr/j/0b05872608aa41c69ca48297933e3cf5/.grpc/snapshot-capability:0") retry=FixedIntervalRetry { attempt_timeout_millis: 50, retry_delay_millis: 10, max_duration: 7200s }
2025-11-16T15:30:23.352338Z  INFO run_lifecycler:run_service_and_step_through_lifecycle:step_through_lifecycle:connect_capabilities:connect: grpc_utils::endpoint::connect: Successfully connected to gRPC service endpoint=Uds("/mnt/azureml/cr/j/0b05872608aa41c69ca48297933e3cf5/.grpc/snapshot-capability:0")
2025-11-16T15:30:23.352379Z  INFO run_lifecycler:run_service_and_step_through_lifecycle:step_through_lifecycle:connect_capabilities:connect: grpc_utils::endpoint::connect: close time.busy=264µs time.idle=47.0µs
2025-11-16T15:30:23.352513Z  INFO run_lifecycler:run_service_and_step_through_lifecycle:step_through_lifecycle:connect_capabilities:wait_for_service_healthy: lifecycler::health_monitor: Waiting for service to become healthy: SNAPSHOT_CAPABILITY service_name=SNAPSHOT_CAPABILITY timeout=30s
2025-11-16T15:30:23.352590Z  WARN run_lifecycler:run_service_and_step_through_lifecycle:step_through_lifecycle:connect_capabilities:wait_for_service_healthy: grpc_utils::span: failed to inject span context to grpc request
2025-11-16T15:30:23.353101Z  INFO run_lifecycler:run_service_and_step_through_lifecycle:step_through_lifecycle:connect_capabilities:wait_for_service_healthy: lifecycler::health_client: Health status for service: SNAPSHOT_CAPABILITY service_name=SNAPSHOT_CAPABILITY health_status=1
2025-11-16T15:30:23.353173Z  INFO run_lifecycler:run_service_and_step_through_lifecycle:step_through_lifecycle:connect_capabilities:wait_for_service_healthy: lifecycler::health_monitor: Service has become healthy service_name=SNAPSHOT_CAPABILITY
2025-11-16T15:30:23.353218Z  INFO run_lifecycler:run_service_and_step_through_lifecycle:step_through_lifecycle:connect_capabilities:wait_for_service_healthy: lifecycler::health_monitor: close time.busy=339µs time.idle=369µs
2025-11-16T15:30:23.353265Z  INFO run_lifecycler:run_service_and_step_through_lifecycle:step_through_lifecycle:connect_capabilities: lifecycler::lifecycle: close time.busy=204ms time.idle=48.6s
2025-11-16T15:30:23.353310Z  WARN grpc_utils::span: failed to inject span context to grpc request
2025-11-16T15:30:23.353350Z  WARN grpc_utils::span: failed to inject span context to grpc request
2025-11-16T15:30:23.353366Z  WARN run_lifecycler:run_service_and_step_through_lifecycle:step_through_lifecycle:start_capabilities:start{name="CS_CAPABILITY"}: grpc_utils::span: failed to inject span context to grpc request
2025-11-16T15:30:23.353380Z  WARN grpc_utils::span: failed to inject span context to grpc request
2025-11-16T15:30:23.353394Z  WARN grpc_utils::span: failed to inject span context to grpc request
2025-11-16T15:30:23.353406Z  WARN run_lifecycler:run_service_and_step_through_lifecycle:step_through_lifecycle:start_capabilities:start{name="HOSTTOOLS_CAPABILITY"}: grpc_utils::span: failed to inject span context to grpc request
2025-11-16T15:30:23.353494Z  WARN run_lifecycler:run_service_and_step_through_lifecycle:step_through_lifecycle:start_capabilities:start{name="METRICS_CAPABILITY"}: grpc_utils::span: failed to inject span context to grpc request
2025-11-16T15:30:23.353552Z  WARN run_lifecycler:run_service_and_step_through_lifecycle:step_through_lifecycle:start_capabilities:start{name="SNAPSHOT_CAPABILITY"}: grpc_utils::span: failed to inject span context to grpc request
2025-11-16T15:30:23.354375Z  INFO run_lifecycler:run_service_and_step_through_lifecycle:step_through_lifecycle:start_capabilities:start{name="HOSTTOOLS_CAPABILITY"}: lifecycler::capability_client: Received success code for start cap_name=HOSTTOOLS_CAPABILITY
2025-11-16T15:30:23.354506Z  INFO run_lifecycler:run_service_and_step_through_lifecycle:step_through_lifecycle:start_capabilities:start{name="HOSTTOOLS_CAPABILITY"}: lifecycler::capability_client: close time.busy=250µs time.idle=854µs
2025-11-16T15:30:23.354579Z  INFO run_lifecycler:run_service_and_step_through_lifecycle:step_through_lifecycle:start_capabilities:start{name="METRICS_CAPABILITY"}: lifecycler::capability_client: Received success code for start cap_name=METRICS_CAPABILITY
2025-11-16T15:30:23.354688Z  INFO run_lifecycler:run_service_and_step_through_lifecycle:step_through_lifecycle:start_capabilities:start{name="METRICS_CAPABILITY"}: lifecycler::capability_client: close time.busy=178µs time.idle=1.02ms
2025-11-16T15:30:23.404916Z  INFO run_lifecycler:run_service_and_step_through_lifecycle:step_through_lifecycle:start_capabilities:start{name="CS_CAPABILITY"}: lifecycler::capability_client: Received success code for start cap_name=CS_CAPABILITY
2025-11-16T15:30:23.404983Z  INFO run_lifecycler:run_service_and_step_through_lifecycle:step_through_lifecycle:start_capabilities:start{name="CS_CAPABILITY"}: lifecycler::capability_client: close time.busy=157µs time.idle=51.5ms
2025-11-16T15:30:24.401219Z  INFO run_lifecycler:run_service_and_step_through_lifecycle:step_through_lifecycle:start_capabilities:start{name="SNAPSHOT_CAPABILITY"}: lifecycler::capability_client: Received success code for start cap_name=SNAPSHOT_CAPABILITY
2025-11-16T15:30:24.401297Z  INFO run_lifecycler:run_service_and_step_through_lifecycle:step_through_lifecycle:start_capabilities:start{name="SNAPSHOT_CAPABILITY"}: lifecycler::capability_client: close time.busy=306µs time.idle=1.05s
2025-11-16T15:30:24.401332Z  INFO run_lifecycler:run_service_and_step_through_lifecycle:step_through_lifecycle:start_capabilities: lifecycler::lifecycle: close time.busy=1.10ms time.idle=1.05s
2025-11-16T15:30:24.401366Z  INFO run_lifecycler:run_service_and_step_through_lifecycle:step_through_lifecycle:exit_capabilities{cap_type=Operation job_result=JobResult { job_status: Succeeded, error: None }}: lifecycler::lifecycle: close time.busy=2.80µs time.idle=9.30µs
2025-11-16T15:30:24.401380Z  INFO run_lifecycler:run_service_and_step_through_lifecycle:step_through_lifecycle: lifecycler::lifecycle: exited operation caps: true
2025-11-16T15:30:24.401536Z  INFO run_lifecycler:run_service_and_step_through_lifecycle:step_through_lifecycle:connect_executor:connect:connect: grpc_utils::endpoint::connect: Connecting to gRPC service endpoint=Uds("/mnt/azureml/cr/j/0b05872608aa41c69ca48297933e3cf5/.grpc/executor:0") retry=FixedIntervalRetry { attempt_timeout_millis: 50, retry_delay_millis: 10, max_duration: 7200s }
2025-11-16T15:31:03.356646Z  WARN grpc_utils::span: failed to inject span context to grpc request
2025-11-16T15:31:03.356719Z  WARN grpc_utils::span: failed to inject span context to grpc request
2025-11-16T15:31:03.356747Z  WARN grpc_utils::span: failed to inject span context to grpc request
2025-11-16T15:31:03.356762Z  WARN grpc_utils::span: failed to inject span context to grpc request
2025-11-16T15:31:43.359495Z  WARN grpc_utils::span: failed to inject span context to grpc request
2025-11-16T15:31:43.359562Z  WARN grpc_utils::span: failed to inject span context to grpc request
2025-11-16T15:31:43.359591Z  WARN grpc_utils::span: failed to inject span context to grpc request
2025-11-16T15:31:43.359615Z  WARN grpc_utils::span: failed to inject span context to grpc request
2025-11-16T15:32:23.360887Z  WARN grpc_utils::span: failed to inject span context to grpc request
2025-11-16T15:32:23.360953Z  WARN grpc_utils::span: failed to inject span context to grpc request
2025-11-16T15:32:23.360977Z  WARN grpc_utils::span: failed to inject span context to grpc request
2025-11-16T15:32:23.360998Z  WARN grpc_utils::span: failed to inject span context to grpc request
2025-11-16T15:33:03.363758Z  WARN grpc_utils::span: failed to inject span context to grpc request
2025-11-16T15:33:03.363830Z  WARN grpc_utils::span: failed to inject span context to grpc request
2025-11-16T15:33:03.363868Z  WARN grpc_utils::span: failed to inject span context to grpc request
2025-11-16T15:33:03.363888Z  WARN grpc_utils::span: failed to inject span context to grpc request
2025-11-16T15:33:03.365731Z  INFO lifecycler::health_client: Health status for service: METRICS_CAPABILITY service_name=METRICS_CAPABILITY health_status=1
2025-11-16T15:33:03.365852Z  INFO lifecycler::health_client: Health status for service: SNAPSHOT_CAPABILITY service_name=SNAPSHOT_CAPABILITY health_status=1
2025-11-16T15:33:03.365922Z  INFO lifecycler::health_client: Health status for service: HOSTTOOLS_CAPABILITY service_name=HOSTTOOLS_CAPABILITY health_status=1
2025-11-16T15:33:03.366667Z  INFO lifecycler::health_client: Health status for service: CS_CAPABILITY service_name=CS_CAPABILITY health_status=1
2025-11-16T15:33:43.366827Z  WARN grpc_utils::span: failed to inject span context to grpc request
2025-11-16T15:33:43.366892Z  WARN grpc_utils::span: failed to inject span context to grpc request
2025-11-16T15:33:43.366918Z  WARN grpc_utils::span: failed to inject span context to grpc request
2025-11-16T15:33:43.366939Z  WARN grpc_utils::span: failed to inject span context to grpc request
2025-11-16T15:34:23.369109Z  WARN grpc_utils::span: failed to inject span context to grpc request
2025-11-16T15:34:23.369172Z  WARN grpc_utils::span: failed to inject span context to grpc request
2025-11-16T15:34:23.369196Z  WARN grpc_utils::span: failed to inject span context to grpc request
2025-11-16T15:34:23.369242Z  WARN grpc_utils::span: failed to inject span context to grpc request
2025-11-16T15:35:03.371768Z  WARN grpc_utils::span: failed to inject span context to grpc request
2025-11-16T15:35:03.371834Z  WARN grpc_utils::span: failed to inject span context to grpc request
2025-11-16T15:35:03.371863Z  WARN grpc_utils::span: failed to inject span context to grpc request
2025-11-16T15:35:03.371887Z  WARN grpc_utils::span: failed to inject span context to grpc request
2025-11-16T15:35:12.697213Z  INFO run_lifecycler:run_service_and_step_through_lifecycle:step_through_lifecycle:connect_executor:connect:connect: grpc_utils::endpoint::connect: Successfully connected to gRPC service endpoint=Uds("/mnt/azureml/cr/j/0b05872608aa41c69ca48297933e3cf5/.grpc/executor:0")
2025-11-16T15:35:12.697397Z  INFO run_lifecycler:run_service_and_step_through_lifecycle:step_through_lifecycle:connect_executor:connect:connect: grpc_utils::endpoint::connect: close time.busy=1.05s time.idle=287s
2025-11-16T15:35:12.697487Z  INFO run_lifecycler:run_service_and_step_through_lifecycle:step_through_lifecycle:connect_executor:connect: lifecycler::executor_client: close time.busy=1.09s time.idle=287s
2025-11-16T15:35:12.698017Z  INFO run_lifecycler:run_service_and_step_through_lifecycle:step_through_lifecycle:connect_executor:connect:connect: grpc_utils::endpoint::connect: Connecting to gRPC service endpoint=Uds("/mnt/azureml/cr/j/0b05872608aa41c69ca48297933e3cf5/.grpc/executor:0") retry=FixedIntervalRetry { attempt_timeout_millis: 50, retry_delay_millis: 10, max_duration: 7200s }
2025-11-16T15:35:12.698364Z  INFO run_lifecycler:run_service_and_step_through_lifecycle:step_through_lifecycle:connect_executor:connect:connect: grpc_utils::endpoint::connect: Successfully connected to gRPC service endpoint=Uds("/mnt/azureml/cr/j/0b05872608aa41c69ca48297933e3cf5/.grpc/executor:0")
2025-11-16T15:35:12.698455Z  INFO run_lifecycler:run_service_and_step_through_lifecycle:step_through_lifecycle:connect_executor:connect:connect: grpc_utils::endpoint::connect: close time.busy=346µs time.idle=96.9µs
2025-11-16T15:35:12.698478Z  INFO run_lifecycler:run_service_and_step_through_lifecycle:step_through_lifecycle:connect_executor:connect: lifecycler::executor_client: close time.busy=819µs time.idle=101µs
2025-11-16T15:35:12.698550Z  INFO run_lifecycler:run_service_and_step_through_lifecycle:step_through_lifecycle:connect_executor:connect: grpc_utils::endpoint::connect: Connecting to gRPC service endpoint=Uds("/mnt/azureml/cr/j/0b05872608aa41c69ca48297933e3cf5/.grpc/executor:0") retry=FixedIntervalRetry { attempt_timeout_millis: 50, retry_delay_millis: 10, max_duration: 7200s }
2025-11-16T15:35:12.698754Z  INFO run_lifecycler:run_service_and_step_through_lifecycle:step_through_lifecycle:connect_executor:connect: grpc_utils::endpoint::connect: Successfully connected to gRPC service endpoint=Uds("/mnt/azureml/cr/j/0b05872608aa41c69ca48297933e3cf5/.grpc/executor:0")
2025-11-16T15:35:12.698904Z  INFO run_lifecycler:run_service_and_step_through_lifecycle:step_through_lifecycle:connect_executor:connect: grpc_utils::endpoint::connect: close time.busy=299µs time.idle=57.4µs
2025-11-16T15:35:12.698994Z  INFO run_lifecycler:run_service_and_step_through_lifecycle:step_through_lifecycle:connect_executor:wait_for_service_healthy: lifecycler::health_monitor: Waiting for service to become healthy: Executor service_name=Executor timeout=30s
2025-11-16T15:35:12.699040Z  WARN run_lifecycler:run_service_and_step_through_lifecycle:step_through_lifecycle:connect_executor:wait_for_service_healthy: grpc_utils::span: failed to inject span context to grpc request
2025-11-16T15:35:12.700862Z  INFO run_lifecycler:run_service_and_step_through_lifecycle:step_through_lifecycle:connect_executor:wait_for_service_healthy: lifecycler::health_client: Health status for service: Executor service_name=Executor health_status=1
2025-11-16T15:35:12.700914Z  INFO run_lifecycler:run_service_and_step_through_lifecycle:step_through_lifecycle:connect_executor:wait_for_service_healthy: lifecycler::health_monitor: Service has become healthy service_name=Executor
2025-11-16T15:35:12.700940Z  INFO run_lifecycler:run_service_and_step_through_lifecycle:step_through_lifecycle:connect_executor:wait_for_service_healthy: lifecycler::health_monitor: close time.busy=212µs time.idle=1.74ms
2025-11-16T15:35:12.700958Z  INFO run_lifecycler:run_service_and_step_through_lifecycle:step_through_lifecycle:connect_executor: lifecycler::lifecycle: close time.busy=1.13s time.idle=287s
2025-11-16T15:35:12.700980Z  INFO run_lifecycler:run_service_and_step_through_lifecycle:step_through_lifecycle:connect_lifecyclers{lifecycler_addresses=None}: lifecycler::lifecycle: close time.busy=6.80µs time.idle=4.70µs
2025-11-16T15:35:12.701020Z  INFO run_lifecycler:run_service_and_step_through_lifecycle:step_through_lifecycle:execute: lifecycler::lifecycle: entering phase rank=None phase=0 is_leader=true entered_phases=false
2025-11-16T15:35:12.701055Z  INFO run_lifecycler:run_service_and_step_through_lifecycle:step_through_lifecycle:execute:barrier_sync: lifecycler::lifecycle: close time.busy=800ns time.idle=2.40µs
2025-11-16T15:35:12.701119Z  INFO run_lifecycler:run_service_and_step_through_lifecycle:step_through_lifecycle:execute: lifecycler::lifecycle: Successfully got AzureML Context from environment, updating Run History with new run attempt
2025-11-16T15:35:12.701140Z  WARN run_lifecycler:run_service_and_step_through_lifecycle:step_through_lifecycle:execute: lifecycler::lifecycle: Skip updating run_attempt since cannot find AZUREML_CR_ENABLE_RUN_ATTEMPT_COUNT_BY_RUN_HISTORY from environment
2025-11-16T15:35:12.701166Z  INFO run_lifecycler:run_service_and_step_through_lifecycle:step_through_lifecycle:execute: lifecycler::lifecycle: starting phase execution rank=None phase=0
2025-11-16T15:35:12.701186Z  INFO run_lifecycler:run_service_and_step_through_lifecycle:step_through_lifecycle:execute: lifecycler::lifecycle: executing phase commands rank=None phase=0
2025-11-16T15:35:12.701222Z  INFO run_lifecycler:run_service_and_step_through_lifecycle:step_through_lifecycle:execute:executor_client::execute_commands{lifecycle_address="/mnt/azureml/cr/j/0b05872608aa41c69ca48297933e3cf5/.grpc/lifecycler:0" scheduling=None debug_mode=Some(false)}: lifecycler::executor_client: Executing commands
2025-11-16T15:35:12.701276Z  WARN run_lifecycler:run_service_and_step_through_lifecycle:step_through_lifecycle:execute:executor_client::execute_commands{lifecycle_address="/mnt/azureml/cr/j/0b05872608aa41c69ca48297933e3cf5/.grpc/lifecycler:0" scheduling=None debug_mode=Some(false)}:executor_client::start_execution{lifecycler_address="/mnt/azureml/cr/j/0b05872608aa41c69ca48297933e3cf5/.grpc/lifecycler:0" debug_mode=Some(false) commands_f=Command(Command { executable: Shell { path: None, command: "python scripts/azure_train_eval.py model=unet experiment.log_mlflow=True experiment.experiment_strategy=verification_box model.num_epochs=1 experiment.num_workers=2 +experiment.report_metrics_to_file=True +dataset.azure_images_path=azureml://datastores/workspaceblobstore/paths/rockmass +dataset.azure_masks_path=azureml://datastores/workspaceblobstore/paths/rockmass_masks +dataset.azure_splits_path=azureml://datastores/workspaceblobstore/paths/rock_segmentation_splits/20251113.1446 model.params.encoder_name=resnet34 model.batch_size=4", success_return_code: Zero { additional_codes: [] } }, stderr: None, stdout: Some("user_logs/std_log.txt") }) path_mappings_f={}}: grpc_utils::span: failed to inject span context to grpc request
2025-11-16T15:35:12.701296Z  INFO run_lifecycler:run_service_and_step_through_lifecycle:step_through_lifecycle:execute:executor_client::execute_commands{lifecycle_address="/mnt/azureml/cr/j/0b05872608aa41c69ca48297933e3cf5/.grpc/lifecycler:0" scheduling=None debug_mode=Some(false)}:executor_client::start_execution{lifecycler_address="/mnt/azureml/cr/j/0b05872608aa41c69ca48297933e3cf5/.grpc/lifecycler:0" debug_mode=Some(false) commands_f=Command(Command { executable: Shell { path: None, command: "python scripts/azure_train_eval.py model=unet experiment.log_mlflow=True experiment.experiment_strategy=verification_box model.num_epochs=1 experiment.num_workers=2 +experiment.report_metrics_to_file=True +dataset.azure_images_path=azureml://datastores/workspaceblobstore/paths/rockmass +dataset.azure_masks_path=azureml://datastores/workspaceblobstore/paths/rockmass_masks +dataset.azure_splits_path=azureml://datastores/workspaceblobstore/paths/rock_segmentation_splits/20251113.1446 model.params.encoder_name=resnet34 model.batch_size=4", success_return_code: Zero { additional_codes: [] } }, stderr: None, stdout: Some("user_logs/std_log.txt") }) path_mappings_f={}}: lifecycler::executor_client: Starting execution execution_id=6925490e-2da5-48f9-b6d2-1fcfef70b694 lifecycler_address=/mnt/azureml/cr/j/0b05872608aa41c69ca48297933e3cf5/.grpc/lifecycler:0
2025-11-16T15:35:12.706696Z  INFO run_lifecycler:run_service_and_step_through_lifecycle:step_through_lifecycle:execute:executor_client::execute_commands{lifecycle_address="/mnt/azureml/cr/j/0b05872608aa41c69ca48297933e3cf5/.grpc/lifecycler:0" scheduling=None debug_mode=Some(false)}:executor_client::start_execution{lifecycler_address="/mnt/azureml/cr/j/0b05872608aa41c69ca48297933e3cf5/.grpc/lifecycler:0" debug_mode=Some(false) commands_f=Command(Command { executable: Shell { path: None, command: "python scripts/azure_train_eval.py model=unet experiment.log_mlflow=True experiment.experiment_strategy=verification_box model.num_epochs=1 experiment.num_workers=2 +experiment.report_metrics_to_file=True +dataset.azure_images_path=azureml://datastores/workspaceblobstore/paths/rockmass +dataset.azure_masks_path=azureml://datastores/workspaceblobstore/paths/rockmass_masks +dataset.azure_splits_path=azureml://datastores/workspaceblobstore/paths/rock_segmentation_splits/20251113.1446 model.params.encoder_name=resnet34 model.batch_size=4", success_return_code: Zero { additional_codes: [] } }, stderr: None, stdout: Some("user_logs/std_log.txt") }) path_mappings_f={}}: lifecycler::executor_client: close time.busy=115µs time.idle=5.33ms
2025-11-16T15:35:12.706722Z  INFO run_lifecycler:run_service_and_step_through_lifecycle:step_through_lifecycle:execute:executor_client::execute_commands{lifecycle_address="/mnt/azureml/cr/j/0b05872608aa41c69ca48297933e3cf5/.grpc/lifecycler:0" scheduling=None debug_mode=Some(false)}: lifecycler::executor_client: Waiting for execution completion execution_id="6925490e-2da5-48f9-b6d2-1fcfef70b694"
2025-11-16T15:35:27.926171Z  INFO ExecutionCallbackServicer::complete_execution: grpc_utils::server: Got grpc request request_name="complete_execution" remote_addr=None
2025-11-16T15:35:27.926242Z  INFO ExecutionCallbackServicer::complete_execution: lifecycler::service: close time.busy=78.5µs time.idle=14.9µs
2025-11-16T15:35:27.926269Z  INFO run_lifecycler:run_service_and_step_through_lifecycle:step_through_lifecycle:execute:executor_client::execute_commands{lifecycle_address="/mnt/azureml/cr/j/0b05872608aa41c69ca48297933e3cf5/.grpc/lifecycler:0" scheduling=None debug_mode=Some(false)}:executor_client::wait_for_execution_completion{execution_id="6925490e-2da5-48f9-b6d2-1fcfef70b694"}: lifecycler::executor_client: close time.busy=4.50µs time.idle=15.2s
2025-11-16T15:35:27.926325Z  INFO run_lifecycler:run_service_and_step_through_lifecycle:step_through_lifecycle:execute:executor_client::execute_commands{lifecycle_address="/mnt/azureml/cr/j/0b05872608aa41c69ca48297933e3cf5/.grpc/lifecycler:0" scheduling=None debug_mode=Some(false)}: lifecycler::executor_client: Execution completed execution_id="6925490e-2da5-48f9-b6d2-1fcfef70b694"
2025-11-16T15:35:27.926380Z  INFO run_lifecycler:run_service_and_step_through_lifecycle:step_through_lifecycle:execute:executor_client::execute_commands{lifecycle_address="/mnt/azureml/cr/j/0b05872608aa41c69ca48297933e3cf5/.grpc/lifecycler:0" scheduling=None debug_mode=Some(false)}: lifecycler::executor_client: close time.busy=317µs time.idle=15.2s
2025-11-16T15:35:27.926406Z ERROR run_lifecycler:run_service_and_step_through_lifecycle:step_through_lifecycle:execute: lifecycler::lifecycle: failed to execute commands exception=ExecutionFailed(ExecutionsFailures([ExecutionFailure { exit_code: 1, error_message: "Execution failed. User process 'python' exited with status code 1. Please check log file 'user_logs/std_log.txt' for error details. Error: │ ❱ 186 │   │   │   │   ret.return_value = task_function(task_cfg)             │\n│   187 │   │   │   │   ret.status = JobStatus.COMPLETED                       │\n│   188 │   │   │   except Exception as e:                                     │\n│   189 │   │   │   │   ret.return_value = e                                   │\n│                                                                              │\n│ /mnt/azureml/cr/j/0b05872608aa41c69ca48297933e3cf5/exe/wd/scripts/azure_trai │\n│ n_eval.py:302 in main                                                        │\n│                                                                              │\n│   299 │   │   │   \"correctly configured in your Azure ML job.\",              │\n│   300 │   │   │   style=\"danger\",                                            │\n│   301 │   │   )                                                              │\n│ ❱ 302 │   │   raise ValueError(f\"Images directory does not exist: {images_pa │\n│   303 │                                                                      │\n│   304 │   # Check masks path                                                 │\n│   305 │   if masks_path is None:                                             │\n╰──────────────────────────────────────────────────────────────────────────────╯\nValueError: Images directory does not exist: \nazureml:/datastores/workspaceblobstore/paths/rockmass\n🏃 View run sweep_test_minimal_1 at: https://northeurope.api.azureml.ms/mlflow/v2.0/subscriptions/0edfb8db-083f-4467-a411-d497eaa6b41e/resourceGroups/rg-rock-joint-detection/providers/Microsoft.MachineLearningServices/workspaces/ws-rock-joint-det/#/experiments/c56cc7d1-0e67-4160-99df-756baedb97e0/runs/ashy_roof_7pf0sqztwr_1\n🧪 View experiment at: https://northeurope.api.azureml.ms/mlflow/v2.0/subscriptions/0edfb8db-083f-4467-a411-d497eaa6b41e/resourceGroups/rg-rock-joint-detection/providers/Microsoft.MachineLearningServices/workspaces/ws-rock-joint-det/#/experiments/c56cc7d1-0e67-4160-99df-756baedb97e0\n", process_name: "python", error_file: "user_logs/std_log.txt" }])) rank=None phase=0
2025-11-16T15:35:27.926602Z  INFO run_lifecycler:run_service_and_step_through_lifecycle:step_through_lifecycle:execute: lifecycler::lifecycle: close time.busy=769µs time.idle=15.2s
2025-11-16T15:35:27.926646Z  WARN run_lifecycler:run_service_and_step_through_lifecycle:step_through_lifecycle:end_service_capabilities:end{name="CS_CAPABILITY"}: grpc_utils::span: failed to inject span context to grpc request
2025-11-16T15:35:27.926694Z  WARN run_lifecycler:run_service_and_step_through_lifecycle:step_through_lifecycle:end_service_capabilities:end{name="HOSTTOOLS_CAPABILITY"}: grpc_utils::span: failed to inject span context to grpc request
2025-11-16T15:35:27.926757Z  WARN run_lifecycler:run_service_and_step_through_lifecycle:step_through_lifecycle:end_service_capabilities:end{name="METRICS_CAPABILITY"}: grpc_utils::span: failed to inject span context to grpc request
2025-11-16T15:35:27.926797Z  WARN run_lifecycler:run_service_and_step_through_lifecycle:step_through_lifecycle:end_service_capabilities:end{name="SNAPSHOT_CAPABILITY"}: grpc_utils::span: failed to inject span context to grpc request
2025-11-16T15:35:27.927699Z  INFO run_lifecycler:run_service_and_step_through_lifecycle:step_through_lifecycle:end_service_capabilities:end{name="METRICS_CAPABILITY"}: lifecycler::capability_client: Received success code for end cap_name=METRICS_CAPABILITY
2025-11-16T15:35:27.927740Z  INFO run_lifecycler:run_service_and_step_through_lifecycle:step_through_lifecycle:end_service_capabilities:end{name="METRICS_CAPABILITY"}: lifecycler::capability_client: close time.busy=103µs time.idle=887µs
2025-11-16T15:35:27.927851Z  INFO run_lifecycler:run_service_and_step_through_lifecycle:step_through_lifecycle:end_service_capabilities:end{name="SNAPSHOT_CAPABILITY"}: lifecycler::capability_client: Received success code for end cap_name=SNAPSHOT_CAPABILITY
2025-11-16T15:35:27.927881Z  INFO run_lifecycler:run_service_and_step_through_lifecycle:step_through_lifecycle:end_service_capabilities:end{name="SNAPSHOT_CAPABILITY"}: lifecycler::capability_client: close time.busy=75.5µs time.idle=1.01ms
