2025-11-16T16:06:51.113535Z  INFO telemetry: job_telemetry_init artifact_type=installed branch=origin/f3433e4a12ad41c670012842e6be04684c303297 ci_number=20251105.1 ci_name=CommonRuntime-RuntimeTeam-Linux-Prod-Build build_time=2025-11-05 17:43:33.021559
2025-11-16T16:06:51.113725Z  INFO load_config_from_env: lifecycler::config: Resolved grpc addresses lifecycler_address=/mnt/azureml/cr/j/24f2b7d4f5744460bdc4a0b689cc9181/.grpc/lifecycler:0 executor_address=/mnt/azureml/cr/j/24f2b7d4f5744460bdc4a0b689cc9181/.grpc/executor:0
2025-11-16T16:06:51.113939Z  INFO load_config_from_env:load_capability_addresses_from_env{capability_endpoints_from_config={"CS_CAPABILITY": CapabilityEndpoint { name: "CS_CAPABILITY", address: "/mnt/azureml/cr/j/24f2b7d4f5744460bdc4a0b689cc9181/.grpc/cs-capability:0", type: Service }, "HOSTTOOLS_CAPABILITY": CapabilityEndpoint { name: "HOSTTOOLS_CAPABILITY", address: "/mnt/azureml/cr/j/24f2b7d4f5744460bdc4a0b689cc9181/.grpc/hosttools-capability:0", type: Service }, "METRICS_CAPABILITY": CapabilityEndpoint { name: "METRICS_CAPABILITY", address: "/mnt/azureml/cr/j/24f2b7d4f5744460bdc4a0b689cc9181/.grpc/metrics-capability:0", type: Service }, "SNAPSHOT_CAPABILITY": CapabilityEndpoint { name: "SNAPSHOT_CAPABILITY", address: "/mnt/azureml/cr/j/24f2b7d4f5744460bdc4a0b689cc9181/.grpc/snapshot-capability:0", type: Service }}}: lifecycler::config: close time.busy=154µs time.idle=14.3µs
2025-11-16T16:06:51.113976Z  INFO load_config_from_env: lifecycler::config: close time.busy=352µs time.idle=21.0µs
2025-11-16T16:06:51.114314Z  INFO run_lifecycler:run_service_and_step_through_lifecycle: lifecycler::lifecycle: distributed config is not specified, skip setting up distributed barrier
2025-11-16T16:06:51.114395Z  INFO Lifecycler::run_service{lifecycler_abort_state_writer=Some(LifecyclerAbortStateWriter { lifecycler_wd: "/mnt/azureml/cr/j/24f2b7d4f5744460bdc4a0b689cc9181/cap/lifecycler/wd" })}: lifecycler::service: serving lifecycle service address=/mnt/azureml/cr/j/24f2b7d4f5744460bdc4a0b689cc9181/.grpc/lifecycler:0
2025-11-16T16:06:51.114515Z  INFO Lifecycler::run_service{lifecycler_abort_state_writer=Some(LifecyclerAbortStateWriter { lifecycler_wd: "/mnt/azureml/cr/j/24f2b7d4f5744460bdc4a0b689cc9181/cap/lifecycler/wd" })}:serve_more: grpc_utils::endpoint::serve: serving gRPC service endpoint=Uds("/mnt/azureml/cr/j/24f2b7d4f5744460bdc4a0b689cc9181/.grpc/lifecycler:0") retry=ExponentialBackoffRetry { retry_delay_secs: 2, delay_factor: 1000, num_retries: 3 }
2025-11-16T16:06:51.114646Z  INFO run_lifecycler:run_service_and_step_through_lifecycle: lifecycler::lifecycle: Trying to configure lifecycler to ignore termination signals
2025-11-16T16:06:51.114685Z  INFO run_lifecycler:run_service_and_step_through_lifecycle: cr_core: Successfully configured current process to ignore termination signals
2025-11-16T16:06:51.114808Z  INFO run_lifecycler:run_service_and_step_through_lifecycle:step_through_lifecycle:connect_capabilities:connect: grpc_utils::endpoint::connect: Connecting to gRPC service endpoint=Uds("/mnt/azureml/cr/j/24f2b7d4f5744460bdc4a0b689cc9181/.grpc/cs-capability:0") retry=FixedIntervalRetry { attempt_timeout_millis: 50, retry_delay_millis: 10, max_duration: 7200s }
2025-11-16T16:07:17.213327Z  INFO run_lifecycler:run_service_and_step_through_lifecycle:step_through_lifecycle:connect_capabilities:connect: grpc_utils::endpoint::connect: Successfully connected to gRPC service endpoint=Uds("/mnt/azureml/cr/j/24f2b7d4f5744460bdc4a0b689cc9181/.grpc/cs-capability:0")
2025-11-16T16:07:17.213401Z  INFO run_lifecycler:run_service_and_step_through_lifecycle:step_through_lifecycle:connect_capabilities:connect: grpc_utils::endpoint::connect: close time.busy=102ms time.idle=26.0s
2025-11-16T16:07:17.213569Z  INFO run_lifecycler:run_service_and_step_through_lifecycle:step_through_lifecycle:connect_capabilities:connect: grpc_utils::endpoint::connect: Connecting to gRPC service endpoint=Uds("/mnt/azureml/cr/j/24f2b7d4f5744460bdc4a0b689cc9181/.grpc/cs-capability:0") retry=FixedIntervalRetry { attempt_timeout_millis: 50, retry_delay_millis: 10, max_duration: 7200s }
2025-11-16T16:07:17.213797Z  INFO run_lifecycler:run_service_and_step_through_lifecycle:step_through_lifecycle:connect_capabilities:connect: grpc_utils::endpoint::connect: Successfully connected to gRPC service endpoint=Uds("/mnt/azureml/cr/j/24f2b7d4f5744460bdc4a0b689cc9181/.grpc/cs-capability:0")
2025-11-16T16:07:17.213832Z  INFO run_lifecycler:run_service_and_step_through_lifecycle:step_through_lifecycle:connect_capabilities:connect: grpc_utils::endpoint::connect: close time.busy=164µs time.idle=106µs
2025-11-16T16:07:17.213860Z  INFO run_lifecycler:run_service_and_step_through_lifecycle:step_through_lifecycle:connect_capabilities:wait_for_service_healthy: lifecycler::health_monitor: Waiting for service to become healthy: CS_CAPABILITY service_name=CS_CAPABILITY timeout=30s
2025-11-16T16:07:17.213889Z  WARN run_lifecycler:run_service_and_step_through_lifecycle:step_through_lifecycle:connect_capabilities:wait_for_service_healthy: grpc_utils::span: failed to inject span context to grpc request
2025-11-16T16:07:17.215188Z  INFO run_lifecycler:run_service_and_step_through_lifecycle:step_through_lifecycle:connect_capabilities:wait_for_service_healthy: lifecycler::health_client: Health status for service: CS_CAPABILITY service_name=CS_CAPABILITY health_status=1
2025-11-16T16:07:17.215229Z  INFO run_lifecycler:run_service_and_step_through_lifecycle:step_through_lifecycle:connect_capabilities:wait_for_service_healthy: lifecycler::health_monitor: Service has become healthy service_name=CS_CAPABILITY
2025-11-16T16:07:17.215275Z  INFO run_lifecycler:run_service_and_step_through_lifecycle:step_through_lifecycle:connect_capabilities:wait_for_service_healthy: lifecycler::health_monitor: close time.busy=195µs time.idle=1.22ms
2025-11-16T16:07:17.215362Z  INFO run_lifecycler:run_service_and_step_through_lifecycle:step_through_lifecycle:connect_capabilities:connect: grpc_utils::endpoint::connect: Connecting to gRPC service endpoint=Uds("/mnt/azureml/cr/j/24f2b7d4f5744460bdc4a0b689cc9181/.grpc/hosttools-capability:0") retry=FixedIntervalRetry { attempt_timeout_millis: 50, retry_delay_millis: 10, max_duration: 7200s }
2025-11-16T16:07:17.215567Z  INFO run_lifecycler:run_service_and_step_through_lifecycle:step_through_lifecycle:connect_capabilities:connect: grpc_utils::endpoint::connect: Successfully connected to gRPC service endpoint=Uds("/mnt/azureml/cr/j/24f2b7d4f5744460bdc4a0b689cc9181/.grpc/hosttools-capability:0")
2025-11-16T16:07:17.215604Z  INFO run_lifecycler:run_service_and_step_through_lifecycle:step_through_lifecycle:connect_capabilities:connect: grpc_utils::endpoint::connect: close time.busy=168µs time.idle=77.2µs
2025-11-16T16:07:17.215681Z  INFO run_lifecycler:run_service_and_step_through_lifecycle:step_through_lifecycle:connect_capabilities:connect: grpc_utils::endpoint::connect: Connecting to gRPC service endpoint=Uds("/mnt/azureml/cr/j/24f2b7d4f5744460bdc4a0b689cc9181/.grpc/hosttools-capability:0") retry=FixedIntervalRetry { attempt_timeout_millis: 50, retry_delay_millis: 10, max_duration: 7200s }
2025-11-16T16:07:17.215898Z  INFO run_lifecycler:run_service_and_step_through_lifecycle:step_through_lifecycle:connect_capabilities:connect: grpc_utils::endpoint::connect: Successfully connected to gRPC service endpoint=Uds("/mnt/azureml/cr/j/24f2b7d4f5744460bdc4a0b689cc9181/.grpc/hosttools-capability:0")
2025-11-16T16:07:17.215925Z  INFO run_lifecycler:run_service_and_step_through_lifecycle:step_through_lifecycle:connect_capabilities:connect: grpc_utils::endpoint::connect: close time.busy=136µs time.idle=111µs
2025-11-16T16:07:17.215941Z  INFO run_lifecycler:run_service_and_step_through_lifecycle:step_through_lifecycle:connect_capabilities:wait_for_service_healthy: lifecycler::health_monitor: Waiting for service to become healthy: HOSTTOOLS_CAPABILITY service_name=HOSTTOOLS_CAPABILITY timeout=30s
2025-11-16T16:07:17.215967Z  WARN run_lifecycler:run_service_and_step_through_lifecycle:step_through_lifecycle:connect_capabilities:wait_for_service_healthy: grpc_utils::span: failed to inject span context to grpc request
2025-11-16T16:07:17.216468Z  INFO run_lifecycler:run_service_and_step_through_lifecycle:step_through_lifecycle:connect_capabilities:wait_for_service_healthy: lifecycler::health_client: Health status for service: HOSTTOOLS_CAPABILITY service_name=HOSTTOOLS_CAPABILITY health_status=1
2025-11-16T16:07:17.216500Z  INFO run_lifecycler:run_service_and_step_through_lifecycle:step_through_lifecycle:connect_capabilities:wait_for_service_healthy: lifecycler::health_monitor: Service has become healthy service_name=HOSTTOOLS_CAPABILITY
2025-11-16T16:07:17.216520Z  INFO run_lifecycler:run_service_and_step_through_lifecycle:step_through_lifecycle:connect_capabilities:wait_for_service_healthy: lifecycler::health_monitor: close time.busy=138µs time.idle=443µs
2025-11-16T16:07:17.216605Z  INFO run_lifecycler:run_service_and_step_through_lifecycle:step_through_lifecycle:connect_capabilities:connect: grpc_utils::endpoint::connect: Connecting to gRPC service endpoint=Uds("/mnt/azureml/cr/j/24f2b7d4f5744460bdc4a0b689cc9181/.grpc/metrics-capability:0") retry=FixedIntervalRetry { attempt_timeout_millis: 50, retry_delay_millis: 10, max_duration: 7200s }
2025-11-16T16:07:17.216768Z  INFO run_lifecycler:run_service_and_step_through_lifecycle:step_through_lifecycle:connect_capabilities:connect: grpc_utils::endpoint::connect: Successfully connected to gRPC service endpoint=Uds("/mnt/azureml/cr/j/24f2b7d4f5744460bdc4a0b689cc9181/.grpc/metrics-capability:0")
2025-11-16T16:07:17.216811Z  INFO run_lifecycler:run_service_and_step_through_lifecycle:step_through_lifecycle:connect_capabilities:connect: grpc_utils::endpoint::connect: close time.busy=167µs time.idle=43.3µs
2025-11-16T16:07:17.216895Z  INFO run_lifecycler:run_service_and_step_through_lifecycle:step_through_lifecycle:connect_capabilities:connect: grpc_utils::endpoint::connect: Connecting to gRPC service endpoint=Uds("/mnt/azureml/cr/j/24f2b7d4f5744460bdc4a0b689cc9181/.grpc/metrics-capability:0") retry=FixedIntervalRetry { attempt_timeout_millis: 50, retry_delay_millis: 10, max_duration: 7200s }
2025-11-16T16:07:17.217060Z  INFO run_lifecycler:run_service_and_step_through_lifecycle:step_through_lifecycle:connect_capabilities:connect: grpc_utils::endpoint::connect: Successfully connected to gRPC service endpoint=Uds("/mnt/azureml/cr/j/24f2b7d4f5744460bdc4a0b689cc9181/.grpc/metrics-capability:0")
2025-11-16T16:07:17.217093Z  INFO run_lifecycler:run_service_and_step_through_lifecycle:step_through_lifecycle:connect_capabilities:connect: grpc_utils::endpoint::connect: close time.busy=145µs time.idle=57.4µs
2025-11-16T16:07:17.217110Z  INFO run_lifecycler:run_service_and_step_through_lifecycle:step_through_lifecycle:connect_capabilities:wait_for_service_healthy: lifecycler::health_monitor: Waiting for service to become healthy: METRICS_CAPABILITY service_name=METRICS_CAPABILITY timeout=30s
2025-11-16T16:07:17.217139Z  WARN run_lifecycler:run_service_and_step_through_lifecycle:step_through_lifecycle:connect_capabilities:wait_for_service_healthy: grpc_utils::span: failed to inject span context to grpc request
2025-11-16T16:07:17.217582Z  INFO run_lifecycler:run_service_and_step_through_lifecycle:step_through_lifecycle:connect_capabilities:wait_for_service_healthy: lifecycler::health_client: Health status for service: METRICS_CAPABILITY service_name=METRICS_CAPABILITY health_status=1
2025-11-16T16:07:17.217616Z  INFO run_lifecycler:run_service_and_step_through_lifecycle:step_through_lifecycle:connect_capabilities:wait_for_service_healthy: lifecycler::health_monitor: Service has become healthy service_name=METRICS_CAPABILITY
2025-11-16T16:07:17.217638Z  INFO run_lifecycler:run_service_and_step_through_lifecycle:step_through_lifecycle:connect_capabilities:wait_for_service_healthy: lifecycler::health_monitor: close time.busy=144µs time.idle=387µs
2025-11-16T16:07:17.217778Z  INFO run_lifecycler:run_service_and_step_through_lifecycle:step_through_lifecycle:connect_capabilities:connect: grpc_utils::endpoint::connect: Connecting to gRPC service endpoint=Uds("/mnt/azureml/cr/j/24f2b7d4f5744460bdc4a0b689cc9181/.grpc/snapshot-capability:0") retry=FixedIntervalRetry { attempt_timeout_millis: 50, retry_delay_millis: 10, max_duration: 7200s }
2025-11-16T16:07:17.217958Z  INFO run_lifecycler:run_service_and_step_through_lifecycle:step_through_lifecycle:connect_capabilities:connect: grpc_utils::endpoint::connect: Successfully connected to gRPC service endpoint=Uds("/mnt/azureml/cr/j/24f2b7d4f5744460bdc4a0b689cc9181/.grpc/snapshot-capability:0")
2025-11-16T16:07:17.217993Z  INFO run_lifecycler:run_service_and_step_through_lifecycle:step_through_lifecycle:connect_capabilities:connect: grpc_utils::endpoint::connect: close time.busy=170µs time.idle=47.6µs
2025-11-16T16:07:17.218074Z  INFO run_lifecycler:run_service_and_step_through_lifecycle:step_through_lifecycle:connect_capabilities:connect: grpc_utils::endpoint::connect: Connecting to gRPC service endpoint=Uds("/mnt/azureml/cr/j/24f2b7d4f5744460bdc4a0b689cc9181/.grpc/snapshot-capability:0") retry=FixedIntervalRetry { attempt_timeout_millis: 50, retry_delay_millis: 10, max_duration: 7200s }
2025-11-16T16:07:17.218323Z  INFO run_lifecycler:run_service_and_step_through_lifecycle:step_through_lifecycle:connect_capabilities:connect: grpc_utils::endpoint::connect: Successfully connected to gRPC service endpoint=Uds("/mnt/azureml/cr/j/24f2b7d4f5744460bdc4a0b689cc9181/.grpc/snapshot-capability:0")
2025-11-16T16:07:17.218371Z  INFO run_lifecycler:run_service_and_step_through_lifecycle:step_through_lifecycle:connect_capabilities:connect: grpc_utils::endpoint::connect: close time.busy=187µs time.idle=113µs
2025-11-16T16:07:17.218395Z  INFO run_lifecycler:run_service_and_step_through_lifecycle:step_through_lifecycle:connect_capabilities:wait_for_service_healthy: lifecycler::health_monitor: Waiting for service to become healthy: SNAPSHOT_CAPABILITY service_name=SNAPSHOT_CAPABILITY timeout=30s
2025-11-16T16:07:17.218423Z  WARN run_lifecycler:run_service_and_step_through_lifecycle:step_through_lifecycle:connect_capabilities:wait_for_service_healthy: grpc_utils::span: failed to inject span context to grpc request
2025-11-16T16:07:17.218864Z  INFO run_lifecycler:run_service_and_step_through_lifecycle:step_through_lifecycle:connect_capabilities:wait_for_service_healthy: lifecycler::health_client: Health status for service: SNAPSHOT_CAPABILITY service_name=SNAPSHOT_CAPABILITY health_status=1
2025-11-16T16:07:17.218947Z  INFO run_lifecycler:run_service_and_step_through_lifecycle:step_through_lifecycle:connect_capabilities:wait_for_service_healthy: lifecycler::health_monitor: Service has become healthy service_name=SNAPSHOT_CAPABILITY
2025-11-16T16:07:17.219056Z  INFO run_lifecycler:run_service_and_step_through_lifecycle:step_through_lifecycle:connect_capabilities:wait_for_service_healthy: lifecycler::health_monitor: close time.busy=297µs time.idle=367µs
2025-11-16T16:07:17.219078Z  INFO run_lifecycler:run_service_and_step_through_lifecycle:step_through_lifecycle:connect_capabilities: lifecycler::lifecycle: close time.busy=111ms time.idle=26.0s
2025-11-16T16:07:17.219104Z  WARN run_lifecycler:run_service_and_step_through_lifecycle:step_through_lifecycle:start_capabilities:start{name="CS_CAPABILITY"}: grpc_utils::span: failed to inject span context to grpc request
2025-11-16T16:07:17.219106Z  WARN grpc_utils::span: failed to inject span context to grpc request
2025-11-16T16:07:17.219157Z  WARN run_lifecycler:run_service_and_step_through_lifecycle:step_through_lifecycle:start_capabilities:start{name="HOSTTOOLS_CAPABILITY"}: grpc_utils::span: failed to inject span context to grpc request
2025-11-16T16:07:17.219162Z  WARN grpc_utils::span: failed to inject span context to grpc request
2025-11-16T16:07:17.219195Z  WARN run_lifecycler:run_service_and_step_through_lifecycle:step_through_lifecycle:start_capabilities:start{name="METRICS_CAPABILITY"}: grpc_utils::span: failed to inject span context to grpc request
2025-11-16T16:07:17.219214Z  WARN grpc_utils::span: failed to inject span context to grpc request
2025-11-16T16:07:17.219230Z  WARN run_lifecycler:run_service_and_step_through_lifecycle:step_through_lifecycle:start_capabilities:start{name="SNAPSHOT_CAPABILITY"}: grpc_utils::span: failed to inject span context to grpc request
2025-11-16T16:07:17.219231Z  WARN grpc_utils::span: failed to inject span context to grpc request
2025-11-16T16:07:17.220322Z  INFO run_lifecycler:run_service_and_step_through_lifecycle:step_through_lifecycle:start_capabilities:start{name="HOSTTOOLS_CAPABILITY"}: lifecycler::capability_client: Received success code for start cap_name=HOSTTOOLS_CAPABILITY
2025-11-16T16:07:17.220366Z  INFO run_lifecycler:run_service_and_step_through_lifecycle:step_through_lifecycle:start_capabilities:start{name="HOSTTOOLS_CAPABILITY"}: lifecycler::capability_client: close time.busy=121µs time.idle=1.09ms
2025-11-16T16:07:17.220395Z  INFO run_lifecycler:run_service_and_step_through_lifecycle:step_through_lifecycle:start_capabilities:start{name="METRICS_CAPABILITY"}: lifecycler::capability_client: Received success code for start cap_name=METRICS_CAPABILITY
2025-11-16T16:07:17.220415Z  INFO run_lifecycler:run_service_and_step_through_lifecycle:step_through_lifecycle:start_capabilities:start{name="METRICS_CAPABILITY"}: lifecycler::capability_client: close time.busy=72.9µs time.idle=1.15ms
2025-11-16T16:07:17.263858Z  INFO run_lifecycler:run_service_and_step_through_lifecycle:step_through_lifecycle:start_capabilities:start{name="CS_CAPABILITY"}: lifecycler::capability_client: Received success code for start cap_name=CS_CAPABILITY
2025-11-16T16:07:17.264048Z  INFO run_lifecycler:run_service_and_step_through_lifecycle:step_through_lifecycle:start_capabilities:start{name="CS_CAPABILITY"}: lifecycler::capability_client: close time.busy=284µs time.idle=44.7ms
2025-11-16T16:07:18.370967Z  INFO run_lifecycler:run_service_and_step_through_lifecycle:step_through_lifecycle:start_capabilities:start{name="SNAPSHOT_CAPABILITY"}: lifecycler::capability_client: Received success code for start cap_name=SNAPSHOT_CAPABILITY
2025-11-16T16:07:18.371041Z  INFO run_lifecycler:run_service_and_step_through_lifecycle:step_through_lifecycle:start_capabilities:start{name="SNAPSHOT_CAPABILITY"}: lifecycler::capability_client: close time.busy=175µs time.idle=1.15s
2025-11-16T16:07:18.371071Z  INFO run_lifecycler:run_service_and_step_through_lifecycle:step_through_lifecycle:start_capabilities: lifecycler::lifecycle: close time.busy=749µs time.idle=1.15s
2025-11-16T16:07:18.371096Z  INFO run_lifecycler:run_service_and_step_through_lifecycle:step_through_lifecycle:exit_capabilities{cap_type=Operation job_result=JobResult { job_status: Succeeded, error: None }}: lifecycler::lifecycle: close time.busy=2.30µs time.idle=8.80µs
2025-11-16T16:07:18.371103Z  INFO run_lifecycler:run_service_and_step_through_lifecycle:step_through_lifecycle: lifecycler::lifecycle: exited operation caps: true
2025-11-16T16:07:18.371241Z  INFO run_lifecycler:run_service_and_step_through_lifecycle:step_through_lifecycle:connect_executor:connect:connect: grpc_utils::endpoint::connect: Connecting to gRPC service endpoint=Uds("/mnt/azureml/cr/j/24f2b7d4f5744460bdc4a0b689cc9181/.grpc/executor:0") retry=FixedIntervalRetry { attempt_timeout_millis: 50, retry_delay_millis: 10, max_duration: 7200s }
2025-11-16T16:07:57.257561Z  WARN grpc_utils::span: failed to inject span context to grpc request
2025-11-16T16:07:57.257668Z  WARN grpc_utils::span: failed to inject span context to grpc request
2025-11-16T16:07:57.257722Z  WARN grpc_utils::span: failed to inject span context to grpc request
2025-11-16T16:07:57.257799Z  WARN grpc_utils::span: failed to inject span context to grpc request
2025-11-16T16:08:37.259079Z  WARN grpc_utils::span: failed to inject span context to grpc request
2025-11-16T16:08:37.259169Z  WARN grpc_utils::span: failed to inject span context to grpc request
2025-11-16T16:08:37.259201Z  WARN grpc_utils::span: failed to inject span context to grpc request
2025-11-16T16:08:37.259220Z  WARN grpc_utils::span: failed to inject span context to grpc request
2025-11-16T16:09:17.261212Z  WARN grpc_utils::span: failed to inject span context to grpc request
2025-11-16T16:09:17.261313Z  WARN grpc_utils::span: failed to inject span context to grpc request
2025-11-16T16:09:17.261355Z  WARN grpc_utils::span: failed to inject span context to grpc request
2025-11-16T16:09:17.261379Z  WARN grpc_utils::span: failed to inject span context to grpc request
2025-11-16T16:09:57.263196Z  WARN grpc_utils::span: failed to inject span context to grpc request
2025-11-16T16:09:57.263289Z  WARN grpc_utils::span: failed to inject span context to grpc request
2025-11-16T16:09:57.263322Z  WARN grpc_utils::span: failed to inject span context to grpc request
2025-11-16T16:09:57.263340Z  WARN grpc_utils::span: failed to inject span context to grpc request
2025-11-16T16:09:57.263890Z  INFO lifecycler::health_client: Health status for service: HOSTTOOLS_CAPABILITY service_name=HOSTTOOLS_CAPABILITY health_status=1
2025-11-16T16:09:57.264185Z  INFO lifecycler::health_client: Health status for service: METRICS_CAPABILITY service_name=METRICS_CAPABILITY health_status=1
2025-11-16T16:09:57.264389Z  INFO lifecycler::health_client: Health status for service: SNAPSHOT_CAPABILITY service_name=SNAPSHOT_CAPABILITY health_status=1
2025-11-16T16:09:57.264475Z  INFO lifecycler::health_client: Health status for service: CS_CAPABILITY service_name=CS_CAPABILITY health_status=1
2025-11-16T16:10:37.265379Z  WARN grpc_utils::span: failed to inject span context to grpc request
2025-11-16T16:10:37.265441Z  WARN grpc_utils::span: failed to inject span context to grpc request
2025-11-16T16:10:37.265468Z  WARN grpc_utils::span: failed to inject span context to grpc request
2025-11-16T16:10:37.265488Z  WARN grpc_utils::span: failed to inject span context to grpc request
2025-11-16T16:11:17.267728Z  WARN grpc_utils::span: failed to inject span context to grpc request
2025-11-16T16:11:17.267791Z  WARN grpc_utils::span: failed to inject span context to grpc request
2025-11-16T16:11:17.267818Z  WARN grpc_utils::span: failed to inject span context to grpc request
2025-11-16T16:11:17.267836Z  WARN grpc_utils::span: failed to inject span context to grpc request
2025-11-16T16:11:57.269126Z  WARN grpc_utils::span: failed to inject span context to grpc request
2025-11-16T16:11:57.269210Z  WARN grpc_utils::span: failed to inject span context to grpc request
2025-11-16T16:11:57.269237Z  WARN grpc_utils::span: failed to inject span context to grpc request
2025-11-16T16:11:57.269265Z  WARN grpc_utils::span: failed to inject span context to grpc request
2025-11-16T16:12:25.330720Z  INFO run_lifecycler:run_service_and_step_through_lifecycle:step_through_lifecycle:connect_executor:connect:connect: grpc_utils::endpoint::connect: Successfully connected to gRPC service endpoint=Uds("/mnt/azureml/cr/j/24f2b7d4f5744460bdc4a0b689cc9181/.grpc/executor:0")
2025-11-16T16:12:25.330781Z  INFO run_lifecycler:run_service_and_step_through_lifecycle:step_through_lifecycle:connect_executor:connect:connect: grpc_utils::endpoint::connect: close time.busy=1.12s time.idle=306s
2025-11-16T16:12:25.330809Z  INFO run_lifecycler:run_service_and_step_through_lifecycle:step_through_lifecycle:connect_executor:connect: lifecycler::executor_client: close time.busy=1.16s time.idle=306s
2025-11-16T16:12:25.330902Z  INFO run_lifecycler:run_service_and_step_through_lifecycle:step_through_lifecycle:connect_executor:connect:connect: grpc_utils::endpoint::connect: Connecting to gRPC service endpoint=Uds("/mnt/azureml/cr/j/24f2b7d4f5744460bdc4a0b689cc9181/.grpc/executor:0") retry=FixedIntervalRetry { attempt_timeout_millis: 50, retry_delay_millis: 10, max_duration: 7200s }
2025-11-16T16:12:25.331097Z  INFO run_lifecycler:run_service_and_step_through_lifecycle:step_through_lifecycle:connect_executor:connect:connect: grpc_utils::endpoint::connect: Successfully connected to gRPC service endpoint=Uds("/mnt/azureml/cr/j/24f2b7d4f5744460bdc4a0b689cc9181/.grpc/executor:0")
2025-11-16T16:12:25.331128Z  INFO run_lifecycler:run_service_and_step_through_lifecycle:step_through_lifecycle:connect_executor:connect:connect: grpc_utils::endpoint::connect: close time.busy=163µs time.idle=66.6µs
2025-11-16T16:12:25.331145Z  INFO run_lifecycler:run_service_and_step_through_lifecycle:step_through_lifecycle:connect_executor:connect: lifecycler::executor_client: close time.busy=260µs time.idle=67.6µs
2025-11-16T16:12:25.331207Z  INFO run_lifecycler:run_service_and_step_through_lifecycle:step_through_lifecycle:connect_executor:connect: grpc_utils::endpoint::connect: Connecting to gRPC service endpoint=Uds("/mnt/azureml/cr/j/24f2b7d4f5744460bdc4a0b689cc9181/.grpc/executor:0") retry=FixedIntervalRetry { attempt_timeout_millis: 50, retry_delay_millis: 10, max_duration: 7200s }
2025-11-16T16:12:25.331385Z  INFO run_lifecycler:run_service_and_step_through_lifecycle:step_through_lifecycle:connect_executor:connect: grpc_utils::endpoint::connect: Successfully connected to gRPC service endpoint=Uds("/mnt/azureml/cr/j/24f2b7d4f5744460bdc4a0b689cc9181/.grpc/executor:0")
2025-11-16T16:12:25.331457Z  INFO run_lifecycler:run_service_and_step_through_lifecycle:step_through_lifecycle:connect_executor:connect: grpc_utils::endpoint::connect: close time.busy=193µs time.idle=60.2µs
2025-11-16T16:12:25.331483Z  INFO run_lifecycler:run_service_and_step_through_lifecycle:step_through_lifecycle:connect_executor:wait_for_service_healthy: lifecycler::health_monitor: Waiting for service to become healthy: Executor service_name=Executor timeout=30s
2025-11-16T16:12:25.331514Z  WARN run_lifecycler:run_service_and_step_through_lifecycle:step_through_lifecycle:connect_executor:wait_for_service_healthy: grpc_utils::span: failed to inject span context to grpc request
2025-11-16T16:12:25.331957Z  INFO run_lifecycler:run_service_and_step_through_lifecycle:step_through_lifecycle:connect_executor:wait_for_service_healthy: lifecycler::health_client: Health status for service: Executor service_name=Executor health_status=1
2025-11-16T16:12:25.331994Z  INFO run_lifecycler:run_service_and_step_through_lifecycle:step_through_lifecycle:connect_executor:wait_for_service_healthy: lifecycler::health_monitor: Service has become healthy service_name=Executor
2025-11-16T16:12:25.332016Z  INFO run_lifecycler:run_service_and_step_through_lifecycle:step_through_lifecycle:connect_executor:wait_for_service_healthy: lifecycler::health_monitor: close time.busy=170µs time.idle=366µs
2025-11-16T16:12:25.332033Z  INFO run_lifecycler:run_service_and_step_through_lifecycle:step_through_lifecycle:connect_executor: lifecycler::lifecycle: close time.busy=1.20s time.idle=306s
2025-11-16T16:12:25.332050Z  INFO run_lifecycler:run_service_and_step_through_lifecycle:step_through_lifecycle:connect_lifecyclers{lifecycler_addresses=None}: lifecycler::lifecycle: close time.busy=800ns time.idle=4.30µs
2025-11-16T16:12:25.332086Z  INFO run_lifecycler:run_service_and_step_through_lifecycle:step_through_lifecycle:execute: lifecycler::lifecycle: entering phase rank=None phase=0 is_leader=true entered_phases=false
2025-11-16T16:12:25.332121Z  INFO run_lifecycler:run_service_and_step_through_lifecycle:step_through_lifecycle:execute:barrier_sync: lifecycler::lifecycle: close time.busy=800ns time.idle=2.10µs
2025-11-16T16:12:25.332189Z  INFO run_lifecycler:run_service_and_step_through_lifecycle:step_through_lifecycle:execute: lifecycler::lifecycle: Successfully got AzureML Context from environment, updating Run History with new run attempt
2025-11-16T16:12:25.332213Z  WARN run_lifecycler:run_service_and_step_through_lifecycle:step_through_lifecycle:execute: lifecycler::lifecycle: Skip updating run_attempt since cannot find AZUREML_CR_ENABLE_RUN_ATTEMPT_COUNT_BY_RUN_HISTORY from environment
2025-11-16T16:12:25.332241Z  INFO run_lifecycler:run_service_and_step_through_lifecycle:step_through_lifecycle:execute: lifecycler::lifecycle: starting phase execution rank=None phase=0
2025-11-16T16:12:25.332285Z  INFO run_lifecycler:run_service_and_step_through_lifecycle:step_through_lifecycle:execute: lifecycler::lifecycle: executing phase commands rank=None phase=0
2025-11-16T16:12:25.332315Z  INFO run_lifecycler:run_service_and_step_through_lifecycle:step_through_lifecycle:execute:executor_client::execute_commands{lifecycle_address="/mnt/azureml/cr/j/24f2b7d4f5744460bdc4a0b689cc9181/.grpc/lifecycler:0" scheduling=None debug_mode=Some(false)}: lifecycler::executor_client: Executing commands
2025-11-16T16:12:25.332365Z  WARN run_lifecycler:run_service_and_step_through_lifecycle:step_through_lifecycle:execute:executor_client::execute_commands{lifecycle_address="/mnt/azureml/cr/j/24f2b7d4f5744460bdc4a0b689cc9181/.grpc/lifecycler:0" scheduling=None debug_mode=Some(false)}:executor_client::start_execution{lifecycler_address="/mnt/azureml/cr/j/24f2b7d4f5744460bdc4a0b689cc9181/.grpc/lifecycler:0" debug_mode=Some(false) commands_f=Command(Command { executable: Shell { path: None, command: "python scripts/azure_train_eval.py model=unet experiment.log_mlflow=True experiment.experiment_strategy=verification_box model.num_epochs=1 experiment.num_workers=2 +experiment.report_metrics_to_file=True +dataset.azure_images_path=wasbs://azureml-blobstore-d3360a09-af14-4d39-8db4-b77f3097eaf3@strockjointdet.blob.core.windows.net/rockmass +dataset.azure_masks_path=wasbs://azureml-blobstore-d3360a09-af14-4d39-8db4-b77f3097eaf3@strockjointdet.blob.core.windows.net/label/binary +dataset.azure_splits_path=wasbs://azureml-blobstore-d3360a09-af14-4d39-8db4-b77f3097eaf3@strockjointdet.blob.core.windows.net/splits/verification_box model.params.encoder_name=efficientnet-b0 model.batch_size=4", success_return_code: Zero { additional_codes: [] } }, stderr: None, stdout: Some("user_logs/std_log.txt") }) path_mappings_f={}}: grpc_utils::span: failed to inject span context to grpc request
2025-11-16T16:12:25.332388Z  INFO run_lifecycler:run_service_and_step_through_lifecycle:step_through_lifecycle:execute:executor_client::execute_commands{lifecycle_address="/mnt/azureml/cr/j/24f2b7d4f5744460bdc4a0b689cc9181/.grpc/lifecycler:0" scheduling=None debug_mode=Some(false)}:executor_client::start_execution{lifecycler_address="/mnt/azureml/cr/j/24f2b7d4f5744460bdc4a0b689cc9181/.grpc/lifecycler:0" debug_mode=Some(false) commands_f=Command(Command { executable: Shell { path: None, command: "python scripts/azure_train_eval.py model=unet experiment.log_mlflow=True experiment.experiment_strategy=verification_box model.num_epochs=1 experiment.num_workers=2 +experiment.report_metrics_to_file=True +dataset.azure_images_path=wasbs://azureml-blobstore-d3360a09-af14-4d39-8db4-b77f3097eaf3@strockjointdet.blob.core.windows.net/rockmass +dataset.azure_masks_path=wasbs://azureml-blobstore-d3360a09-af14-4d39-8db4-b77f3097eaf3@strockjointdet.blob.core.windows.net/label/binary +dataset.azure_splits_path=wasbs://azureml-blobstore-d3360a09-af14-4d39-8db4-b77f3097eaf3@strockjointdet.blob.core.windows.net/splits/verification_box model.params.encoder_name=efficientnet-b0 model.batch_size=4", success_return_code: Zero { additional_codes: [] } }, stderr: None, stdout: Some("user_logs/std_log.txt") }) path_mappings_f={}}: lifecycler::executor_client: Starting execution execution_id=74ffc855-062c-48c8-80bf-cfe6e6fc9ed7 lifecycler_address=/mnt/azureml/cr/j/24f2b7d4f5744460bdc4a0b689cc9181/.grpc/lifecycler:0
2025-11-16T16:12:25.337614Z  INFO run_lifecycler:run_service_and_step_through_lifecycle:step_through_lifecycle:execute:executor_client::execute_commands{lifecycle_address="/mnt/azureml/cr/j/24f2b7d4f5744460bdc4a0b689cc9181/.grpc/lifecycler:0" scheduling=None debug_mode=Some(false)}:executor_client::start_execution{lifecycler_address="/mnt/azureml/cr/j/24f2b7d4f5744460bdc4a0b689cc9181/.grpc/lifecycler:0" debug_mode=Some(false) commands_f=Command(Command { executable: Shell { path: None, command: "python scripts/azure_train_eval.py model=unet experiment.log_mlflow=True experiment.experiment_strategy=verification_box model.num_epochs=1 experiment.num_workers=2 +experiment.report_metrics_to_file=True +dataset.azure_images_path=wasbs://azureml-blobstore-d3360a09-af14-4d39-8db4-b77f3097eaf3@strockjointdet.blob.core.windows.net/rockmass +dataset.azure_masks_path=wasbs://azureml-blobstore-d3360a09-af14-4d39-8db4-b77f3097eaf3@strockjointdet.blob.core.windows.net/label/binary +dataset.azure_splits_path=wasbs://azureml-blobstore-d3360a09-af14-4d39-8db4-b77f3097eaf3@strockjointdet.blob.core.windows.net/splits/verification_box model.params.encoder_name=efficientnet-b0 model.batch_size=4", success_return_code: Zero { additional_codes: [] } }, stderr: None, stdout: Some("user_logs/std_log.txt") }) path_mappings_f={}}: lifecycler::executor_client: close time.busy=118µs time.idle=5.16ms
2025-11-16T16:12:25.337640Z  INFO run_lifecycler:run_service_and_step_through_lifecycle:step_through_lifecycle:execute:executor_client::execute_commands{lifecycle_address="/mnt/azureml/cr/j/24f2b7d4f5744460bdc4a0b689cc9181/.grpc/lifecycler:0" scheduling=None debug_mode=Some(false)}: lifecycler::executor_client: Waiting for execution completion execution_id="74ffc855-062c-48c8-80bf-cfe6e6fc9ed7"
2025-11-16T16:12:37.271504Z  WARN grpc_utils::span: failed to inject span context to grpc request
2025-11-16T16:12:37.271572Z  WARN grpc_utils::span: failed to inject span context to grpc request
2025-11-16T16:12:37.271597Z  WARN grpc_utils::span: failed to inject span context to grpc request
2025-11-16T16:12:37.271622Z  WARN grpc_utils::span: failed to inject span context to grpc request
2025-11-16T16:12:37.271656Z  WARN grpc_utils::span: failed to inject span context to grpc request
2025-11-16T16:12:37.272127Z  INFO lifecycler::health_client: Health status for service: METRICS_CAPABILITY service_name=METRICS_CAPABILITY health_status=1
2025-11-16T16:12:37.272228Z  INFO lifecycler::health_client: Health status for service: SNAPSHOT_CAPABILITY service_name=SNAPSHOT_CAPABILITY health_status=1
2025-11-16T16:12:37.272354Z  INFO lifecycler::health_client: Health status for service: Executor service_name=Executor health_status=1
2025-11-16T16:12:37.272392Z  INFO lifecycler::health_client: Health status for service: HOSTTOOLS_CAPABILITY service_name=HOSTTOOLS_CAPABILITY health_status=1
2025-11-16T16:12:37.272680Z  INFO lifecycler::health_client: Health status for service: CS_CAPABILITY service_name=CS_CAPABILITY health_status=1
2025-11-16T16:12:40.596532Z  INFO ExecutionCallbackServicer::complete_execution: grpc_utils::server: Got grpc request request_name="complete_execution" remote_addr=None
2025-11-16T16:12:40.596604Z  INFO ExecutionCallbackServicer::complete_execution: lifecycler::service: close time.busy=78.7µs time.idle=16.2µs
2025-11-16T16:12:40.596635Z  INFO run_lifecycler:run_service_and_step_through_lifecycle:step_through_lifecycle:execute:executor_client::execute_commands{lifecycle_address="/mnt/azureml/cr/j/24f2b7d4f5744460bdc4a0b689cc9181/.grpc/lifecycler:0" scheduling=None debug_mode=Some(false)}:executor_client::wait_for_execution_completion{execution_id="74ffc855-062c-48c8-80bf-cfe6e6fc9ed7"}: lifecycler::executor_client: close time.busy=5.00µs time.idle=15.3s
2025-11-16T16:12:40.596743Z  INFO run_lifecycler:run_service_and_step_through_lifecycle:step_through_lifecycle:execute:executor_client::execute_commands{lifecycle_address="/mnt/azureml/cr/j/24f2b7d4f5744460bdc4a0b689cc9181/.grpc/lifecycler:0" scheduling=None debug_mode=Some(false)}: lifecycler::executor_client: Execution completed execution_id="74ffc855-062c-48c8-80bf-cfe6e6fc9ed7"
2025-11-16T16:12:40.596782Z  INFO run_lifecycler:run_service_and_step_through_lifecycle:step_through_lifecycle:execute:executor_client::execute_commands{lifecycle_address="/mnt/azureml/cr/j/24f2b7d4f5744460bdc4a0b689cc9181/.grpc/lifecycler:0" scheduling=None debug_mode=Some(false)}: lifecycler::executor_client: close time.busy=360µs time.idle=15.3s
2025-11-16T16:12:40.596803Z ERROR run_lifecycler:run_service_and_step_through_lifecycle:step_through_lifecycle:execute: lifecycler::lifecycle: failed to execute commands exception=ExecutionFailed(ExecutionsFailures([ExecutionFailure { exit_code: 1, error_message: "Execution failed. User process 'python' exited with status code 1. Please check log file 'user_logs/std_log.txt' for error details. Error: │   187 │   │   │   │   ret.status = JobStatus.COMPLETED                       │\n│   188 │   │   │   except Exception as e:                                     │\n│   189 │   │   │   │   ret.return_value = e                                   │\n│                                                                              │\n│ /mnt/azureml/cr/j/24f2b7d4f5744460bdc4a0b689cc9181/exe/wd/scripts/azure_trai │\n│ n_eval.py:302 in main                                                        │\n│                                                                              │\n│   299 │   │   │   \"correctly configured in your Azure ML job.\",              │\n│   300 │   │   │   style=\"danger\",                                            │\n│   301 │   │   )                                                              │\n│ ❱ 302 │   │   raise ValueError(f\"Images directory does not exist: {images_pa │\n│   303 │                                                                      │\n│   304 │   # Check masks path                                                 │\n│   305 │   if masks_path is None:                                             │\n╰──────────────────────────────────────────────────────────────────────────────╯\nValueError: Images directory does not exist: \nwasbs:/azureml-blobstore-d3360a09-af14-4d39-8db4-b77f3097eaf3@strockjointdet.blo\nb.core.windows.net/rockmass\n🏃 View run sweep_test_minimal_1 at: https://northeurope.api.azureml.ms/mlflow/v2.0/subscriptions/0edfb8db-083f-4467-a411-d497eaa6b41e/resourceGroups/rg-rock-joint-detection/providers/Microsoft.MachineLearningServices/workspaces/ws-rock-joint-det/#/experiments/ff13ef66-fa18-49a0-8156-792c6b039008/runs/lucid_bean_v05z0dlfnq_1\n🧪 View experiment at: https://northeurope.api.azureml.ms/mlflow/v2.0/subscriptions/0edfb8db-083f-4467-a411-d497eaa6b41e/resourceGroups/rg-rock-joint-detection/providers/Microsoft.MachineLearningServices/workspaces/ws-rock-joint-det/#/experiments/ff13ef66-fa18-49a0-8156-792c6b039008\n", process_name: "python", error_file: "user_logs/std_log.txt" }])) rank=None phase=0
2025-11-16T16:12:40.596946Z  INFO run_lifecycler:run_service_and_step_through_lifecycle:step_through_lifecycle:execute: lifecycler::lifecycle: close time.busy=775µs time.idle=15.3s
2025-11-16T16:12:40.596982Z  WARN run_lifecycler:run_service_and_step_through_lifecycle:step_through_lifecycle:end_service_capabilities:end{name="CS_CAPABILITY"}: grpc_utils::span: failed to inject span context to grpc request
2025-11-16T16:12:40.597017Z  WARN run_lifecycler:run_service_and_step_through_lifecycle:step_through_lifecycle:end_service_capabilities:end{name="HOSTTOOLS_CAPABILITY"}: grpc_utils::span: failed to inject span context to grpc request
2025-11-16T16:12:40.597043Z  WARN run_lifecycler:run_service_and_step_through_lifecycle:step_through_lifecycle:end_service_capabilities:end{name="METRICS_CAPABILITY"}: grpc_utils::span: failed to inject span context to grpc request
2025-11-16T16:12:40.597118Z  WARN run_lifecycler:run_service_and_step_through_lifecycle:step_through_lifecycle:end_service_capabilities:end{name="SNAPSHOT_CAPABILITY"}: grpc_utils::span: failed to inject span context to grpc request
2025-11-16T16:12:40.597744Z  INFO run_lifecycler:run_service_and_step_through_lifecycle:step_through_lifecycle:end_service_capabilities:end{name="METRICS_CAPABILITY"}: lifecycler::capability_client: Received success code for end cap_name=METRICS_CAPABILITY
2025-11-16T16:12:40.597837Z  INFO run_lifecycler:run_service_and_step_through_lifecycle:step_through_lifecycle:end_service_capabilities:end{name="METRICS_CAPABILITY"}: lifecycler::capability_client: close time.busy=194µs time.idle=603µs
2025-11-16T16:12:40.597878Z  INFO run_lifecycler:run_service_and_step_through_lifecycle:step_through_lifecycle:end_service_capabilities:end{name="SNAPSHOT_CAPABILITY"}: lifecycler::capability_client: Received success code for end cap_name=SNAPSHOT_CAPABILITY
2025-11-16T16:12:40.597907Z  INFO run_lifecycler:run_service_and_step_through_lifecycle:step_through_lifecycle:end_service_capabilities:end{name="SNAPSHOT_CAPABILITY"}: lifecycler::capability_client: close time.busy=75.8µs time.idle=717µs
