2025-11-16T14:51:22.178281Z  INFO telemetry: job_telemetry_init artifact_type=installed branch=origin/f3433e4a12ad41c670012842e6be04684c303297 ci_number=20251105.1 ci_name=CommonRuntime-RuntimeTeam-Linux-Prod-Build build_time=2025-11-05 17:43:33.021559
2025-11-16T14:51:22.178502Z  INFO load_config_from_env: lifecycler::config: Resolved grpc addresses lifecycler_address=/mnt/azureml/cr/j/97f11b2b597e4d64a1687e71b0e60a8c/.grpc/lifecycler:0 executor_address=/mnt/azureml/cr/j/97f11b2b597e4d64a1687e71b0e60a8c/.grpc/executor:0
2025-11-16T14:51:22.178703Z  INFO load_config_from_env:load_capability_addresses_from_env{capability_endpoints_from_config={"CS_CAPABILITY": CapabilityEndpoint { name: "CS_CAPABILITY", address: "/mnt/azureml/cr/j/97f11b2b597e4d64a1687e71b0e60a8c/.grpc/cs-capability:0", type: Service }, "HOSTTOOLS_CAPABILITY": CapabilityEndpoint { name: "HOSTTOOLS_CAPABILITY", address: "/mnt/azureml/cr/j/97f11b2b597e4d64a1687e71b0e60a8c/.grpc/hosttools-capability:0", type: Service }, "METRICS_CAPABILITY": CapabilityEndpoint { name: "METRICS_CAPABILITY", address: "/mnt/azureml/cr/j/97f11b2b597e4d64a1687e71b0e60a8c/.grpc/metrics-capability:0", type: Service }, "SNAPSHOT_CAPABILITY": CapabilityEndpoint { name: "SNAPSHOT_CAPABILITY", address: "/mnt/azureml/cr/j/97f11b2b597e4d64a1687e71b0e60a8c/.grpc/snapshot-capability:0", type: Service }}}: lifecycler::config: close time.busy=142µs time.idle=13.7µs
2025-11-16T14:51:22.178745Z  INFO load_config_from_env: lifecycler::config: close time.busy=357µs time.idle=22.8µs
2025-11-16T14:51:22.178790Z  INFO run_lifecycler:run_service_and_step_through_lifecycle: lifecycler::lifecycle: distributed config is not specified, skip setting up distributed barrier
2025-11-16T14:51:22.178827Z  INFO run_lifecycler:run_service_and_step_through_lifecycle: lifecycler::lifecycle: Trying to configure lifecycler to ignore termination signals
2025-11-16T14:51:22.178855Z  INFO run_lifecycler:run_service_and_step_through_lifecycle: cr_core: Successfully configured current process to ignore termination signals
2025-11-16T14:51:22.178902Z  INFO Lifecycler::run_service{lifecycler_abort_state_writer=Some(LifecyclerAbortStateWriter { lifecycler_wd: "/mnt/azureml/cr/j/97f11b2b597e4d64a1687e71b0e60a8c/cap/lifecycler/wd" })}: lifecycler::service: serving lifecycle service address=/mnt/azureml/cr/j/97f11b2b597e4d64a1687e71b0e60a8c/.grpc/lifecycler:0
2025-11-16T14:51:22.178986Z  INFO run_lifecycler:run_service_and_step_through_lifecycle:step_through_lifecycle:connect_capabilities:connect: grpc_utils::endpoint::connect: Connecting to gRPC service endpoint=Uds("/mnt/azureml/cr/j/97f11b2b597e4d64a1687e71b0e60a8c/.grpc/cs-capability:0") retry=FixedIntervalRetry { attempt_timeout_millis: 50, retry_delay_millis: 10, max_duration: 7200s }
2025-11-16T14:51:22.179036Z  INFO Lifecycler::run_service{lifecycler_abort_state_writer=Some(LifecyclerAbortStateWriter { lifecycler_wd: "/mnt/azureml/cr/j/97f11b2b597e4d64a1687e71b0e60a8c/cap/lifecycler/wd" })}:serve_more: grpc_utils::endpoint::serve: serving gRPC service endpoint=Uds("/mnt/azureml/cr/j/97f11b2b597e4d64a1687e71b0e60a8c/.grpc/lifecycler:0") retry=ExponentialBackoffRetry { retry_delay_secs: 2, delay_factor: 1000, num_retries: 3 }
2025-11-16T14:52:08.687648Z  INFO run_lifecycler:run_service_and_step_through_lifecycle:step_through_lifecycle:connect_capabilities:connect: grpc_utils::endpoint::connect: Successfully connected to gRPC service endpoint=Uds("/mnt/azureml/cr/j/97f11b2b597e4d64a1687e71b0e60a8c/.grpc/cs-capability:0")
2025-11-16T14:52:08.687709Z  INFO run_lifecycler:run_service_and_step_through_lifecycle:step_through_lifecycle:connect_capabilities:connect: grpc_utils::endpoint::connect: close time.busy=194ms time.idle=46.3s
2025-11-16T14:52:08.687826Z  INFO run_lifecycler:run_service_and_step_through_lifecycle:step_through_lifecycle:connect_capabilities:connect: grpc_utils::endpoint::connect: Connecting to gRPC service endpoint=Uds("/mnt/azureml/cr/j/97f11b2b597e4d64a1687e71b0e60a8c/.grpc/cs-capability:0") retry=FixedIntervalRetry { attempt_timeout_millis: 50, retry_delay_millis: 10, max_duration: 7200s }
2025-11-16T14:52:08.688164Z  INFO run_lifecycler:run_service_and_step_through_lifecycle:step_through_lifecycle:connect_capabilities:connect: grpc_utils::endpoint::connect: Successfully connected to gRPC service endpoint=Uds("/mnt/azureml/cr/j/97f11b2b597e4d64a1687e71b0e60a8c/.grpc/cs-capability:0")
2025-11-16T14:52:08.688253Z  INFO run_lifecycler:run_service_and_step_through_lifecycle:step_through_lifecycle:connect_capabilities:connect: grpc_utils::endpoint::connect: close time.busy=320µs time.idle=113µs
2025-11-16T14:52:08.688313Z  INFO run_lifecycler:run_service_and_step_through_lifecycle:step_through_lifecycle:connect_capabilities:wait_for_service_healthy: lifecycler::health_monitor: Waiting for service to become healthy: CS_CAPABILITY service_name=CS_CAPABILITY timeout=30s
2025-11-16T14:52:08.688363Z  WARN run_lifecycler:run_service_and_step_through_lifecycle:step_through_lifecycle:connect_capabilities:wait_for_service_healthy: grpc_utils::span: failed to inject span context to grpc request
2025-11-16T14:52:08.689596Z  INFO run_lifecycler:run_service_and_step_through_lifecycle:step_through_lifecycle:connect_capabilities:wait_for_service_healthy: lifecycler::health_client: Health status for service: CS_CAPABILITY service_name=CS_CAPABILITY health_status=1
2025-11-16T14:52:08.689665Z  INFO run_lifecycler:run_service_and_step_through_lifecycle:step_through_lifecycle:connect_capabilities:wait_for_service_healthy: lifecycler::health_monitor: Service has become healthy service_name=CS_CAPABILITY
2025-11-16T14:52:08.689686Z  INFO run_lifecycler:run_service_and_step_through_lifecycle:step_through_lifecycle:connect_capabilities:wait_for_service_healthy: lifecycler::health_monitor: close time.busy=268µs time.idle=1.11ms
2025-11-16T14:52:08.689770Z  INFO run_lifecycler:run_service_and_step_through_lifecycle:step_through_lifecycle:connect_capabilities:connect: grpc_utils::endpoint::connect: Connecting to gRPC service endpoint=Uds("/mnt/azureml/cr/j/97f11b2b597e4d64a1687e71b0e60a8c/.grpc/hosttools-capability:0") retry=FixedIntervalRetry { attempt_timeout_millis: 50, retry_delay_millis: 10, max_duration: 7200s }
2025-11-16T14:52:08.690119Z  INFO run_lifecycler:run_service_and_step_through_lifecycle:step_through_lifecycle:connect_capabilities:connect: grpc_utils::endpoint::connect: Successfully connected to gRPC service endpoint=Uds("/mnt/azureml/cr/j/97f11b2b597e4d64a1687e71b0e60a8c/.grpc/hosttools-capability:0")
2025-11-16T14:52:08.690168Z  INFO run_lifecycler:run_service_and_step_through_lifecycle:step_through_lifecycle:connect_capabilities:connect: grpc_utils::endpoint::connect: close time.busy=238µs time.idle=163µs
2025-11-16T14:52:08.690244Z  INFO run_lifecycler:run_service_and_step_through_lifecycle:step_through_lifecycle:connect_capabilities:connect: grpc_utils::endpoint::connect: Connecting to gRPC service endpoint=Uds("/mnt/azureml/cr/j/97f11b2b597e4d64a1687e71b0e60a8c/.grpc/hosttools-capability:0") retry=FixedIntervalRetry { attempt_timeout_millis: 50, retry_delay_millis: 10, max_duration: 7200s }
2025-11-16T14:52:08.690486Z  INFO run_lifecycler:run_service_and_step_through_lifecycle:step_through_lifecycle:connect_capabilities:connect: grpc_utils::endpoint::connect: Successfully connected to gRPC service endpoint=Uds("/mnt/azureml/cr/j/97f11b2b597e4d64a1687e71b0e60a8c/.grpc/hosttools-capability:0")
2025-11-16T14:52:08.690537Z  INFO run_lifecycler:run_service_and_step_through_lifecycle:step_through_lifecycle:connect_capabilities:connect: grpc_utils::endpoint::connect: close time.busy=198µs time.idle=98.2µs
2025-11-16T14:52:08.690658Z  INFO run_lifecycler:run_service_and_step_through_lifecycle:step_through_lifecycle:connect_capabilities:wait_for_service_healthy: lifecycler::health_monitor: Waiting for service to become healthy: HOSTTOOLS_CAPABILITY service_name=HOSTTOOLS_CAPABILITY timeout=30s
2025-11-16T14:52:08.690719Z  WARN run_lifecycler:run_service_and_step_through_lifecycle:step_through_lifecycle:connect_capabilities:wait_for_service_healthy: grpc_utils::span: failed to inject span context to grpc request
2025-11-16T14:52:08.691337Z  INFO run_lifecycler:run_service_and_step_through_lifecycle:step_through_lifecycle:connect_capabilities:wait_for_service_healthy: lifecycler::health_client: Health status for service: HOSTTOOLS_CAPABILITY service_name=HOSTTOOLS_CAPABILITY health_status=1
2025-11-16T14:52:08.691413Z  INFO run_lifecycler:run_service_and_step_through_lifecycle:step_through_lifecycle:connect_capabilities:wait_for_service_healthy: lifecycler::health_monitor: Service has become healthy service_name=HOSTTOOLS_CAPABILITY
2025-11-16T14:52:08.691432Z  INFO run_lifecycler:run_service_and_step_through_lifecycle:step_through_lifecycle:connect_capabilities:wait_for_service_healthy: lifecycler::health_monitor: close time.busy=236µs time.idle=541µs
2025-11-16T14:52:08.691515Z  INFO run_lifecycler:run_service_and_step_through_lifecycle:step_through_lifecycle:connect_capabilities:connect: grpc_utils::endpoint::connect: Connecting to gRPC service endpoint=Uds("/mnt/azureml/cr/j/97f11b2b597e4d64a1687e71b0e60a8c/.grpc/metrics-capability:0") retry=FixedIntervalRetry { attempt_timeout_millis: 50, retry_delay_millis: 10, max_duration: 7200s }
2025-11-16T14:52:08.691887Z  INFO run_lifecycler:run_service_and_step_through_lifecycle:step_through_lifecycle:connect_capabilities:connect: grpc_utils::endpoint::connect: Successfully connected to gRPC service endpoint=Uds("/mnt/azureml/cr/j/97f11b2b597e4d64a1687e71b0e60a8c/.grpc/metrics-capability:0")
2025-11-16T14:52:08.692087Z  INFO run_lifecycler:run_service_and_step_through_lifecycle:step_through_lifecycle:connect_capabilities:connect: grpc_utils::endpoint::connect: close time.busy=362µs time.idle=214µs
2025-11-16T14:52:08.692296Z  INFO run_lifecycler:run_service_and_step_through_lifecycle:step_through_lifecycle:connect_capabilities:connect: grpc_utils::endpoint::connect: Connecting to gRPC service endpoint=Uds("/mnt/azureml/cr/j/97f11b2b597e4d64a1687e71b0e60a8c/.grpc/metrics-capability:0") retry=FixedIntervalRetry { attempt_timeout_millis: 50, retry_delay_millis: 10, max_duration: 7200s }
2025-11-16T14:52:08.692564Z  INFO run_lifecycler:run_service_and_step_through_lifecycle:step_through_lifecycle:connect_capabilities:connect: grpc_utils::endpoint::connect: Successfully connected to gRPC service endpoint=Uds("/mnt/azureml/cr/j/97f11b2b597e4d64a1687e71b0e60a8c/.grpc/metrics-capability:0")
2025-11-16T14:52:08.692750Z  INFO run_lifecycler:run_service_and_step_through_lifecycle:step_through_lifecycle:connect_capabilities:connect: grpc_utils::endpoint::connect: close time.busy=448µs time.idle=10.00µs
2025-11-16T14:52:08.692795Z  INFO run_lifecycler:run_service_and_step_through_lifecycle:step_through_lifecycle:connect_capabilities:wait_for_service_healthy: lifecycler::health_monitor: Waiting for service to become healthy: METRICS_CAPABILITY service_name=METRICS_CAPABILITY timeout=30s
2025-11-16T14:52:08.692842Z  WARN run_lifecycler:run_service_and_step_through_lifecycle:step_through_lifecycle:connect_capabilities:wait_for_service_healthy: grpc_utils::span: failed to inject span context to grpc request
2025-11-16T14:52:08.693328Z  INFO run_lifecycler:run_service_and_step_through_lifecycle:step_through_lifecycle:connect_capabilities:wait_for_service_healthy: lifecycler::health_client: Health status for service: METRICS_CAPABILITY service_name=METRICS_CAPABILITY health_status=1
2025-11-16T14:52:08.693377Z  INFO run_lifecycler:run_service_and_step_through_lifecycle:step_through_lifecycle:connect_capabilities:wait_for_service_healthy: lifecycler::health_monitor: Service has become healthy service_name=METRICS_CAPABILITY
2025-11-16T14:52:08.693400Z  INFO run_lifecycler:run_service_and_step_through_lifecycle:step_through_lifecycle:connect_capabilities:wait_for_service_healthy: lifecycler::health_monitor: close time.busy=168µs time.idle=440µs
2025-11-16T14:52:08.693481Z  INFO run_lifecycler:run_service_and_step_through_lifecycle:step_through_lifecycle:connect_capabilities:connect: grpc_utils::endpoint::connect: Connecting to gRPC service endpoint=Uds("/mnt/azureml/cr/j/97f11b2b597e4d64a1687e71b0e60a8c/.grpc/snapshot-capability:0") retry=FixedIntervalRetry { attempt_timeout_millis: 50, retry_delay_millis: 10, max_duration: 7200s }
2025-11-16T14:52:08.693678Z  INFO run_lifecycler:run_service_and_step_through_lifecycle:step_through_lifecycle:connect_capabilities:connect: grpc_utils::endpoint::connect: Successfully connected to gRPC service endpoint=Uds("/mnt/azureml/cr/j/97f11b2b597e4d64a1687e71b0e60a8c/.grpc/snapshot-capability:0")
2025-11-16T14:52:08.693740Z  INFO run_lifecycler:run_service_and_step_through_lifecycle:step_through_lifecycle:connect_capabilities:connect: grpc_utils::endpoint::connect: close time.busy=172µs time.idle=89.8µs
2025-11-16T14:52:08.693872Z  INFO run_lifecycler:run_service_and_step_through_lifecycle:step_through_lifecycle:connect_capabilities:connect: grpc_utils::endpoint::connect: Connecting to gRPC service endpoint=Uds("/mnt/azureml/cr/j/97f11b2b597e4d64a1687e71b0e60a8c/.grpc/snapshot-capability:0") retry=FixedIntervalRetry { attempt_timeout_millis: 50, retry_delay_millis: 10, max_duration: 7200s }
2025-11-16T14:52:08.694167Z  INFO run_lifecycler:run_service_and_step_through_lifecycle:step_through_lifecycle:connect_capabilities:connect: grpc_utils::endpoint::connect: Successfully connected to gRPC service endpoint=Uds("/mnt/azureml/cr/j/97f11b2b597e4d64a1687e71b0e60a8c/.grpc/snapshot-capability:0")
2025-11-16T14:52:08.694228Z  INFO run_lifecycler:run_service_and_step_through_lifecycle:step_through_lifecycle:connect_capabilities:connect: grpc_utils::endpoint::connect: close time.busy=284µs time.idle=75.7µs
2025-11-16T14:52:08.694274Z  INFO run_lifecycler:run_service_and_step_through_lifecycle:step_through_lifecycle:connect_capabilities:wait_for_service_healthy: lifecycler::health_monitor: Waiting for service to become healthy: SNAPSHOT_CAPABILITY service_name=SNAPSHOT_CAPABILITY timeout=30s
2025-11-16T14:52:08.694322Z  WARN run_lifecycler:run_service_and_step_through_lifecycle:step_through_lifecycle:connect_capabilities:wait_for_service_healthy: grpc_utils::span: failed to inject span context to grpc request
2025-11-16T14:52:08.694758Z  INFO run_lifecycler:run_service_and_step_through_lifecycle:step_through_lifecycle:connect_capabilities:wait_for_service_healthy: lifecycler::health_client: Health status for service: SNAPSHOT_CAPABILITY service_name=SNAPSHOT_CAPABILITY health_status=1
2025-11-16T14:52:08.694818Z  INFO run_lifecycler:run_service_and_step_through_lifecycle:step_through_lifecycle:connect_capabilities:wait_for_service_healthy: lifecycler::health_monitor: Service has become healthy service_name=SNAPSHOT_CAPABILITY
2025-11-16T14:52:08.694836Z  INFO run_lifecycler:run_service_and_step_through_lifecycle:step_through_lifecycle:connect_capabilities:wait_for_service_healthy: lifecycler::health_monitor: close time.busy=168µs time.idle=396µs
2025-11-16T14:52:08.694846Z  INFO run_lifecycler:run_service_and_step_through_lifecycle:step_through_lifecycle:connect_capabilities: lifecycler::lifecycle: close time.busy=210ms time.idle=46.3s
2025-11-16T14:52:08.694871Z  WARN run_lifecycler:run_service_and_step_through_lifecycle:step_through_lifecycle:start_capabilities:start{name="CS_CAPABILITY"}: grpc_utils::span: failed to inject span context to grpc request
2025-11-16T14:52:08.694903Z  WARN run_lifecycler:run_service_and_step_through_lifecycle:step_through_lifecycle:start_capabilities:start{name="HOSTTOOLS_CAPABILITY"}: grpc_utils::span: failed to inject span context to grpc request
2025-11-16T14:52:08.694928Z  WARN run_lifecycler:run_service_and_step_through_lifecycle:step_through_lifecycle:start_capabilities:start{name="METRICS_CAPABILITY"}: grpc_utils::span: failed to inject span context to grpc request
2025-11-16T14:52:08.694954Z  WARN run_lifecycler:run_service_and_step_through_lifecycle:step_through_lifecycle:start_capabilities:start{name="SNAPSHOT_CAPABILITY"}: grpc_utils::span: failed to inject span context to grpc request
2025-11-16T14:52:08.695167Z  WARN grpc_utils::span: failed to inject span context to grpc request
2025-11-16T14:52:08.695589Z  INFO run_lifecycler:run_service_and_step_through_lifecycle:step_through_lifecycle:start_capabilities:start{name="HOSTTOOLS_CAPABILITY"}: lifecycler::capability_client: Received success code for start cap_name=HOSTTOOLS_CAPABILITY
2025-11-16T14:52:08.696002Z  WARN grpc_utils::span: failed to inject span context to grpc request
2025-11-16T14:52:08.696019Z  INFO run_lifecycler:run_service_and_step_through_lifecycle:step_through_lifecycle:start_capabilities:start{name="HOSTTOOLS_CAPABILITY"}: lifecycler::capability_client: close time.busy=484µs time.idle=635µs
2025-11-16T14:52:08.696063Z  WARN grpc_utils::span: failed to inject span context to grpc request
2025-11-16T14:52:08.696070Z  INFO run_lifecycler:run_service_and_step_through_lifecycle:step_through_lifecycle:start_capabilities:start{name="METRICS_CAPABILITY"}: lifecycler::capability_client: Received success code for start cap_name=METRICS_CAPABILITY
2025-11-16T14:52:08.696291Z  WARN grpc_utils::span: failed to inject span context to grpc request
2025-11-16T14:52:08.696596Z  INFO run_lifecycler:run_service_and_step_through_lifecycle:step_through_lifecycle:start_capabilities:start{name="METRICS_CAPABILITY"}: lifecycler::capability_client: close time.busy=772µs time.idle=899µs
2025-11-16T14:52:08.740846Z  INFO run_lifecycler:run_service_and_step_through_lifecycle:step_through_lifecycle:start_capabilities:start{name="CS_CAPABILITY"}: lifecycler::capability_client: Received success code for start cap_name=CS_CAPABILITY
2025-11-16T14:52:08.740925Z  INFO run_lifecycler:run_service_and_step_through_lifecycle:step_through_lifecycle:start_capabilities:start{name="CS_CAPABILITY"}: lifecycler::capability_client: close time.busy=155µs time.idle=45.9ms
2025-11-16T14:52:09.612265Z  INFO run_lifecycler:run_service_and_step_through_lifecycle:step_through_lifecycle:start_capabilities:start{name="SNAPSHOT_CAPABILITY"}: lifecycler::capability_client: Received success code for start cap_name=SNAPSHOT_CAPABILITY
2025-11-16T14:52:09.612341Z  INFO run_lifecycler:run_service_and_step_through_lifecycle:step_through_lifecycle:start_capabilities:start{name="SNAPSHOT_CAPABILITY"}: lifecycler::capability_client: close time.busy=153µs time.idle=917ms
2025-11-16T14:52:09.612364Z  INFO run_lifecycler:run_service_and_step_through_lifecycle:step_through_lifecycle:start_capabilities: lifecycler::lifecycle: close time.busy=1.98ms time.idle=916ms
2025-11-16T14:52:09.612391Z  INFO run_lifecycler:run_service_and_step_through_lifecycle:step_through_lifecycle:exit_capabilities{cap_type=Operation job_result=JobResult { job_status: Succeeded, error: None }}: lifecycler::lifecycle: close time.busy=2.70µs time.idle=8.80µs
2025-11-16T14:52:09.612404Z  INFO run_lifecycler:run_service_and_step_through_lifecycle:step_through_lifecycle: lifecycler::lifecycle: exited operation caps: true
2025-11-16T14:52:09.612541Z  INFO run_lifecycler:run_service_and_step_through_lifecycle:step_through_lifecycle:connect_executor:connect:connect: grpc_utils::endpoint::connect: Connecting to gRPC service endpoint=Uds("/mnt/azureml/cr/j/97f11b2b597e4d64a1687e71b0e60a8c/.grpc/executor:0") retry=FixedIntervalRetry { attempt_timeout_millis: 50, retry_delay_millis: 10, max_duration: 7200s }
2025-11-16T14:52:48.732293Z  WARN grpc_utils::span: failed to inject span context to grpc request
2025-11-16T14:52:48.732360Z  WARN grpc_utils::span: failed to inject span context to grpc request
2025-11-16T14:52:48.732389Z  WARN grpc_utils::span: failed to inject span context to grpc request
2025-11-16T14:52:48.732410Z  WARN grpc_utils::span: failed to inject span context to grpc request
2025-11-16T14:53:28.734416Z  WARN grpc_utils::span: failed to inject span context to grpc request
2025-11-16T14:53:28.734614Z  WARN grpc_utils::span: failed to inject span context to grpc request
2025-11-16T14:53:28.734642Z  WARN grpc_utils::span: failed to inject span context to grpc request
2025-11-16T14:53:28.734664Z  WARN grpc_utils::span: failed to inject span context to grpc request
2025-11-16T14:54:08.737900Z  WARN grpc_utils::span: failed to inject span context to grpc request
2025-11-16T14:54:08.737981Z  WARN grpc_utils::span: failed to inject span context to grpc request
2025-11-16T14:54:08.738011Z  WARN grpc_utils::span: failed to inject span context to grpc request
2025-11-16T14:54:08.738033Z  WARN grpc_utils::span: failed to inject span context to grpc request
2025-11-16T14:54:48.740203Z  WARN grpc_utils::span: failed to inject span context to grpc request
2025-11-16T14:54:48.740268Z  WARN grpc_utils::span: failed to inject span context to grpc request
2025-11-16T14:54:48.740295Z  WARN grpc_utils::span: failed to inject span context to grpc request
2025-11-16T14:54:48.740320Z  WARN grpc_utils::span: failed to inject span context to grpc request
2025-11-16T14:54:48.740866Z  INFO lifecycler::health_client: Health status for service: HOSTTOOLS_CAPABILITY service_name=HOSTTOOLS_CAPABILITY health_status=1
2025-11-16T14:54:48.740919Z  INFO lifecycler::health_client: Health status for service: METRICS_CAPABILITY service_name=METRICS_CAPABILITY health_status=1
2025-11-16T14:54:48.740952Z  INFO lifecycler::health_client: Health status for service: SNAPSHOT_CAPABILITY service_name=SNAPSHOT_CAPABILITY health_status=1
2025-11-16T14:54:48.741387Z  INFO lifecycler::health_client: Health status for service: CS_CAPABILITY service_name=CS_CAPABILITY health_status=1
2025-11-16T14:55:28.742019Z  WARN grpc_utils::span: failed to inject span context to grpc request
2025-11-16T14:55:28.742083Z  WARN grpc_utils::span: failed to inject span context to grpc request
2025-11-16T14:55:28.742105Z  WARN grpc_utils::span: failed to inject span context to grpc request
2025-11-16T14:55:28.742128Z  WARN grpc_utils::span: failed to inject span context to grpc request
2025-11-16T14:56:08.744373Z  WARN grpc_utils::span: failed to inject span context to grpc request
2025-11-16T14:56:08.744441Z  WARN grpc_utils::span: failed to inject span context to grpc request
2025-11-16T14:56:08.744472Z  WARN grpc_utils::span: failed to inject span context to grpc request
2025-11-16T14:56:08.744512Z  WARN grpc_utils::span: failed to inject span context to grpc request
2025-11-16T14:56:31.973303Z  INFO run_lifecycler:run_service_and_step_through_lifecycle:step_through_lifecycle:connect_executor:connect:connect: grpc_utils::endpoint::connect: Successfully connected to gRPC service endpoint=Uds("/mnt/azureml/cr/j/97f11b2b597e4d64a1687e71b0e60a8c/.grpc/executor:0")
2025-11-16T14:56:31.973427Z  INFO run_lifecycler:run_service_and_step_through_lifecycle:step_through_lifecycle:connect_executor:connect:connect: grpc_utils::endpoint::connect: close time.busy=980ms time.idle=261s
2025-11-16T14:56:31.973458Z  INFO run_lifecycler:run_service_and_step_through_lifecycle:step_through_lifecycle:connect_executor:connect: lifecycler::executor_client: close time.busy=1.02s time.idle=261s
2025-11-16T14:56:31.973609Z  INFO run_lifecycler:run_service_and_step_through_lifecycle:step_through_lifecycle:connect_executor:connect:connect: grpc_utils::endpoint::connect: Connecting to gRPC service endpoint=Uds("/mnt/azureml/cr/j/97f11b2b597e4d64a1687e71b0e60a8c/.grpc/executor:0") retry=FixedIntervalRetry { attempt_timeout_millis: 50, retry_delay_millis: 10, max_duration: 7200s }
2025-11-16T14:56:31.973824Z  INFO run_lifecycler:run_service_and_step_through_lifecycle:step_through_lifecycle:connect_executor:connect:connect: grpc_utils::endpoint::connect: Successfully connected to gRPC service endpoint=Uds("/mnt/azureml/cr/j/97f11b2b597e4d64a1687e71b0e60a8c/.grpc/executor:0")
2025-11-16T14:56:31.973861Z  INFO run_lifecycler:run_service_and_step_through_lifecycle:step_through_lifecycle:connect_executor:connect:connect: grpc_utils::endpoint::connect: close time.busy=157µs time.idle=98.8µs
2025-11-16T14:56:31.973880Z  INFO run_lifecycler:run_service_and_step_through_lifecycle:step_through_lifecycle:connect_executor:connect: lifecycler::executor_client: close time.busy=305µs time.idle=101µs
2025-11-16T14:56:31.973950Z  INFO run_lifecycler:run_service_and_step_through_lifecycle:step_through_lifecycle:connect_executor:connect: grpc_utils::endpoint::connect: Connecting to gRPC service endpoint=Uds("/mnt/azureml/cr/j/97f11b2b597e4d64a1687e71b0e60a8c/.grpc/executor:0") retry=FixedIntervalRetry { attempt_timeout_millis: 50, retry_delay_millis: 10, max_duration: 7200s }
2025-11-16T14:56:31.974111Z  INFO run_lifecycler:run_service_and_step_through_lifecycle:step_through_lifecycle:connect_executor:connect: grpc_utils::endpoint::connect: Successfully connected to gRPC service endpoint=Uds("/mnt/azureml/cr/j/97f11b2b597e4d64a1687e71b0e60a8c/.grpc/executor:0")
2025-11-16T14:56:31.974154Z  INFO run_lifecycler:run_service_and_step_through_lifecycle:step_through_lifecycle:connect_executor:connect: grpc_utils::endpoint::connect: close time.busy=150µs time.idle=57.0µs
2025-11-16T14:56:31.974178Z  INFO run_lifecycler:run_service_and_step_through_lifecycle:step_through_lifecycle:connect_executor:wait_for_service_healthy: lifecycler::health_monitor: Waiting for service to become healthy: Executor service_name=Executor timeout=30s
2025-11-16T14:56:31.974209Z  WARN run_lifecycler:run_service_and_step_through_lifecycle:step_through_lifecycle:connect_executor:wait_for_service_healthy: grpc_utils::span: failed to inject span context to grpc request
2025-11-16T14:56:31.974813Z  INFO run_lifecycler:run_service_and_step_through_lifecycle:step_through_lifecycle:connect_executor:wait_for_service_healthy: lifecycler::health_client: Health status for service: Executor service_name=Executor health_status=1
2025-11-16T14:56:31.974848Z  INFO run_lifecycler:run_service_and_step_through_lifecycle:step_through_lifecycle:connect_executor:wait_for_service_healthy: lifecycler::health_monitor: Service has become healthy service_name=Executor
2025-11-16T14:56:31.974870Z  INFO run_lifecycler:run_service_and_step_through_lifecycle:step_through_lifecycle:connect_executor:wait_for_service_healthy: lifecycler::health_monitor: close time.busy=173µs time.idle=522µs
2025-11-16T14:56:31.974888Z  INFO run_lifecycler:run_service_and_step_through_lifecycle:step_through_lifecycle:connect_executor: lifecycler::lifecycle: close time.busy=1.05s time.idle=261s
2025-11-16T14:56:31.974914Z  INFO run_lifecycler:run_service_and_step_through_lifecycle:step_through_lifecycle:connect_lifecyclers{lifecycler_addresses=None}: lifecycler::lifecycle: close time.busy=7.70µs time.idle=4.60µs
2025-11-16T14:56:31.974957Z  INFO run_lifecycler:run_service_and_step_through_lifecycle:step_through_lifecycle:execute: lifecycler::lifecycle: entering phase rank=None phase=0 is_leader=true entered_phases=false
2025-11-16T14:56:31.974995Z  INFO run_lifecycler:run_service_and_step_through_lifecycle:step_through_lifecycle:execute:barrier_sync: lifecycler::lifecycle: close time.busy=700ns time.idle=2.10µs
2025-11-16T14:56:31.975053Z  INFO run_lifecycler:run_service_and_step_through_lifecycle:step_through_lifecycle:execute: lifecycler::lifecycle: Successfully got AzureML Context from environment, updating Run History with new run attempt
2025-11-16T14:56:31.975076Z  WARN run_lifecycler:run_service_and_step_through_lifecycle:step_through_lifecycle:execute: lifecycler::lifecycle: Skip updating run_attempt since cannot find AZUREML_CR_ENABLE_RUN_ATTEMPT_COUNT_BY_RUN_HISTORY from environment
2025-11-16T14:56:31.975110Z  INFO run_lifecycler:run_service_and_step_through_lifecycle:step_through_lifecycle:execute: lifecycler::lifecycle: starting phase execution rank=None phase=0
2025-11-16T14:56:31.975145Z  INFO run_lifecycler:run_service_and_step_through_lifecycle:step_through_lifecycle:execute: lifecycler::lifecycle: executing phase commands rank=None phase=0
2025-11-16T14:56:31.975184Z  INFO run_lifecycler:run_service_and_step_through_lifecycle:step_through_lifecycle:execute:executor_client::execute_commands{lifecycle_address="/mnt/azureml/cr/j/97f11b2b597e4d64a1687e71b0e60a8c/.grpc/lifecycler:0" scheduling=None debug_mode=Some(false)}: lifecycler::executor_client: Executing commands
2025-11-16T14:56:31.975243Z  WARN run_lifecycler:run_service_and_step_through_lifecycle:step_through_lifecycle:execute:executor_client::execute_commands{lifecycle_address="/mnt/azureml/cr/j/97f11b2b597e4d64a1687e71b0e60a8c/.grpc/lifecycler:0" scheduling=None debug_mode=Some(false)}:executor_client::start_execution{lifecycler_address="/mnt/azureml/cr/j/97f11b2b597e4d64a1687e71b0e60a8c/.grpc/lifecycler:0" debug_mode=Some(false) commands_f=Command(Command { executable: Shell { path: None, command: "python scripts/azure_train_eval.py model=unet experiment.log_mlflow=True experiment.experiment_strategy=verification_box model.num_epochs=1 experiment.num_workers=2 +experiment.report_metrics_to_file=True dataset.azure_images_path=azureml://datastores/workspaceblobstore/paths/rockmass dataset.azure_masks_path=azureml://datastores/workspaceblobstore/paths/rockmass_masks dataset.azure_splits_path=azureml://datastores/workspaceblobstore/paths/rock_segmentation_splits/20251113.1446 model.params.encoder_name=efficientnet-b0 model.batch_size=4", success_return_code: Zero { additional_codes: [] } }, stderr: None, stdout: Some("user_logs/std_log.txt") }) path_mappings_f={}}: grpc_utils::span: failed to inject span context to grpc request
2025-11-16T14:56:31.975265Z  INFO run_lifecycler:run_service_and_step_through_lifecycle:step_through_lifecycle:execute:executor_client::execute_commands{lifecycle_address="/mnt/azureml/cr/j/97f11b2b597e4d64a1687e71b0e60a8c/.grpc/lifecycler:0" scheduling=None debug_mode=Some(false)}:executor_client::start_execution{lifecycler_address="/mnt/azureml/cr/j/97f11b2b597e4d64a1687e71b0e60a8c/.grpc/lifecycler:0" debug_mode=Some(false) commands_f=Command(Command { executable: Shell { path: None, command: "python scripts/azure_train_eval.py model=unet experiment.log_mlflow=True experiment.experiment_strategy=verification_box model.num_epochs=1 experiment.num_workers=2 +experiment.report_metrics_to_file=True dataset.azure_images_path=azureml://datastores/workspaceblobstore/paths/rockmass dataset.azure_masks_path=azureml://datastores/workspaceblobstore/paths/rockmass_masks dataset.azure_splits_path=azureml://datastores/workspaceblobstore/paths/rock_segmentation_splits/20251113.1446 model.params.encoder_name=efficientnet-b0 model.batch_size=4", success_return_code: Zero { additional_codes: [] } }, stderr: None, stdout: Some("user_logs/std_log.txt") }) path_mappings_f={}}: lifecycler::executor_client: Starting execution execution_id=601ccf77-ee90-4635-bf73-39b43611d939 lifecycler_address=/mnt/azureml/cr/j/97f11b2b597e4d64a1687e71b0e60a8c/.grpc/lifecycler:0
2025-11-16T14:56:31.980435Z  INFO run_lifecycler:run_service_and_step_through_lifecycle:step_through_lifecycle:execute:executor_client::execute_commands{lifecycle_address="/mnt/azureml/cr/j/97f11b2b597e4d64a1687e71b0e60a8c/.grpc/lifecycler:0" scheduling=None debug_mode=Some(false)}:executor_client::start_execution{lifecycler_address="/mnt/azureml/cr/j/97f11b2b597e4d64a1687e71b0e60a8c/.grpc/lifecycler:0" debug_mode=Some(false) commands_f=Command(Command { executable: Shell { path: None, command: "python scripts/azure_train_eval.py model=unet experiment.log_mlflow=True experiment.experiment_strategy=verification_box model.num_epochs=1 experiment.num_workers=2 +experiment.report_metrics_to_file=True dataset.azure_images_path=azureml://datastores/workspaceblobstore/paths/rockmass dataset.azure_masks_path=azureml://datastores/workspaceblobstore/paths/rockmass_masks dataset.azure_splits_path=azureml://datastores/workspaceblobstore/paths/rock_segmentation_splits/20251113.1446 model.params.encoder_name=efficientnet-b0 model.batch_size=4", success_return_code: Zero { additional_codes: [] } }, stderr: None, stdout: Some("user_logs/std_log.txt") }) path_mappings_f={}}: lifecycler::executor_client: close time.busy=117µs time.idle=5.10ms
2025-11-16T14:56:31.980457Z  INFO run_lifecycler:run_service_and_step_through_lifecycle:step_through_lifecycle:execute:executor_client::execute_commands{lifecycle_address="/mnt/azureml/cr/j/97f11b2b597e4d64a1687e71b0e60a8c/.grpc/lifecycler:0" scheduling=None debug_mode=Some(false)}: lifecycler::executor_client: Waiting for execution completion execution_id="601ccf77-ee90-4635-bf73-39b43611d939"
2025-11-16T14:56:46.493790Z  INFO ExecutionCallbackServicer::complete_execution: grpc_utils::server: Got grpc request request_name="complete_execution" remote_addr=None
2025-11-16T14:56:46.493865Z  INFO ExecutionCallbackServicer::complete_execution: lifecycler::service: close time.busy=85.1µs time.idle=8.60µs
2025-11-16T14:56:46.493892Z  INFO run_lifecycler:run_service_and_step_through_lifecycle:step_through_lifecycle:execute:executor_client::execute_commands{lifecycle_address="/mnt/azureml/cr/j/97f11b2b597e4d64a1687e71b0e60a8c/.grpc/lifecycler:0" scheduling=None debug_mode=Some(false)}:executor_client::wait_for_execution_completion{execution_id="601ccf77-ee90-4635-bf73-39b43611d939"}: lifecycler::executor_client: close time.busy=4.60µs time.idle=14.5s
2025-11-16T14:56:46.494011Z  INFO run_lifecycler:run_service_and_step_through_lifecycle:step_through_lifecycle:execute:executor_client::execute_commands{lifecycle_address="/mnt/azureml/cr/j/97f11b2b597e4d64a1687e71b0e60a8c/.grpc/lifecycler:0" scheduling=None debug_mode=Some(false)}: lifecycler::executor_client: Execution completed execution_id="601ccf77-ee90-4635-bf73-39b43611d939"
2025-11-16T14:56:46.494059Z  INFO run_lifecycler:run_service_and_step_through_lifecycle:step_through_lifecycle:execute:executor_client::execute_commands{lifecycle_address="/mnt/azureml/cr/j/97f11b2b597e4d64a1687e71b0e60a8c/.grpc/lifecycler:0" scheduling=None debug_mode=Some(false)}: lifecycler::executor_client: close time.busy=376µs time.idle=14.5s
2025-11-16T14:56:46.494082Z ERROR run_lifecycler:run_service_and_step_through_lifecycle:step_through_lifecycle:execute: lifecycler::lifecycle: failed to execute commands exception=ExecutionFailed(ExecutionsFailures([ExecutionFailure { exit_code: 1, error_message: "Execution failed. User process 'python' exited with status code 1. Please check log file 'user_logs/std_log.txt' for error details. Error: │ ❱ 276 │   │   ConfigLoaderImpl._apply_overrides_to_config(config_overrides,  │\n│   277 │   │   app_overrides = []                                             │\n│   278 │   │   for override in parsed_overrides:                              │\n│   279 │   │   │   if override.is_hydra_override():                           │\n│                                                                              │\n│ /opt/conda/envs/ptca/lib/python3.10/site-packages/hydra/_internal/config_loa │\n│ der_impl.py:392 in _apply_overrides_to_config                                │\n│                                                                              │\n│   389 │   │   │   │   │   try:                                               │\n│   390 │   │   │   │   │   │   OmegaConf.update(cfg, key, value, merge=True)  │\n│   391 │   │   │   │   │   except (ConfigAttributeError, ConfigKeyError) as e │\n│ ❱ 392 │   │   │   │   │   │   raise ConfigCompositionException(              │\n│   393 │   │   │   │   │   │   │   f\"Could not override '{override.key_or_gro │\n│   394 │   │   │   │   │   │   │   f\"\\nTo append to your config use +{overrid │\n│   395 │   │   │   │   │   │   ) from ex                                      │\n╰──────────────────────────────────────────────────────────────────────────────╯\nConfigCompositionException: Could not override 'dataset.azure_images_path'.\nTo append to your config use \n+dataset.azure_images_path=azureml://datastores/workspaceblobstore/paths/rockmas\ns\n", process_name: "python", error_file: "user_logs/std_log.txt" }])) rank=None phase=0
2025-11-16T14:56:46.494235Z  INFO run_lifecycler:run_service_and_step_through_lifecycle:step_through_lifecycle:execute: lifecycler::lifecycle: close time.busy=808µs time.idle=14.5s
2025-11-16T14:56:46.494266Z  WARN run_lifecycler:run_service_and_step_through_lifecycle:step_through_lifecycle:end_service_capabilities:end{name="CS_CAPABILITY"}: grpc_utils::span: failed to inject span context to grpc request
2025-11-16T14:56:46.494313Z  WARN run_lifecycler:run_service_and_step_through_lifecycle:step_through_lifecycle:end_service_capabilities:end{name="HOSTTOOLS_CAPABILITY"}: grpc_utils::span: failed to inject span context to grpc request
2025-11-16T14:56:46.494342Z  WARN run_lifecycler:run_service_and_step_through_lifecycle:step_through_lifecycle:end_service_capabilities:end{name="METRICS_CAPABILITY"}: grpc_utils::span: failed to inject span context to grpc request
2025-11-16T14:56:46.494365Z  WARN run_lifecycler:run_service_and_step_through_lifecycle:step_through_lifecycle:end_service_capabilities:end{name="SNAPSHOT_CAPABILITY"}: grpc_utils::span: failed to inject span context to grpc request
2025-11-16T14:56:46.495011Z  INFO run_lifecycler:run_service_and_step_through_lifecycle:step_through_lifecycle:end_service_capabilities:end{name="METRICS_CAPABILITY"}: lifecycler::capability_client: Received success code for end cap_name=METRICS_CAPABILITY
2025-11-16T14:56:46.495100Z  INFO run_lifecycler:run_service_and_step_through_lifecycle:step_through_lifecycle:end_service_capabilities:end{name="METRICS_CAPABILITY"}: lifecycler::capability_client: close time.busy=144µs time.idle=618µs
2025-11-16T14:56:46.495165Z  INFO run_lifecycler:run_service_and_step_through_lifecycle:step_through_lifecycle:end_service_capabilities:end{name="SNAPSHOT_CAPABILITY"}: lifecycler::capability_client: Received success code for end cap_name=SNAPSHOT_CAPABILITY
2025-11-16T14:56:46.495195Z  INFO run_lifecycler:run_service_and_step_through_lifecycle:step_through_lifecycle:end_service_capabilities:end{name="SNAPSHOT_CAPABILITY"}: lifecycler::capability_client: close time.busy=107µs time.idle=727µs
